<?xml version="1.0" encoding="ISO-8859-1" ?>
<link_info>
   <banner>TMS320C2000 Linker PC v20.2.5.LTS</banner>
   <copyright>Copyright (c) 1996-2018 Texas Instruments Incorporated</copyright>
   <link_time>0x62e41b4f</link_time>
   <link_errors>0x0</link_errors>
   <output_file>empty_sysconfig_337zwt.out</output_file>
   <entry_point>
      <name>code_start</name>
      <address>0x80000</address>
   </entry_point>
   <input_file_list>
      <input_file id="fl-2">
         <path>.\</path>
         <kind>object</kind>
         <file>PLL.obj</file>
         <name>PLL.obj</name>
      </input_file>
      <input_file id="fl-3">
         <path>.\</path>
         <kind>object</kind>
         <file>SOGI.obj</file>
         <name>SOGI.obj</name>
      </input_file>
      <input_file id="fl-4">
         <path>.\syscfg\</path>
         <kind>object</kind>
         <file>board.obj</file>
         <name>board.obj</name>
      </input_file>
      <input_file id="fl-5">
         <path>.\</path>
         <kind>object</kind>
         <file>filter.obj</file>
         <name>filter.obj</name>
      </input_file>
      <input_file id="fl-6">
         <path>.\</path>
         <kind>object</kind>
         <file>main.obj</file>
         <name>main.obj</name>
      </input_file>
      <input_file id="fl-7">
         <path>.\</path>
         <kind>object</kind>
         <file>nokia_5110.obj</file>
         <name>nokia_5110.obj</name>
      </input_file>
      <input_file id="fl-8">
         <path>.\</path>
         <kind>object</kind>
         <file>pid.obj</file>
         <name>pid.obj</name>
      </input_file>
      <input_file id="fl-9">
         <path>.\</path>
         <kind>object</kind>
         <file>pr.obj</file>
         <name>pr.obj</name>
      </input_file>
      <input_file id="fl-a">
         <path>.\</path>
         <kind>object</kind>
         <file>transform.obj</file>
         <name>transform.obj</name>
      </input_file>
      <input_file id="fl-b">
         <path>.\device\</path>
         <kind>object</kind>
         <file>F2837xD_CodeStartBranch.obj</file>
         <name>F2837xD_CodeStartBranch.obj</name>
      </input_file>
      <input_file id="fl-c">
         <path>.\device\</path>
         <kind>object</kind>
         <file>device.obj</file>
         <name>device.obj</name>
      </input_file>
      <input_file id="fl-11">
         <kind>object</kind>
         <file>&lt;internal&gt;</file>
         <name>&lt;internal&gt;</name>
      </input_file>
      <input_file id="fl-15">
         <path>D:\CCS\C2000Ware_3_04_00_00_Software\driverlib\f2837xd\driverlib\ccs\Debug\</path>
         <kind>archive</kind>
         <file>driverlib_coff.lib</file>
         <name>adc.obj</name>
      </input_file>
      <input_file id="fl-16">
         <path>D:\CCS\C2000Ware_3_04_00_00_Software\driverlib\f2837xd\driverlib\ccs\Debug\</path>
         <kind>archive</kind>
         <file>driverlib_coff.lib</file>
         <name>flash.obj</name>
      </input_file>
      <input_file id="fl-17">
         <path>D:\CCS\C2000Ware_3_04_00_00_Software\driverlib\f2837xd\driverlib\ccs\Debug\</path>
         <kind>archive</kind>
         <file>driverlib_coff.lib</file>
         <name>gpio.obj</name>
      </input_file>
      <input_file id="fl-18">
         <path>D:\CCS\C2000Ware_3_04_00_00_Software\driverlib\f2837xd\driverlib\ccs\Debug\</path>
         <kind>archive</kind>
         <file>driverlib_coff.lib</file>
         <name>interrupt.obj</name>
      </input_file>
      <input_file id="fl-19">
         <path>D:\CCS\C2000Ware_3_04_00_00_Software\driverlib\f2837xd\driverlib\ccs\Debug\</path>
         <kind>archive</kind>
         <file>driverlib_coff.lib</file>
         <name>spi.obj</name>
      </input_file>
      <input_file id="fl-1a">
         <path>D:\CCS\C2000Ware_3_04_00_00_Software\driverlib\f2837xd\driverlib\ccs\Debug\</path>
         <kind>archive</kind>
         <file>driverlib_coff.lib</file>
         <name>sysctl.obj</name>
      </input_file>
      <input_file id="fl-26">
         <path>D:\CCS\ccs\tools\compiler\ti-cgt-c2000_20.2.5.LTS\lib\</path>
         <kind>archive</kind>
         <file>rts2800_fpu32.lib</file>
         <name>boot28.asm.obj</name>
      </input_file>
      <input_file id="fl-27">
         <path>D:\CCS\ccs\tools\compiler\ti-cgt-c2000_20.2.5.LTS\lib\</path>
         <kind>archive</kind>
         <file>rts2800_fpu32.lib</file>
         <name>fs_div28.asm.obj</name>
      </input_file>
      <input_file id="fl-28">
         <path>D:\CCS\ccs\tools\compiler\ti-cgt-c2000_20.2.5.LTS\lib\</path>
         <kind>archive</kind>
         <file>rts2800_fpu32.lib</file>
         <name>i_div28.asm.obj</name>
      </input_file>
      <input_file id="fl-29">
         <path>D:\CCS\ccs\tools\compiler\ti-cgt-c2000_20.2.5.LTS\lib\</path>
         <kind>archive</kind>
         <file>rts2800_fpu32.lib</file>
         <name>u_div28.asm.obj</name>
      </input_file>
      <input_file id="fl-2a">
         <path>D:\CCS\ccs\tools\compiler\ti-cgt-c2000_20.2.5.LTS\lib\</path>
         <kind>archive</kind>
         <file>rts2800_fpu32.lib</file>
         <name>cpy_tbl.c.obj</name>
      </input_file>
      <input_file id="fl-2b">
         <path>D:\CCS\ccs\tools\compiler\ti-cgt-c2000_20.2.5.LTS\lib\</path>
         <kind>archive</kind>
         <file>rts2800_fpu32.lib</file>
         <name>memcpy.c.obj</name>
      </input_file>
      <input_file id="fl-2c">
         <path>D:\CCS\ccs\tools\compiler\ti-cgt-c2000_20.2.5.LTS\lib\</path>
         <kind>archive</kind>
         <file>rts2800_fpu32.lib</file>
         <name>pre_init.c.obj</name>
      </input_file>
      <input_file id="fl-2d">
         <path>D:\CCS\ccs\tools\compiler\ti-cgt-c2000_20.2.5.LTS\lib\</path>
         <kind>archive</kind>
         <file>rts2800_fpu32.lib</file>
         <name>startup.c.obj</name>
      </input_file>
      <input_file id="fl-2e">
         <path>D:\CCS\ccs\tools\compiler\ti-cgt-c2000_20.2.5.LTS\lib\</path>
         <kind>archive</kind>
         <file>rts2800_fpu32.lib</file>
         <name>exit.c.obj</name>
      </input_file>
      <input_file id="fl-2f">
         <path>D:\CCS\ccs\tools\compiler\ti-cgt-c2000_20.2.5.LTS\lib\</path>
         <kind>archive</kind>
         <file>rts2800_fpu32.lib</file>
         <name>_lock.c.obj</name>
      </input_file>
      <input_file id="fl-30">
         <path>D:\CCS\ccs\tools\compiler\ti-cgt-c2000_20.2.5.LTS\lib\</path>
         <kind>archive</kind>
         <file>rts2800_fpu32.lib</file>
         <name>args_main.c.obj</name>
      </input_file>
   </input_file_list>
   <object_component_list>
      <object_component id="oc-3a">
         <name>.cinit</name>
         <load_address>0xbe000</load_address>
         <run_address>0xbe000</run_address>
         <size>0x148</size>
         <input_file_ref idref="fl-6"/>
      </object_component>
      <object_component id="oc-ce">
         <name>.cinit:_arccos_lookuptable</name>
         <load_address>0xbe148</load_address>
         <run_address>0xbe148</run_address>
         <size>0xf5</size>
         <input_file_ref idref="fl-6"/>
      </object_component>
      <object_component id="oc-c6">
         <name>.cinit:_SOS_BandPass</name>
         <load_address>0xbe23d</load_address>
         <run_address>0xbe23d</run_address>
         <size>0xf</size>
         <input_file_ref idref="fl-6"/>
      </object_component>
      <object_component id="oc-cb">
         <name>.cinit:_SOS_PLL</name>
         <load_address>0xbe24c</load_address>
         <run_address>0xbe24c</run_address>
         <size>0xf</size>
         <input_file_ref idref="fl-6"/>
      </object_component>
      <object_component id="oc-d3">
         <name>.cinit:_SOS_PR3</name>
         <load_address>0xbe25b</load_address>
         <run_address>0xbe25b</run_address>
         <size>0xf</size>
         <input_file_ref idref="fl-6"/>
      </object_component>
      <object_component id="oc-d5">
         <name>.cinit:_SOS_PR5</name>
         <load_address>0xbe26a</load_address>
         <run_address>0xbe26a</run_address>
         <size>0xf</size>
         <input_file_ref idref="fl-6"/>
      </object_component>
      <object_component id="oc-d0">
         <name>.cinit:_SOS_PR</name>
         <load_address>0xbe279</load_address>
         <run_address>0xbe279</run_address>
         <size>0xf</size>
         <input_file_ref idref="fl-6"/>
      </object_component>
      <object_component id="oc-c9">
         <name>.cinit:_SOS_lowPass</name>
         <load_address>0xbe288</load_address>
         <run_address>0xbe288</run_address>
         <size>0xf</size>
         <input_file_ref idref="fl-6"/>
      </object_component>
      <object_component id="oc-5d">
         <name>.cinit</name>
         <load_address>0xbe297</load_address>
         <run_address>0xbe297</run_address>
         <size>0xf</size>
         <input_file_ref idref="fl-c"/>
      </object_component>
      <object_component id="oc-b4">
         <name>.cinit</name>
         <load_address>0xbe2a6</load_address>
         <run_address>0xbe2a6</run_address>
         <size>0xe</size>
         <input_file_ref idref="fl-2e"/>
      </object_component>
      <object_component id="oc-24">
         <name>.cinit</name>
         <load_address>0xbe2b4</load_address>
         <run_address>0xbe2b4</run_address>
         <size>0xa</size>
         <input_file_ref idref="fl-2"/>
      </object_component>
      <object_component id="oc-e9">
         <name>.cinit:__lock</name>
         <load_address>0xbe2be</load_address>
         <run_address>0xbe2be</run_address>
         <size>0x5</size>
         <input_file_ref idref="fl-2f"/>
      </object_component>
      <object_component id="oc-fd">
         <name>.cinit:__unlock</name>
         <load_address>0xbe2c3</load_address>
         <run_address>0xbe2c3</run_address>
         <size>0x5</size>
         <input_file_ref idref="fl-2f"/>
      </object_component>
      <object_component id="oc-c4">
         <name>.text</name>
         <load_address>0x82000</load_address>
         <run_address>0x82000</run_address>
         <size>0xa56</size>
         <input_file_ref idref="fl-6"/>
      </object_component>
      <object_component id="oc-3c">
         <name>.text:retain</name>
         <load_address>0x82a56</load_address>
         <run_address>0x82a56</run_address>
         <size>0x460</size>
         <input_file_ref idref="fl-6"/>
      </object_component>
      <object_component id="oc-df">
         <name>.text</name>
         <load_address>0x82eb6</load_address>
         <run_address>0x82eb6</run_address>
         <size>0x453</size>
         <input_file_ref idref="fl-7"/>
      </object_component>
      <object_component id="oc-dc">
         <name>.text</name>
         <load_address>0x83309</load_address>
         <run_address>0x83309</run_address>
         <size>0x403</size>
         <input_file_ref idref="fl-c"/>
      </object_component>
      <object_component id="oc-ec">
         <name>.text:_SysCtl_setClock</name>
         <load_address>0x8370c</load_address>
         <run_address>0x8370c</run_address>
         <size>0x215</size>
         <input_file_ref idref="fl-1a"/>
      </object_component>
      <object_component id="oc-c7">
         <name>.text</name>
         <load_address>0x83921</load_address>
         <run_address>0x83921</run_address>
         <size>0x1ac</size>
         <input_file_ref idref="fl-5"/>
      </object_component>
      <object_component id="oc-e6">
         <name>.text</name>
         <load_address>0x83acd</load_address>
         <run_address>0x83acd</run_address>
         <size>0x156</size>
         <input_file_ref idref="fl-a"/>
      </object_component>
      <object_component id="oc-d1">
         <name>.text</name>
         <load_address>0x83c23</load_address>
         <run_address>0x83c23</run_address>
         <size>0xe3</size>
         <input_file_ref idref="fl-9"/>
      </object_component>
      <object_component id="oc-e4">
         <name>.text:_ADC_setMode</name>
         <load_address>0x83d06</load_address>
         <run_address>0x83d06</run_address>
         <size>0xbd</size>
         <input_file_ref idref="fl-15"/>
      </object_component>
      <object_component id="oc-cc">
         <name>.text</name>
         <load_address>0x83dc3</load_address>
         <run_address>0x83dc3</run_address>
         <size>0x92</size>
         <input_file_ref idref="fl-2"/>
      </object_component>
      <object_component id="oc-e5">
         <name>.text</name>
         <load_address>0x83e55</load_address>
         <run_address>0x83e55</run_address>
         <size>0x91</size>
         <input_file_ref idref="fl-3"/>
      </object_component>
      <object_component id="oc-90">
         <name>.text</name>
         <load_address>0x83ee6</load_address>
         <run_address>0x83ee6</run_address>
         <size>0x88</size>
         <input_file_ref idref="fl-27"/>
      </object_component>
      <object_component id="oc-10e">
         <name>.text:_SysCtl_selectXTAL</name>
         <load_address>0x83f6e</load_address>
         <run_address>0x83f6e</run_address>
         <size>0x6f</size>
         <input_file_ref idref="fl-1a"/>
      </object_component>
      <object_component id="oc-95">
         <name>.text</name>
         <load_address>0x83fdd</load_address>
         <run_address>0x83fdd</run_address>
         <size>0x22</size>
         <input_file_ref idref="fl-28"/>
      </object_component>
      <object_component id="oc-d9">
         <name>.text</name>
         <load_address>0x83fff</load_address>
         <run_address>0x83fff</run_address>
         <size>0x1</size>
         <input_file_ref idref="fl-2d"/>
      </object_component>
      <object_component id="oc-eb">
         <name>.text:_SysCtl_getDeviceParametric</name>
         <load_address>0x84000</load_address>
         <run_address>0x84000</run_address>
         <size>0x68</size>
         <input_file_ref idref="fl-1a"/>
      </object_component>
      <object_component id="oc-d6">
         <name>.text</name>
         <load_address>0x84068</load_address>
         <run_address>0x84068</run_address>
         <size>0x65</size>
         <input_file_ref idref="fl-8"/>
      </object_component>
      <object_component id="oc-f5">
         <name>.text:_SPI_setConfig</name>
         <load_address>0x840cd</load_address>
         <run_address>0x840cd</run_address>
         <size>0x5c</size>
         <input_file_ref idref="fl-19"/>
      </object_component>
      <object_component id="oc-89">
         <name>.text</name>
         <load_address>0x84129</load_address>
         <run_address>0x84129</run_address>
         <size>0x56</size>
         <input_file_ref idref="fl-26"/>
      </object_component>
      <object_component id="oc-10a">
         <name>.text:_SysCtl_selectOscSource</name>
         <load_address>0x8417f</load_address>
         <run_address>0x8417f</run_address>
         <size>0x54</size>
         <input_file_ref idref="fl-1a"/>
      </object_component>
      <object_component id="oc-e2">
         <name>.text:_GPIO_setPadConfig</name>
         <load_address>0x841d3</load_address>
         <run_address>0x841d3</run_address>
         <size>0x52</size>
         <input_file_ref idref="fl-17"/>
      </object_component>
      <object_component id="oc-ed">
         <name>.text:_SysCtl_getClock</name>
         <load_address>0x84225</load_address>
         <run_address>0x84225</run_address>
         <size>0x51</size>
         <input_file_ref idref="fl-1a"/>
      </object_component>
      <object_component id="oc-dd">
         <name>.text:_Interrupt_initModule</name>
         <load_address>0x84276</load_address>
         <run_address>0x84276</run_address>
         <size>0x3d</size>
         <input_file_ref idref="fl-18"/>
      </object_component>
      <object_component id="oc-f0">
         <name>.text:_GPIO_setMasterCore</name>
         <load_address>0x842b3</load_address>
         <run_address>0x842b3</run_address>
         <size>0x38</size>
         <input_file_ref idref="fl-17"/>
      </object_component>
      <object_component id="oc-ef">
         <name>.text:_GPIO_setQualificationMode</name>
         <load_address>0x842eb</load_address>
         <run_address>0x842eb</run_address>
         <size>0x38</size>
         <input_file_ref idref="fl-17"/>
      </object_component>
      <object_component id="oc-e1">
         <name>.text:_GPIO_setPinConfig</name>
         <load_address>0x84323</load_address>
         <run_address>0x84323</run_address>
         <size>0x37</size>
         <input_file_ref idref="fl-17"/>
      </object_component>
      <object_component id="oc-e0">
         <name>.text:_Interrupt_enable</name>
         <load_address>0x8435a</load_address>
         <run_address>0x8435a</run_address>
         <size>0x34</size>
         <input_file_ref idref="fl-18"/>
      </object_component>
      <object_component id="oc-f6">
         <name>.text:_SPI_setBaudRate</name>
         <load_address>0x8438e</load_address>
         <run_address>0x8438e</run_address>
         <size>0x33</size>
         <input_file_ref idref="fl-19"/>
      </object_component>
      <object_component id="oc-e3">
         <name>.text:_GPIO_setDirectionMode</name>
         <load_address>0x843c1</load_address>
         <run_address>0x843c1</run_address>
         <size>0x31</size>
         <input_file_ref idref="fl-17"/>
      </object_component>
      <object_component id="oc-db">
         <name>.text</name>
         <load_address>0x843f2</load_address>
         <run_address>0x843f2</run_address>
         <size>0x29</size>
         <input_file_ref idref="fl-2e"/>
      </object_component>
      <object_component id="oc-100">
         <name>.text:_Flash_setBankPowerUpDelay</name>
         <load_address>0x8441b</load_address>
         <run_address>0x8441b</run_address>
         <size>0x28</size>
         <input_file_ref idref="fl-16"/>
      </object_component>
      <object_component id="oc-112">
         <name>.text:_CPUTimer_selectClockSource</name>
         <load_address>0x84443</load_address>
         <run_address>0x84443</run_address>
         <size>0x24</size>
         <input_file_ref idref="fl-1a"/>
      </object_component>
      <object_component id="oc-d8">
         <name>.text</name>
         <load_address>0x84467</load_address>
         <run_address>0x84467</run_address>
         <size>0x24</size>
         <input_file_ref idref="fl-2a"/>
      </object_component>
      <object_component id="oc-118">
         <name>.text:_CPUTimer_getTimerOverflowStatus</name>
         <load_address>0x8448b</load_address>
         <run_address>0x8448b</run_address>
         <size>0x20</size>
         <input_file_ref idref="fl-1a"/>
      </object_component>
      <object_component id="oc-de">
         <name>.text:_Interrupt_initVectorTable</name>
         <load_address>0x844ab</load_address>
         <run_address>0x844ab</run_address>
         <size>0x20</size>
         <input_file_ref idref="fl-18"/>
      </object_component>
      <object_component id="oc-fb">
         <name>.text:_ADC_isBaseValid</name>
         <load_address>0x844cb</load_address>
         <run_address>0x844cb</run_address>
         <size>0x1f</size>
         <input_file_ref idref="fl-15"/>
      </object_component>
      <object_component id="oc-e7">
         <name>.text</name>
         <load_address>0x844ea</load_address>
         <run_address>0x844ea</run_address>
         <size>0x1d</size>
         <input_file_ref idref="fl-2b"/>
      </object_component>
      <object_component id="oc-117">
         <name>.text:_CPUTimer_isBaseValid</name>
         <load_address>0x84507</load_address>
         <run_address>0x84507</run_address>
         <size>0x1a</size>
         <input_file_ref idref="fl-1a"/>
      </object_component>
      <object_component id="oc-10c">
         <name>.text:_SPI_isBaseValid</name>
         <load_address>0x84521</load_address>
         <run_address>0x84521</run_address>
         <size>0x1a</size>
         <input_file_ref idref="fl-19"/>
      </object_component>
      <object_component id="oc-ee">
         <name>.text:_SysCtl_getLowSpeedClock</name>
         <load_address>0x8453b</load_address>
         <run_address>0x8453b</run_address>
         <size>0x1a</size>
         <input_file_ref idref="fl-1a"/>
      </object_component>
      <object_component id="oc-114">
         <name>.text:_CPUTimer_startTimer</name>
         <load_address>0x84555</load_address>
         <run_address>0x84555</run_address>
         <size>0x19</size>
         <input_file_ref idref="fl-1a"/>
      </object_component>
      <object_component id="oc-115">
         <name>.text:_SysCtl_pollCpuTimer</name>
         <load_address>0x8456e</load_address>
         <run_address>0x8456e</run_address>
         <size>0x19</size>
         <input_file_ref idref="fl-1a"/>
      </object_component>
      <object_component id="oc-113">
         <name>.text:_CPUTimer_clearOverflowFlag</name>
         <load_address>0x84587</load_address>
         <run_address>0x84587</run_address>
         <size>0x12</size>
         <input_file_ref idref="fl-1a"/>
      </object_component>
      <object_component id="oc-10f">
         <name>.text:_CPUTimer_disableInterrupt</name>
         <load_address>0x84599</load_address>
         <run_address>0x84599</run_address>
         <size>0x12</size>
         <input_file_ref idref="fl-1a"/>
      </object_component>
      <object_component id="oc-111">
         <name>.text:_CPUTimer_setPeriod</name>
         <load_address>0x845ab</load_address>
         <run_address>0x845ab</run_address>
         <size>0x12</size>
         <input_file_ref idref="fl-1a"/>
      </object_component>
      <object_component id="oc-110">
         <name>.text:_CPUTimer_stopTimer</name>
         <load_address>0x845bd</load_address>
         <run_address>0x845bd</run_address>
         <size>0x12</size>
         <input_file_ref idref="fl-1a"/>
      </object_component>
      <object_component id="oc-da">
         <name>.text</name>
         <load_address>0x845cf</load_address>
         <run_address>0x845cf</run_address>
         <size>0x12</size>
         <input_file_ref idref="fl-30"/>
      </object_component>
      <object_component id="oc-fe">
         <name>.text:_Flash_isCtrlBaseValid</name>
         <load_address>0x845e1</load_address>
         <run_address>0x845e1</run_address>
         <size>0x10</size>
         <input_file_ref idref="fl-16"/>
      </object_component>
      <object_component id="oc-ff">
         <name>.text:_Flash_isECCBaseValid</name>
         <load_address>0x845f1</load_address>
         <run_address>0x845f1</run_address>
         <size>0x10</size>
         <input_file_ref idref="fl-16"/>
      </object_component>
      <object_component id="oc-fa">
         <name>.text:_GPIO_isPinValid</name>
         <load_address>0x84601</load_address>
         <run_address>0x84601</run_address>
         <size>0xe</size>
         <input_file_ref idref="fl-17"/>
      </object_component>
      <object_component id="oc-f2">
         <name>.text:_Interrupt_defaultHandler</name>
         <load_address>0x8460f</load_address>
         <run_address>0x8460f</run_address>
         <size>0xe</size>
         <input_file_ref idref="fl-18"/>
      </object_component>
      <object_component id="oc-f1">
         <name>.text:_Interrupt_disableMaster</name>
         <load_address>0x8461d</load_address>
         <run_address>0x8461d</run_address>
         <size>0xd</size>
         <input_file_ref idref="fl-18"/>
      </object_component>
      <object_component id="oc-f9">
         <name>.text:_Interrupt_enableMaster</name>
         <load_address>0x8462a</load_address>
         <run_address>0x8462a</run_address>
         <size>0xd</size>
         <input_file_ref idref="fl-18"/>
      </object_component>
      <object_component id="oc-109">
         <name>.text:_SysCtl_isMCDClockFailureDetected</name>
         <load_address>0x84637</load_address>
         <run_address>0x84637</run_address>
         <size>0xb</size>
         <input_file_ref idref="fl-1a"/>
      </object_component>
      <object_component id="oc-9a">
         <name>.text</name>
         <load_address>0x84642</load_address>
         <run_address>0x84642</run_address>
         <size>0xb</size>
         <input_file_ref idref="fl-29"/>
      </object_component>
      <object_component id="oc-10b">
         <name>.text:_SysCtl_serviceWatchdog</name>
         <load_address>0x8464d</load_address>
         <run_address>0x8464d</run_address>
         <size>0x9</size>
         <input_file_ref idref="fl-1a"/>
      </object_component>
      <object_component id="oc-fc">
         <name>.text</name>
         <load_address>0x84656</load_address>
         <run_address>0x84656</run_address>
         <size>0x9</size>
         <input_file_ref idref="fl-2f"/>
      </object_component>
      <object_component id="oc-57">
         <name>.text</name>
         <load_address>0x8465f</load_address>
         <run_address>0x8465f</run_address>
         <size>0x8</size>
         <input_file_ref idref="fl-b"/>
      </object_component>
      <object_component id="oc-116">
         <name>.text:_SysCtl_resetMCD</name>
         <load_address>0x84667</load_address>
         <run_address>0x84667</run_address>
         <size>0x7</size>
         <input_file_ref idref="fl-1a"/>
      </object_component>
      <object_component id="oc-f4">
         <name>.text:_Interrupt_illegalOperationHandler</name>
         <load_address>0x8466e</load_address>
         <run_address>0x8466e</run_address>
         <size>0x2</size>
         <input_file_ref idref="fl-18"/>
      </object_component>
      <object_component id="oc-f3">
         <name>.text:_Interrupt_nmiHandler</name>
         <load_address>0x84670</load_address>
         <run_address>0x84670</run_address>
         <size>0x2</size>
         <input_file_ref idref="fl-18"/>
      </object_component>
      <object_component id="oc-d7">
         <name>.text</name>
         <load_address>0x84672</load_address>
         <run_address>0x84672</run_address>
         <size>0x2</size>
         <input_file_ref idref="fl-2c"/>
      </object_component>
      <object_component id="oc-22">
         <name>codestart</name>
         <load_address>0x80000</load_address>
         <run_address>0x80000</run_address>
         <size>0x2</size>
         <input_file_ref idref="fl-b"/>
      </object_component>
      <object_component id="oc-8a">
         <name>.stack</name>
         <uninitialized>true</uninitialized>
         <run_address>0x400</run_address>
         <size>0x0</size>
         <input_file_ref idref="fl-26"/>
      </object_component>
      <object_component id="oc-142">
         <name>.stack</name>
         <uninitialized>true</uninitialized>
         <run_address>0x400</run_address>
         <size>0x0</size>
      </object_component>
      <object_component id="oc-8b">
         <name>.reset</name>
         <load_address>0x3fffc0</load_address>
         <run_address>0x3fffc0</run_address>
         <size>0x2</size>
         <input_file_ref idref="fl-26"/>
      </object_component>
      <object_component id="oc-cd">
         <name>.ebss:_arccos_lookuptable</name>
         <uninitialized>true</uninitialized>
         <run_address>0xa800</run_address>
         <size>0xf2</size>
         <input_file_ref idref="fl-6"/>
      </object_component>
      <object_component id="oc-c5">
         <name>.ebss:_SOS_BandPass</name>
         <uninitialized>true</uninitialized>
         <run_address>0xa8f2</run_address>
         <size>0xc</size>
         <input_file_ref idref="fl-6"/>
      </object_component>
      <object_component id="oc-e8">
         <name>.ebss:__lock</name>
         <uninitialized>true</uninitialized>
         <run_address>0xa8fe</run_address>
         <size>0x2</size>
         <input_file_ref idref="fl-2f"/>
      </object_component>
      <object_component id="oc-3b">
         <name>.ebss</name>
         <uninitialized>true</uninitialized>
         <run_address>0xa900</run_address>
         <size>0xb4</size>
         <input_file_ref idref="fl-6"/>
      </object_component>
      <object_component id="oc-ca">
         <name>.ebss:_SOS_PLL</name>
         <uninitialized>true</uninitialized>
         <run_address>0xa9b4</run_address>
         <size>0xc</size>
         <input_file_ref idref="fl-6"/>
      </object_component>
      <object_component id="oc-d2">
         <name>.ebss:_SOS_PR3</name>
         <uninitialized>true</uninitialized>
         <run_address>0xa9c0</run_address>
         <size>0xc</size>
         <input_file_ref idref="fl-6"/>
      </object_component>
      <object_component id="oc-d4">
         <name>.ebss:_SOS_PR5</name>
         <uninitialized>true</uninitialized>
         <run_address>0xa9cc</run_address>
         <size>0xc</size>
         <input_file_ref idref="fl-6"/>
      </object_component>
      <object_component id="oc-cf">
         <name>.ebss:_SOS_PR</name>
         <uninitialized>true</uninitialized>
         <run_address>0xa9d8</run_address>
         <size>0xc</size>
         <input_file_ref idref="fl-6"/>
      </object_component>
      <object_component id="oc-c8">
         <name>.ebss:_SOS_lowPass</name>
         <uninitialized>true</uninitialized>
         <run_address>0xa9e4</run_address>
         <size>0xc</size>
         <input_file_ref idref="fl-6"/>
      </object_component>
      <object_component id="oc-5e">
         <name>.ebss</name>
         <uninitialized>true</uninitialized>
         <run_address>0xa9f0</run_address>
         <size>0x6</size>
         <input_file_ref idref="fl-c"/>
      </object_component>
      <object_component id="oc-b5">
         <name>.ebss</name>
         <uninitialized>true</uninitialized>
         <run_address>0xa9f6</run_address>
         <size>0x6</size>
         <input_file_ref idref="fl-2e"/>
      </object_component>
      <object_component id="oc-25">
         <name>.ebss</name>
         <uninitialized>true</uninitialized>
         <run_address>0xa9fc</run_address>
         <size>0x4</size>
         <input_file_ref idref="fl-2"/>
      </object_component>
      <object_component id="oc-10d">
         <name>.ebss:__unlock</name>
         <uninitialized>true</uninitialized>
         <run_address>0xaa00</run_address>
         <size>0x2</size>
         <input_file_ref idref="fl-2f"/>
      </object_component>
      <object_component id="oc-f8">
         <name>.econst:_write_chinese</name>
         <load_address>0x90000</load_address>
         <run_address>0x90000</run_address>
         <size>0x2d0</size>
         <input_file_ref idref="fl-7"/>
      </object_component>
      <object_component id="oc-f7">
         <name>.econst:_font6x8</name>
         <load_address>0x902d0</load_address>
         <run_address>0x902d0</run_address>
         <size>0x228</size>
         <input_file_ref idref="fl-7"/>
      </object_component>
      <object_component id="oc-3d">
         <name>.econst:.string</name>
         <load_address>0x904f8</load_address>
         <run_address>0x904f8</run_address>
         <size>0x12a</size>
         <input_file_ref idref="fl-6"/>
      </object_component>
      <object_component id="oc-84">
         <name>.econst:.string</name>
         <load_address>0x90622</load_address>
         <run_address>0x90622</run_address>
         <size>0xf5</size>
         <input_file_ref idref="fl-1a"/>
      </object_component>
      <object_component id="oc-6b">
         <name>.econst:.string</name>
         <load_address>0x90718</load_address>
         <run_address>0x90718</run_address>
         <size>0xf0</size>
         <input_file_ref idref="fl-16"/>
      </object_component>
      <object_component id="oc-71">
         <name>.econst:.string</name>
         <load_address>0x90808</load_address>
         <run_address>0x90808</run_address>
         <size>0xef</size>
         <input_file_ref idref="fl-17"/>
      </object_component>
      <object_component id="oc-43">
         <name>.econst:.string</name>
         <load_address>0x908f8</load_address>
         <run_address>0x908f8</run_address>
         <size>0x8f</size>
         <input_file_ref idref="fl-7"/>
      </object_component>
      <object_component id="oc-77">
         <name>.econst:.string</name>
         <load_address>0x90988</load_address>
         <run_address>0x90988</run_address>
         <size>0x7c</size>
         <input_file_ref idref="fl-18"/>
      </object_component>
      <object_component id="oc-65">
         <name>.econst:.string</name>
         <load_address>0x90a04</load_address>
         <run_address>0x90a04</run_address>
         <size>0x76</size>
         <input_file_ref idref="fl-15"/>
      </object_component>
      <object_component id="oc-7d">
         <name>.econst:.string</name>
         <load_address>0x90a7a</load_address>
         <run_address>0x90a7a</run_address>
         <size>0x76</size>
         <input_file_ref idref="fl-19"/>
      </object_component>
      <object_component id="oc-5f">
         <name>.econst:.string</name>
         <load_address>0x90af0</load_address>
         <run_address>0x90af0</run_address>
         <size>0x13</size>
         <input_file_ref idref="fl-c"/>
      </object_component>
      <object_component id="oc-ea">
         <name>.TI.ramfunc:_Flash_initModule</name>
         <load_address>0x86000</load_address>
         <run_address>0x8000</run_address>
         <size>0x43</size>
         <input_file_ref idref="fl-16"/>
      </object_component>
      <object_component id="oc-101">
         <name>.TI.ramfunc:_Flash_setBankPowerMode</name>
         <load_address>0x86043</load_address>
         <run_address>0x8043</run_address>
         <size>0x2d</size>
         <input_file_ref idref="fl-16"/>
      </object_component>
      <object_component id="oc-105">
         <name>.TI.ramfunc:_Flash_setWaitstates</name>
         <load_address>0x86070</load_address>
         <run_address>0x8070</run_address>
         <size>0x26</size>
         <input_file_ref idref="fl-16"/>
      </object_component>
      <object_component id="oc-102">
         <name>.TI.ramfunc:_Flash_setPumpPowerMode</name>
         <load_address>0x86096</load_address>
         <run_address>0x8096</run_address>
         <size>0x1e</size>
         <input_file_ref idref="fl-16"/>
      </object_component>
      <object_component id="oc-103">
         <name>.TI.ramfunc:_Flash_disableCache</name>
         <load_address>0x860b4</load_address>
         <run_address>0x80b4</run_address>
         <size>0x1a</size>
         <input_file_ref idref="fl-16"/>
      </object_component>
      <object_component id="oc-104">
         <name>.TI.ramfunc:_Flash_disablePrefetch</name>
         <load_address>0x860ce</load_address>
         <run_address>0x80ce</run_address>
         <size>0x1a</size>
         <input_file_ref idref="fl-16"/>
      </object_component>
      <object_component id="oc-106">
         <name>.TI.ramfunc:_Flash_enableCache</name>
         <load_address>0x860e8</load_address>
         <run_address>0x80e8</run_address>
         <size>0x19</size>
         <input_file_ref idref="fl-16"/>
      </object_component>
      <object_component id="oc-107">
         <name>.TI.ramfunc:_Flash_enablePrefetch</name>
         <load_address>0x86101</load_address>
         <run_address>0x8101</run_address>
         <size>0x19</size>
         <input_file_ref idref="fl-16"/>
      </object_component>
      <object_component id="oc-108">
         <name>.TI.ramfunc:_Flash_enableECC</name>
         <load_address>0x8611a</load_address>
         <run_address>0x811a</run_address>
         <size>0x17</size>
         <input_file_ref idref="fl-16"/>
      </object_component>
      <object_component id="oc-83">
         <name>.TI.ramfunc</name>
         <load_address>0x86131</load_address>
         <run_address>0x8131</run_address>
         <size>0x4</size>
         <input_file_ref idref="fl-1a"/>
      </object_component>
      <object_component id="oc-23">
         <name>.debug_info</name>
         <load_address>0x0</load_address>
         <run_address>0x0</run_address>
         <size>0x8a2</size>
         <input_file_ref idref="fl-2"/>
      </object_component>
      <object_component id="oc-2a">
         <name>.debug_info</name>
         <load_address>0x8a2</load_address>
         <run_address>0x8a2</run_address>
         <size>0x539</size>
         <input_file_ref idref="fl-3"/>
      </object_component>
      <object_component id="oc-2f">
         <name>.debug_info</name>
         <load_address>0xddb</load_address>
         <run_address>0xddb</run_address>
         <size>0x35c</size>
         <input_file_ref idref="fl-4"/>
      </object_component>
      <object_component id="oc-34">
         <name>.debug_info</name>
         <load_address>0x1137</load_address>
         <run_address>0x1137</run_address>
         <size>0x92a</size>
         <input_file_ref idref="fl-5"/>
      </object_component>
      <object_component id="oc-39">
         <name>.debug_info</name>
         <load_address>0x1a61</load_address>
         <run_address>0x1a61</run_address>
         <size>0x8148</size>
         <input_file_ref idref="fl-6"/>
      </object_component>
      <object_component id="oc-42">
         <name>.debug_info</name>
         <load_address>0x9ba9</load_address>
         <run_address>0x9ba9</run_address>
         <size>0x29a5</size>
         <input_file_ref idref="fl-7"/>
      </object_component>
      <object_component id="oc-48">
         <name>.debug_info</name>
         <load_address>0xc54e</load_address>
         <run_address>0xc54e</run_address>
         <size>0x549</size>
         <input_file_ref idref="fl-8"/>
      </object_component>
      <object_component id="oc-4d">
         <name>.debug_info</name>
         <load_address>0xca97</load_address>
         <run_address>0xca97</run_address>
         <size>0x5e0</size>
         <input_file_ref idref="fl-9"/>
      </object_component>
      <object_component id="oc-52">
         <name>.debug_info</name>
         <load_address>0xd077</load_address>
         <run_address>0xd077</run_address>
         <size>0x853</size>
         <input_file_ref idref="fl-a"/>
      </object_component>
      <object_component id="oc-59">
         <name>.debug_info</name>
         <load_address>0xd8ca</load_address>
         <run_address>0xd8ca</run_address>
         <size>0x164</size>
         <input_file_ref idref="fl-b"/>
      </object_component>
      <object_component id="oc-5c">
         <name>.debug_info</name>
         <load_address>0xda2e</load_address>
         <run_address>0xda2e</run_address>
         <size>0x32fa</size>
         <input_file_ref idref="fl-c"/>
      </object_component>
      <object_component id="oc-64">
         <name>.debug_info</name>
         <load_address>0x10d28</load_address>
         <run_address>0x10d28</run_address>
         <size>0x91b</size>
         <input_file_ref idref="fl-15"/>
      </object_component>
      <object_component id="oc-6a">
         <name>.debug_info</name>
         <load_address>0x11643</load_address>
         <run_address>0x11643</run_address>
         <size>0x1a9e</size>
         <input_file_ref idref="fl-16"/>
      </object_component>
      <object_component id="oc-70">
         <name>.debug_info</name>
         <load_address>0x130e1</load_address>
         <run_address>0x130e1</run_address>
         <size>0x1218</size>
         <input_file_ref idref="fl-17"/>
      </object_component>
      <object_component id="oc-76">
         <name>.debug_info</name>
         <load_address>0x142f9</load_address>
         <run_address>0x142f9</run_address>
         <size>0xfcc</size>
         <input_file_ref idref="fl-18"/>
      </object_component>
      <object_component id="oc-7c">
         <name>.debug_info</name>
         <load_address>0x152c5</load_address>
         <run_address>0x152c5</run_address>
         <size>0xad5</size>
         <input_file_ref idref="fl-19"/>
      </object_component>
      <object_component id="oc-82">
         <name>.debug_info</name>
         <load_address>0x15d9a</load_address>
         <run_address>0x15d9a</run_address>
         <size>0x279e</size>
         <input_file_ref idref="fl-1a"/>
      </object_component>
      <object_component id="oc-8c">
         <name>.debug_info</name>
         <load_address>0x18538</load_address>
         <run_address>0x18538</run_address>
         <size>0x173</size>
         <input_file_ref idref="fl-26"/>
      </object_component>
      <object_component id="oc-91">
         <name>.debug_info</name>
         <load_address>0x186ab</load_address>
         <run_address>0x186ab</run_address>
         <size>0x114</size>
         <input_file_ref idref="fl-27"/>
      </object_component>
      <object_component id="oc-96">
         <name>.debug_info</name>
         <load_address>0x187bf</load_address>
         <run_address>0x187bf</run_address>
         <size>0x141</size>
         <input_file_ref idref="fl-28"/>
      </object_component>
      <object_component id="oc-9b">
         <name>.debug_info</name>
         <load_address>0x18900</load_address>
         <run_address>0x18900</run_address>
         <size>0x141</size>
         <input_file_ref idref="fl-29"/>
      </object_component>
      <object_component id="oc-9f">
         <name>.debug_info</name>
         <load_address>0x18a41</load_address>
         <run_address>0x18a41</run_address>
         <size>0x561</size>
         <input_file_ref idref="fl-2a"/>
      </object_component>
      <object_component id="oc-a4">
         <name>.debug_info</name>
         <load_address>0x18fa2</load_address>
         <run_address>0x18fa2</run_address>
         <size>0x43a</size>
         <input_file_ref idref="fl-2b"/>
      </object_component>
      <object_component id="oc-a9">
         <name>.debug_info</name>
         <load_address>0x193dc</load_address>
         <run_address>0x193dc</run_address>
         <size>0x3ad</size>
         <input_file_ref idref="fl-2c"/>
      </object_component>
      <object_component id="oc-ae">
         <name>.debug_info</name>
         <load_address>0x19789</load_address>
         <run_address>0x19789</run_address>
         <size>0x3aa</size>
         <input_file_ref idref="fl-2d"/>
      </object_component>
      <object_component id="oc-b3">
         <name>.debug_info</name>
         <load_address>0x19b33</load_address>
         <run_address>0x19b33</run_address>
         <size>0x544</size>
         <input_file_ref idref="fl-2e"/>
      </object_component>
      <object_component id="oc-ba">
         <name>.debug_info</name>
         <load_address>0x1a077</load_address>
         <run_address>0x1a077</run_address>
         <size>0x4cc</size>
         <input_file_ref idref="fl-2f"/>
      </object_component>
      <object_component id="oc-bf">
         <name>.debug_info</name>
         <load_address>0x1a543</load_address>
         <run_address>0x1a543</run_address>
         <size>0x467</size>
         <input_file_ref idref="fl-30"/>
      </object_component>
      <object_component id="oc-147">
         <name>.debug_info</name>
         <load_address>0x1a9aa</load_address>
         <run_address>0x1a9aa</run_address>
         <size>0xd3</size>
      </object_component>
      <object_component id="oc-26">
         <name>.debug_frame</name>
         <load_address>0x0</load_address>
         <run_address>0x0</run_address>
         <size>0x60</size>
         <input_file_ref idref="fl-2"/>
      </object_component>
      <object_component id="oc-2b">
         <name>.debug_frame</name>
         <load_address>0x60</load_address>
         <run_address>0x60</run_address>
         <size>0x6c</size>
         <input_file_ref idref="fl-3"/>
      </object_component>
      <object_component id="oc-30">
         <name>.debug_frame</name>
         <load_address>0xcc</load_address>
         <run_address>0xcc</run_address>
         <size>0x28</size>
         <input_file_ref idref="fl-4"/>
      </object_component>
      <object_component id="oc-35">
         <name>.debug_frame</name>
         <load_address>0xf4</load_address>
         <run_address>0xf4</run_address>
         <size>0x114</size>
         <input_file_ref idref="fl-5"/>
      </object_component>
      <object_component id="oc-3e">
         <name>.debug_frame</name>
         <load_address>0x208</load_address>
         <run_address>0x208</run_address>
         <size>0x6a4</size>
         <input_file_ref idref="fl-6"/>
      </object_component>
      <object_component id="oc-44">
         <name>.debug_frame</name>
         <load_address>0x8ac</load_address>
         <run_address>0x8ac</run_address>
         <size>0x388</size>
         <input_file_ref idref="fl-7"/>
      </object_component>
      <object_component id="oc-49">
         <name>.debug_frame</name>
         <load_address>0xc34</load_address>
         <run_address>0xc34</run_address>
         <size>0x50</size>
         <input_file_ref idref="fl-8"/>
      </object_component>
      <object_component id="oc-4e">
         <name>.debug_frame</name>
         <load_address>0xc84</load_address>
         <run_address>0xc84</run_address>
         <size>0x78</size>
         <input_file_ref idref="fl-9"/>
      </object_component>
      <object_component id="oc-53">
         <name>.debug_frame</name>
         <load_address>0xcfc</load_address>
         <run_address>0xcfc</run_address>
         <size>0xb4</size>
         <input_file_ref idref="fl-a"/>
      </object_component>
      <object_component id="oc-60">
         <name>.debug_frame</name>
         <load_address>0xdb0</load_address>
         <run_address>0xdb0</run_address>
         <size>0x21c</size>
         <input_file_ref idref="fl-c"/>
      </object_component>
      <object_component id="oc-66">
         <name>.debug_frame</name>
         <load_address>0xfcc</load_address>
         <run_address>0xfcc</run_address>
         <size>0x60</size>
         <input_file_ref idref="fl-15"/>
      </object_component>
      <object_component id="oc-6c">
         <name>.debug_frame</name>
         <load_address>0x102c</load_address>
         <run_address>0x102c</run_address>
         <size>0x178</size>
         <input_file_ref idref="fl-16"/>
      </object_component>
      <object_component id="oc-72">
         <name>.debug_frame</name>
         <load_address>0x11a4</load_address>
         <run_address>0x11a4</run_address>
         <size>0xd0</size>
         <input_file_ref idref="fl-17"/>
      </object_component>
      <object_component id="oc-78">
         <name>.debug_frame</name>
         <load_address>0x1274</load_address>
         <run_address>0x1274</run_address>
         <size>0xf0</size>
         <input_file_ref idref="fl-18"/>
      </object_component>
      <object_component id="oc-7e">
         <name>.debug_frame</name>
         <load_address>0x1364</load_address>
         <run_address>0x1364</run_address>
         <size>0x90</size>
         <input_file_ref idref="fl-19"/>
      </object_component>
      <object_component id="oc-85">
         <name>.debug_frame</name>
         <load_address>0x13f4</load_address>
         <run_address>0x13f4</run_address>
         <size>0x220</size>
         <input_file_ref idref="fl-1a"/>
      </object_component>
      <object_component id="oc-a0">
         <name>.debug_frame</name>
         <load_address>0x1614</load_address>
         <run_address>0x1614</run_address>
         <size>0x60</size>
         <input_file_ref idref="fl-2a"/>
      </object_component>
      <object_component id="oc-a5">
         <name>.debug_frame</name>
         <load_address>0x1674</load_address>
         <run_address>0x1674</run_address>
         <size>0x40</size>
         <input_file_ref idref="fl-2b"/>
      </object_component>
      <object_component id="oc-aa">
         <name>.debug_frame</name>
         <load_address>0x16b4</load_address>
         <run_address>0x16b4</run_address>
         <size>0x40</size>
         <input_file_ref idref="fl-2c"/>
      </object_component>
      <object_component id="oc-af">
         <name>.debug_frame</name>
         <load_address>0x16f4</load_address>
         <run_address>0x16f4</run_address>
         <size>0x40</size>
         <input_file_ref idref="fl-2d"/>
      </object_component>
      <object_component id="oc-b6">
         <name>.debug_frame</name>
         <load_address>0x1734</load_address>
         <run_address>0x1734</run_address>
         <size>0x60</size>
         <input_file_ref idref="fl-2e"/>
      </object_component>
      <object_component id="oc-bb">
         <name>.debug_frame</name>
         <load_address>0x1794</load_address>
         <run_address>0x1794</run_address>
         <size>0x70</size>
         <input_file_ref idref="fl-2f"/>
      </object_component>
      <object_component id="oc-c0">
         <name>.debug_frame</name>
         <load_address>0x1804</load_address>
         <run_address>0x1804</run_address>
         <size>0x40</size>
         <input_file_ref idref="fl-30"/>
      </object_component>
      <object_component id="oc-27">
         <name>.debug_line</name>
         <load_address>0x0</load_address>
         <run_address>0x0</run_address>
         <size>0x75</size>
         <input_file_ref idref="fl-2"/>
      </object_component>
      <object_component id="oc-2c">
         <name>.debug_line</name>
         <load_address>0x75</load_address>
         <run_address>0x75</run_address>
         <size>0x4d</size>
         <input_file_ref idref="fl-3"/>
      </object_component>
      <object_component id="oc-31">
         <name>.debug_line</name>
         <load_address>0xc2</load_address>
         <run_address>0xc2</run_address>
         <size>0x2f</size>
         <input_file_ref idref="fl-4"/>
      </object_component>
      <object_component id="oc-36">
         <name>.debug_line</name>
         <load_address>0xf1</load_address>
         <run_address>0xf1</run_address>
         <size>0x134</size>
         <input_file_ref idref="fl-5"/>
      </object_component>
      <object_component id="oc-3f">
         <name>.debug_line</name>
         <load_address>0x225</load_address>
         <run_address>0x225</run_address>
         <size>0xb66</size>
         <input_file_ref idref="fl-6"/>
      </object_component>
      <object_component id="oc-45">
         <name>.debug_line</name>
         <load_address>0xd8b</load_address>
         <run_address>0xd8b</run_address>
         <size>0x556</size>
         <input_file_ref idref="fl-7"/>
      </object_component>
      <object_component id="oc-4a">
         <name>.debug_line</name>
         <load_address>0x12e1</load_address>
         <run_address>0x12e1</run_address>
         <size>0x4a</size>
         <input_file_ref idref="fl-8"/>
      </object_component>
      <object_component id="oc-4f">
         <name>.debug_line</name>
         <load_address>0x132b</load_address>
         <run_address>0x132b</run_address>
         <size>0x66</size>
         <input_file_ref idref="fl-9"/>
      </object_component>
      <object_component id="oc-54">
         <name>.debug_line</name>
         <load_address>0x1391</load_address>
         <run_address>0x1391</run_address>
         <size>0xc0</size>
         <input_file_ref idref="fl-a"/>
      </object_component>
      <object_component id="oc-58">
         <name>.debug_line</name>
         <load_address>0x1451</load_address>
         <run_address>0x1451</run_address>
         <size>0x6a</size>
         <input_file_ref idref="fl-b"/>
      </object_component>
      <object_component id="oc-61">
         <name>.debug_line</name>
         <load_address>0x14bb</load_address>
         <run_address>0x14bb</run_address>
         <size>0x3f3</size>
         <input_file_ref idref="fl-c"/>
      </object_component>
      <object_component id="oc-67">
         <name>.debug_line</name>
         <load_address>0x18ae</load_address>
         <run_address>0x18ae</run_address>
         <size>0x1bc</size>
         <input_file_ref idref="fl-15"/>
      </object_component>
      <object_component id="oc-6d">
         <name>.debug_line</name>
         <load_address>0x1a6a</load_address>
         <run_address>0x1a6a</run_address>
         <size>0x269</size>
         <input_file_ref idref="fl-16"/>
      </object_component>
      <object_component id="oc-73">
         <name>.debug_line</name>
         <load_address>0x1cd3</load_address>
         <run_address>0x1cd3</run_address>
         <size>0x295</size>
         <input_file_ref idref="fl-17"/>
      </object_component>
      <object_component id="oc-79">
         <name>.debug_line</name>
         <load_address>0x1f68</load_address>
         <run_address>0x1f68</run_address>
         <size>0x238</size>
         <input_file_ref idref="fl-18"/>
      </object_component>
      <object_component id="oc-7f">
         <name>.debug_line</name>
         <load_address>0x21a0</load_address>
         <run_address>0x21a0</run_address>
         <size>0x16b</size>
         <input_file_ref idref="fl-19"/>
      </object_component>
      <object_component id="oc-86">
         <name>.debug_line</name>
         <load_address>0x230b</load_address>
         <run_address>0x230b</run_address>
         <size>0x61a</size>
         <input_file_ref idref="fl-1a"/>
      </object_component>
      <object_component id="oc-8d">
         <name>.debug_line</name>
         <load_address>0x2925</load_address>
         <run_address>0x2925</run_address>
         <size>0x7e</size>
         <input_file_ref idref="fl-26"/>
      </object_component>
      <object_component id="oc-92">
         <name>.debug_line</name>
         <load_address>0x29a3</load_address>
         <run_address>0x29a3</run_address>
         <size>0xad</size>
         <input_file_ref idref="fl-27"/>
      </object_component>
      <object_component id="oc-97">
         <name>.debug_line</name>
         <load_address>0x2a50</load_address>
         <run_address>0x2a50</run_address>
         <size>0x69</size>
         <input_file_ref idref="fl-28"/>
      </object_component>
      <object_component id="oc-9c">
         <name>.debug_line</name>
         <load_address>0x2ab9</load_address>
         <run_address>0x2ab9</run_address>
         <size>0x52</size>
         <input_file_ref idref="fl-29"/>
      </object_component>
      <object_component id="oc-a1">
         <name>.debug_line</name>
         <load_address>0x2b0b</load_address>
         <run_address>0x2b0b</run_address>
         <size>0x50</size>
         <input_file_ref idref="fl-2a"/>
      </object_component>
      <object_component id="oc-a6">
         <name>.debug_line</name>
         <load_address>0x2b5b</load_address>
         <run_address>0x2b5b</run_address>
         <size>0x62</size>
         <input_file_ref idref="fl-2b"/>
      </object_component>
      <object_component id="oc-ab">
         <name>.debug_line</name>
         <load_address>0x2bbd</load_address>
         <run_address>0x2bbd</run_address>
         <size>0x3e</size>
         <input_file_ref idref="fl-2c"/>
      </object_component>
      <object_component id="oc-b0">
         <name>.debug_line</name>
         <load_address>0x2bfb</load_address>
         <run_address>0x2bfb</run_address>
         <size>0x3a</size>
         <input_file_ref idref="fl-2d"/>
      </object_component>
      <object_component id="oc-b7">
         <name>.debug_line</name>
         <load_address>0x2c35</load_address>
         <run_address>0x2c35</run_address>
         <size>0x65</size>
         <input_file_ref idref="fl-2e"/>
      </object_component>
      <object_component id="oc-bc">
         <name>.debug_line</name>
         <load_address>0x2c9a</load_address>
         <run_address>0x2c9a</run_address>
         <size>0x5e</size>
         <input_file_ref idref="fl-2f"/>
      </object_component>
      <object_component id="oc-c1">
         <name>.debug_line</name>
         <load_address>0x2cf8</load_address>
         <run_address>0x2cf8</run_address>
         <size>0x4f</size>
         <input_file_ref idref="fl-30"/>
      </object_component>
      <object_component id="oc-28">
         <name>.debug_abbrev</name>
         <load_address>0x0</load_address>
         <run_address>0x0</run_address>
         <size>0x102</size>
         <input_file_ref idref="fl-2"/>
      </object_component>
      <object_component id="oc-2d">
         <name>.debug_abbrev</name>
         <load_address>0x102</load_address>
         <run_address>0x102</run_address>
         <size>0xe7</size>
         <input_file_ref idref="fl-3"/>
      </object_component>
      <object_component id="oc-32">
         <name>.debug_abbrev</name>
         <load_address>0x1e9</load_address>
         <run_address>0x1e9</run_address>
         <size>0x71</size>
         <input_file_ref idref="fl-4"/>
      </object_component>
      <object_component id="oc-37">
         <name>.debug_abbrev</name>
         <load_address>0x25a</load_address>
         <run_address>0x25a</run_address>
         <size>0xf7</size>
         <input_file_ref idref="fl-5"/>
      </object_component>
      <object_component id="oc-40">
         <name>.debug_abbrev</name>
         <load_address>0x351</load_address>
         <run_address>0x351</run_address>
         <size>0x280</size>
         <input_file_ref idref="fl-6"/>
      </object_component>
      <object_component id="oc-46">
         <name>.debug_abbrev</name>
         <load_address>0x5d1</load_address>
         <run_address>0x5d1</run_address>
         <size>0x1fa</size>
         <input_file_ref idref="fl-7"/>
      </object_component>
      <object_component id="oc-4b">
         <name>.debug_abbrev</name>
         <load_address>0x7cb</load_address>
         <run_address>0x7cb</run_address>
         <size>0xb0</size>
         <input_file_ref idref="fl-8"/>
      </object_component>
      <object_component id="oc-50">
         <name>.debug_abbrev</name>
         <load_address>0x87b</load_address>
         <run_address>0x87b</run_address>
         <size>0xe7</size>
         <input_file_ref idref="fl-9"/>
      </object_component>
      <object_component id="oc-55">
         <name>.debug_abbrev</name>
         <load_address>0x962</load_address>
         <run_address>0x962</run_address>
         <size>0xb0</size>
         <input_file_ref idref="fl-a"/>
      </object_component>
      <object_component id="oc-5a">
         <name>.debug_abbrev</name>
         <load_address>0xa12</load_address>
         <run_address>0xa12</run_address>
         <size>0x21</size>
         <input_file_ref idref="fl-b"/>
      </object_component>
      <object_component id="oc-62">
         <name>.debug_abbrev</name>
         <load_address>0xa33</load_address>
         <run_address>0xa33</run_address>
         <size>0x1d6</size>
         <input_file_ref idref="fl-c"/>
      </object_component>
      <object_component id="oc-68">
         <name>.debug_abbrev</name>
         <load_address>0xc09</load_address>
         <run_address>0xc09</run_address>
         <size>0x127</size>
         <input_file_ref idref="fl-15"/>
      </object_component>
      <object_component id="oc-6e">
         <name>.debug_abbrev</name>
         <load_address>0xd30</load_address>
         <run_address>0xd30</run_address>
         <size>0x116</size>
         <input_file_ref idref="fl-16"/>
      </object_component>
      <object_component id="oc-74">
         <name>.debug_abbrev</name>
         <load_address>0xe46</load_address>
         <run_address>0xe46</run_address>
         <size>0x1c8</size>
         <input_file_ref idref="fl-17"/>
      </object_component>
      <object_component id="oc-7a">
         <name>.debug_abbrev</name>
         <load_address>0x100e</load_address>
         <run_address>0x100e</run_address>
         <size>0x19c</size>
         <input_file_ref idref="fl-18"/>
      </object_component>
      <object_component id="oc-80">
         <name>.debug_abbrev</name>
         <load_address>0x11aa</load_address>
         <run_address>0x11aa</run_address>
         <size>0x141</size>
         <input_file_ref idref="fl-19"/>
      </object_component>
      <object_component id="oc-87">
         <name>.debug_abbrev</name>
         <load_address>0x12eb</load_address>
         <run_address>0x12eb</run_address>
         <size>0x1dd</size>
         <input_file_ref idref="fl-1a"/>
      </object_component>
      <object_component id="oc-8e">
         <name>.debug_abbrev</name>
         <load_address>0x14c8</load_address>
         <run_address>0x14c8</run_address>
         <size>0x46</size>
         <input_file_ref idref="fl-26"/>
      </object_component>
      <object_component id="oc-93">
         <name>.debug_abbrev</name>
         <load_address>0x150e</load_address>
         <run_address>0x150e</run_address>
         <size>0x38</size>
         <input_file_ref idref="fl-27"/>
      </object_component>
      <object_component id="oc-98">
         <name>.debug_abbrev</name>
         <load_address>0x1546</load_address>
         <run_address>0x1546</run_address>
         <size>0x38</size>
         <input_file_ref idref="fl-28"/>
      </object_component>
      <object_component id="oc-9d">
         <name>.debug_abbrev</name>
         <load_address>0x157e</load_address>
         <run_address>0x157e</run_address>
         <size>0x38</size>
         <input_file_ref idref="fl-29"/>
      </object_component>
      <object_component id="oc-a2">
         <name>.debug_abbrev</name>
         <load_address>0x15b6</load_address>
         <run_address>0x15b6</run_address>
         <size>0xe3</size>
         <input_file_ref idref="fl-2a"/>
      </object_component>
      <object_component id="oc-a7">
         <name>.debug_abbrev</name>
         <load_address>0x1699</load_address>
         <run_address>0x1699</run_address>
         <size>0xa8</size>
         <input_file_ref idref="fl-2b"/>
      </object_component>
      <object_component id="oc-ac">
         <name>.debug_abbrev</name>
         <load_address>0x1741</load_address>
         <run_address>0x1741</run_address>
         <size>0x68</size>
         <input_file_ref idref="fl-2c"/>
      </object_component>
      <object_component id="oc-b1">
         <name>.debug_abbrev</name>
         <load_address>0x17a9</load_address>
         <run_address>0x17a9</run_address>
         <size>0x66</size>
         <input_file_ref idref="fl-2d"/>
      </object_component>
      <object_component id="oc-b8">
         <name>.debug_abbrev</name>
         <load_address>0x180f</load_address>
         <run_address>0x180f</run_address>
         <size>0x130</size>
         <input_file_ref idref="fl-2e"/>
      </object_component>
      <object_component id="oc-bd">
         <name>.debug_abbrev</name>
         <load_address>0x193f</load_address>
         <run_address>0x193f</run_address>
         <size>0xb2</size>
         <input_file_ref idref="fl-2f"/>
      </object_component>
      <object_component id="oc-c2">
         <name>.debug_abbrev</name>
         <load_address>0x19f1</load_address>
         <run_address>0x19f1</run_address>
         <size>0xee</size>
         <input_file_ref idref="fl-30"/>
      </object_component>
      <object_component id="oc-148">
         <name>.debug_abbrev</name>
         <load_address>0x1adf</load_address>
         <run_address>0x1adf</run_address>
         <size>0xf</size>
      </object_component>
      <object_component id="oc-29">
         <name>.debug_aranges</name>
         <load_address>0x0</load_address>
         <run_address>0x0</run_address>
         <size>0x28</size>
         <input_file_ref idref="fl-2"/>
      </object_component>
      <object_component id="oc-2e">
         <name>.debug_aranges</name>
         <load_address>0x28</load_address>
         <run_address>0x28</run_address>
         <size>0x20</size>
         <input_file_ref idref="fl-3"/>
      </object_component>
      <object_component id="oc-33">
         <name>.debug_aranges</name>
         <load_address>0x48</load_address>
         <run_address>0x48</run_address>
         <size>0x18</size>
         <input_file_ref idref="fl-4"/>
      </object_component>
      <object_component id="oc-38">
         <name>.debug_aranges</name>
         <load_address>0x60</load_address>
         <run_address>0x60</run_address>
         <size>0x50</size>
         <input_file_ref idref="fl-5"/>
      </object_component>
      <object_component id="oc-41">
         <name>.debug_aranges</name>
         <load_address>0xb0</load_address>
         <run_address>0xb0</run_address>
         <size>0x1b8</size>
         <input_file_ref idref="fl-6"/>
      </object_component>
      <object_component id="oc-47">
         <name>.debug_aranges</name>
         <load_address>0x268</load_address>
         <run_address>0x268</run_address>
         <size>0x110</size>
         <input_file_ref idref="fl-7"/>
      </object_component>
      <object_component id="oc-4c">
         <name>.debug_aranges</name>
         <load_address>0x378</load_address>
         <run_address>0x378</run_address>
         <size>0x20</size>
         <input_file_ref idref="fl-8"/>
      </object_component>
      <object_component id="oc-51">
         <name>.debug_aranges</name>
         <load_address>0x398</load_address>
         <run_address>0x398</run_address>
         <size>0x20</size>
         <input_file_ref idref="fl-9"/>
      </object_component>
      <object_component id="oc-56">
         <name>.debug_aranges</name>
         <load_address>0x3b8</load_address>
         <run_address>0x3b8</run_address>
         <size>0x40</size>
         <input_file_ref idref="fl-a"/>
      </object_component>
      <object_component id="oc-5b">
         <name>.debug_aranges</name>
         <load_address>0x3f8</load_address>
         <run_address>0x3f8</run_address>
         <size>0x28</size>
         <input_file_ref idref="fl-b"/>
      </object_component>
      <object_component id="oc-63">
         <name>.debug_aranges</name>
         <load_address>0x420</load_address>
         <run_address>0x420</run_address>
         <size>0xb0</size>
         <input_file_ref idref="fl-c"/>
      </object_component>
      <object_component id="oc-69">
         <name>.debug_aranges</name>
         <load_address>0x4d0</load_address>
         <run_address>0x4d0</run_address>
         <size>0x28</size>
         <input_file_ref idref="fl-15"/>
      </object_component>
      <object_component id="oc-6f">
         <name>.debug_aranges</name>
         <load_address>0x4f8</load_address>
         <run_address>0x4f8</run_address>
         <size>0x78</size>
         <input_file_ref idref="fl-16"/>
      </object_component>
      <object_component id="oc-75">
         <name>.debug_aranges</name>
         <load_address>0x570</load_address>
         <run_address>0x570</run_address>
         <size>0x48</size>
         <input_file_ref idref="fl-17"/>
      </object_component>
      <object_component id="oc-7b">
         <name>.debug_aranges</name>
         <load_address>0x5b8</load_address>
         <run_address>0x5b8</run_address>
         <size>0x58</size>
         <input_file_ref idref="fl-18"/>
      </object_component>
      <object_component id="oc-81">
         <name>.debug_aranges</name>
         <load_address>0x610</load_address>
         <run_address>0x610</run_address>
         <size>0x30</size>
         <input_file_ref idref="fl-19"/>
      </object_component>
      <object_component id="oc-88">
         <name>.debug_aranges</name>
         <load_address>0x640</load_address>
         <run_address>0x640</run_address>
         <size>0xa8</size>
         <input_file_ref idref="fl-1a"/>
      </object_component>
      <object_component id="oc-8f">
         <name>.debug_aranges</name>
         <load_address>0x6e8</load_address>
         <run_address>0x6e8</run_address>
         <size>0x20</size>
         <input_file_ref idref="fl-26"/>
      </object_component>
      <object_component id="oc-94">
         <name>.debug_aranges</name>
         <load_address>0x708</load_address>
         <run_address>0x708</run_address>
         <size>0x20</size>
         <input_file_ref idref="fl-27"/>
      </object_component>
      <object_component id="oc-99">
         <name>.debug_aranges</name>
         <load_address>0x728</load_address>
         <run_address>0x728</run_address>
         <size>0x28</size>
         <input_file_ref idref="fl-28"/>
      </object_component>
      <object_component id="oc-9e">
         <name>.debug_aranges</name>
         <load_address>0x750</load_address>
         <run_address>0x750</run_address>
         <size>0x28</size>
         <input_file_ref idref="fl-29"/>
      </object_component>
      <object_component id="oc-a3">
         <name>.debug_aranges</name>
         <load_address>0x778</load_address>
         <run_address>0x778</run_address>
         <size>0x20</size>
         <input_file_ref idref="fl-2a"/>
      </object_component>
      <object_component id="oc-a8">
         <name>.debug_aranges</name>
         <load_address>0x798</load_address>
         <run_address>0x798</run_address>
         <size>0x20</size>
         <input_file_ref idref="fl-2b"/>
      </object_component>
      <object_component id="oc-ad">
         <name>.debug_aranges</name>
         <load_address>0x7b8</load_address>
         <run_address>0x7b8</run_address>
         <size>0x20</size>
         <input_file_ref idref="fl-2c"/>
      </object_component>
      <object_component id="oc-b2">
         <name>.debug_aranges</name>
         <load_address>0x7d8</load_address>
         <run_address>0x7d8</run_address>
         <size>0x20</size>
         <input_file_ref idref="fl-2d"/>
      </object_component>
      <object_component id="oc-b9">
         <name>.debug_aranges</name>
         <load_address>0x7f8</load_address>
         <run_address>0x7f8</run_address>
         <size>0x28</size>
         <input_file_ref idref="fl-2e"/>
      </object_component>
      <object_component id="oc-be">
         <name>.debug_aranges</name>
         <load_address>0x820</load_address>
         <run_address>0x820</run_address>
         <size>0x30</size>
         <input_file_ref idref="fl-2f"/>
      </object_component>
      <object_component id="oc-c3">
         <name>.debug_aranges</name>
         <load_address>0x850</load_address>
         <run_address>0x850</run_address>
         <size>0x20</size>
         <input_file_ref idref="fl-30"/>
      </object_component>
   </object_component_list>
   <logical_group_list>
      <logical_group id="lg-2" display="no" color="cyan">
         <name>.cinit</name>
         <load_address>0xbe000</load_address>
         <run_address>0xbe000</run_address>
         <size>0x2ca</size>
         <contents>
            <object_component_ref idref="oc-3a"/>
            <object_component_ref idref="oc-ce"/>
            <object_component_ref idref="oc-c6"/>
            <object_component_ref idref="oc-cb"/>
            <object_component_ref idref="oc-d3"/>
            <object_component_ref idref="oc-d5"/>
            <object_component_ref idref="oc-d0"/>
            <object_component_ref idref="oc-c9"/>
            <object_component_ref idref="oc-5d"/>
            <object_component_ref idref="oc-b4"/>
            <object_component_ref idref="oc-24"/>
            <object_component_ref idref="oc-e9"/>
            <object_component_ref idref="oc-fd"/>
         </contents>
      </logical_group>
      <logical_group id="lg-143" display="no" color="cyan">
         <name>.text.1</name>
         <load_address>0x82000</load_address>
         <run_address>0x82000</run_address>
         <size>0x2000</size>
         <contents>
            <object_component_ref idref="oc-c4"/>
            <object_component_ref idref="oc-3c"/>
            <object_component_ref idref="oc-df"/>
            <object_component_ref idref="oc-dc"/>
            <object_component_ref idref="oc-ec"/>
            <object_component_ref idref="oc-c7"/>
            <object_component_ref idref="oc-e6"/>
            <object_component_ref idref="oc-d1"/>
            <object_component_ref idref="oc-e4"/>
            <object_component_ref idref="oc-cc"/>
            <object_component_ref idref="oc-e5"/>
            <object_component_ref idref="oc-90"/>
            <object_component_ref idref="oc-10e"/>
            <object_component_ref idref="oc-95"/>
            <object_component_ref idref="oc-d9"/>
         </contents>
      </logical_group>
      <logical_group id="lg-144" display="no" color="cyan">
         <name>.text.2</name>
         <load_address>0x84000</load_address>
         <run_address>0x84000</run_address>
         <size>0x674</size>
         <contents>
            <object_component_ref idref="oc-eb"/>
            <object_component_ref idref="oc-d6"/>
            <object_component_ref idref="oc-f5"/>
            <object_component_ref idref="oc-89"/>
            <object_component_ref idref="oc-10a"/>
            <object_component_ref idref="oc-e2"/>
            <object_component_ref idref="oc-ed"/>
            <object_component_ref idref="oc-dd"/>
            <object_component_ref idref="oc-f0"/>
            <object_component_ref idref="oc-ef"/>
            <object_component_ref idref="oc-e1"/>
            <object_component_ref idref="oc-e0"/>
            <object_component_ref idref="oc-f6"/>
            <object_component_ref idref="oc-e3"/>
            <object_component_ref idref="oc-db"/>
            <object_component_ref idref="oc-100"/>
            <object_component_ref idref="oc-112"/>
            <object_component_ref idref="oc-d8"/>
            <object_component_ref idref="oc-118"/>
            <object_component_ref idref="oc-de"/>
            <object_component_ref idref="oc-fb"/>
            <object_component_ref idref="oc-e7"/>
            <object_component_ref idref="oc-117"/>
            <object_component_ref idref="oc-10c"/>
            <object_component_ref idref="oc-ee"/>
            <object_component_ref idref="oc-114"/>
            <object_component_ref idref="oc-115"/>
            <object_component_ref idref="oc-113"/>
            <object_component_ref idref="oc-10f"/>
            <object_component_ref idref="oc-111"/>
            <object_component_ref idref="oc-110"/>
            <object_component_ref idref="oc-da"/>
            <object_component_ref idref="oc-fe"/>
            <object_component_ref idref="oc-ff"/>
            <object_component_ref idref="oc-fa"/>
            <object_component_ref idref="oc-f2"/>
            <object_component_ref idref="oc-f1"/>
            <object_component_ref idref="oc-f9"/>
            <object_component_ref idref="oc-109"/>
            <object_component_ref idref="oc-9a"/>
            <object_component_ref idref="oc-10b"/>
            <object_component_ref idref="oc-fc"/>
            <object_component_ref idref="oc-57"/>
            <object_component_ref idref="oc-116"/>
            <object_component_ref idref="oc-f4"/>
            <object_component_ref idref="oc-f3"/>
            <object_component_ref idref="oc-d7"/>
         </contents>
      </logical_group>
      <split_section id="lg-3" display="no" color="cyan">
         <name>.text</name>
         <contents>
            <logical_group_ref idref="lg-143"/>
            <logical_group_ref idref="lg-144"/>
         </contents>
      </split_section>
      <logical_group id="lg-4" display="no" color="cyan">
         <name>codestart</name>
         <load_address>0x80000</load_address>
         <run_address>0x80000</run_address>
         <size>0x2</size>
         <contents>
            <object_component_ref idref="oc-22"/>
         </contents>
      </logical_group>
      <logical_group id="lg-5" display="no" color="cyan">
         <name>.stack</name>
         <run_address>0x400</run_address>
         <size>0x3f8</size>
         <contents>
            <object_component_ref idref="oc-8a"/>
            <object_component_ref idref="oc-142"/>
         </contents>
      </logical_group>
      <logical_group id="lg-6" display="no" color="cyan">
         <name>.switch</name>
         <run_address>0x0</run_address>
         <size>0x0</size>
         <contents>
         </contents>
      </logical_group>
      <logical_group id="lg-7" display="no" color="cyan">
         <name>.reset</name>
         <load_address>0x3fffc0</load_address>
         <run_address>0x3fffc0</run_address>
         <size>0x2</size>
         <contents>
            <object_component_ref idref="oc-8b"/>
         </contents>
      </logical_group>
      <logical_group id="lg-8" display="no" color="cyan">
         <name>.pinit</name>
         <run_address>0x0</run_address>
         <size>0x0</size>
         <contents>
         </contents>
      </logical_group>
      <logical_group id="lg-145" display="no" color="cyan">
         <name>.ebss</name>
         <run_address>0xa800</run_address>
         <size>0x202</size>
         <contents>
            <object_component_ref idref="oc-cd"/>
            <object_component_ref idref="oc-c5"/>
            <object_component_ref idref="oc-e8"/>
            <object_component_ref idref="oc-3b"/>
            <object_component_ref idref="oc-ca"/>
            <object_component_ref idref="oc-d2"/>
            <object_component_ref idref="oc-d4"/>
            <object_component_ref idref="oc-cf"/>
            <object_component_ref idref="oc-c8"/>
            <object_component_ref idref="oc-5e"/>
            <object_component_ref idref="oc-b5"/>
            <object_component_ref idref="oc-25"/>
            <object_component_ref idref="oc-10d"/>
         </contents>
      </logical_group>
      <split_section id="lg-9" display="no" color="cyan">
         <name>.ebss</name>
         <contents>
            <logical_group_ref idref="lg-145"/>
         </contents>
      </split_section>
      <logical_group id="lg-a" display="no" color="cyan">
         <name>.esysmem</name>
         <run_address>0x0</run_address>
         <size>0x0</size>
         <contents>
         </contents>
      </logical_group>
      <logical_group id="lg-b" display="no" color="cyan">
         <name>.cio</name>
         <run_address>0x0</run_address>
         <size>0x0</size>
         <contents>
         </contents>
      </logical_group>
      <logical_group id="lg-146" display="no" color="cyan">
         <name>.econst</name>
         <load_address>0x90000</load_address>
         <run_address>0x90000</run_address>
         <size>0xb03</size>
         <contents>
            <object_component_ref idref="oc-f8"/>
            <object_component_ref idref="oc-f7"/>
            <object_component_ref idref="oc-3d"/>
            <object_component_ref idref="oc-84"/>
            <object_component_ref idref="oc-6b"/>
            <object_component_ref idref="oc-71"/>
            <object_component_ref idref="oc-43"/>
            <object_component_ref idref="oc-77"/>
            <object_component_ref idref="oc-65"/>
            <object_component_ref idref="oc-7d"/>
            <object_component_ref idref="oc-5f"/>
         </contents>
      </logical_group>
      <split_section id="lg-c" display="no" color="cyan">
         <name>.econst</name>
         <contents>
            <logical_group_ref idref="lg-146"/>
         </contents>
      </split_section>
      <logical_group id="lg-d" display="no" color="cyan">
         <name>Filter_RegsFile</name>
         <run_address>0x0</run_address>
         <size>0x0</size>
         <contents>
         </contents>
      </logical_group>
      <logical_group id="lg-e" display="no" color="cyan">
         <name>SHARERAMGS0</name>
         <run_address>0x0</run_address>
         <size>0x0</size>
         <contents>
         </contents>
      </logical_group>
      <logical_group id="lg-f" display="no" color="cyan">
         <name>SHARERAMGS1</name>
         <run_address>0x0</run_address>
         <size>0x0</size>
         <contents>
         </contents>
      </logical_group>
[...]
         <name>_IL</name>
         <value>0xa92a</value>
         <object_component_ref idref="oc-3b"/>
      </symbol>
      <symbol id="sm-1b3">
         <name>_Iref_p</name>
         <value>0xa906</value>
         <object_component_ref idref="oc-3b"/>
      </symbol>
      <symbol id="sm-1b4">
         <name>_qIL</name>
         <value>0xa972</value>
         <object_component_ref idref="oc-3b"/>
      </symbol>
      <symbol id="sm-1b5">
         <name>_error</name>
         <value>0xa910</value>
         <object_component_ref idref="oc-3b"/>
      </symbol>
      <symbol id="sm-1b6">
         <name>_initADCSOC</name>
         <value>0x82a07</value>
         <object_component_ref idref="oc-c4"/>
      </symbol>
      <symbol id="sm-1b8">
         <name>_upLimit</name>
         <value>0xa948</value>
         <object_component_ref idref="oc-3b"/>
      </symbol>
      <symbol id="sm-1b9">
         <name>_W_inverter</name>
         <value>0xa90e</value>
         <object_component_ref idref="oc-3b"/>
      </symbol>
      <symbol id="sm-1ba">
         <name>_configureDAC</name>
         <value>0x82741</value>
         <object_component_ref idref="oc-c4"/>
      </symbol>
      <symbol id="sm-1bc">
         <name>_Vbus</name>
         <value>0xa92c</value>
         <object_component_ref idref="oc-3b"/>
      </symbol>
      <symbol id="sm-1bd">
         <name>_GPIO_init</name>
         <value>0x82758</value>
         <object_component_ref idref="oc-c4"/>
      </symbol>
      <symbol id="sm-1bf">
         <name>_scale_BandPass</name>
         <value>0xa942</value>
         <object_component_ref idref="oc-3b"/>
      </symbol>
      <symbol id="sm-1c0">
         <name>_fi</name>
         <value>0xa93a</value>
         <object_component_ref idref="oc-3b"/>
      </symbol>
      <symbol id="sm-1c1">
         <name>_scale_PLL</name>
         <value>0xa946</value>
         <object_component_ref idref="oc-3b"/>
      </symbol>
      <symbol id="sm-1c2">
         <name>_pidTheta</name>
         <value>0xa998</value>
         <object_component_ref idref="oc-3b"/>
      </symbol>
      <symbol id="sm-1c3">
         <name>_configureADC</name>
         <value>0x82837</value>
         <object_component_ref idref="oc-c4"/>
      </symbol>
      <symbol id="sm-1c5">
         <name>_index</name>
         <value>0xa900</value>
         <object_component_ref idref="oc-3b"/>
      </symbol>
      <symbol id="sm-1c6">
         <name>_DAout</name>
         <value>0xa940</value>
         <object_component_ref idref="oc-3b"/>
      </symbol>
      <symbol id="sm-1c7">
         <name>_upLimit_5</name>
         <value>0xa94c</value>
         <object_component_ref idref="oc-3b"/>
      </symbol>
      <symbol id="sm-1c8">
         <name>_upLimit_3</name>
         <value>0xa94a</value>
         <object_component_ref idref="oc-3b"/>
      </symbol>
      <symbol id="sm-1c9">
         <name>_pfFlag</name>
         <value>0xa902</value>
         <object_component_ref idref="oc-3b"/>
      </symbol>
      <symbol id="sm-1ca">
         <name>_SOS_BandPass</name>
         <value>0xa8f2</value>
         <object_component_ref idref="oc-c5"/>
      </symbol>
      <symbol id="sm-1cb">
         <name>_initEPWM</name>
         <value>0x8284f</value>
         <object_component_ref idref="oc-c4"/>
      </symbol>
      <symbol id="sm-1cd">
         <name>_Vbus_lowPass</name>
         <value>0xa932</value>
         <object_component_ref idref="oc-3b"/>
      </symbol>
      <symbol id="sm-1ce">
         <name>_epwm1ISR</name>
         <value>0x82afe</value>
         <object_component_ref idref="oc-3c"/>
      </symbol>
      <symbol id="sm-1d0">
         <name>_arccos_lookuptable</name>
         <value>0xa800</value>
         <object_component_ref idref="oc-cd"/>
      </symbol>
      <symbol id="sm-1d1">
         <name>_ILref</name>
         <value>0xa938</value>
         <object_component_ref idref="oc-3b"/>
      </symbol>
      <symbol id="sm-1d2">
         <name>_result0</name>
         <value>0xa914</value>
         <object_component_ref idref="oc-3b"/>
      </symbol>
      <symbol id="sm-1d3">
         <name>_result1</name>
         <value>0xa916</value>
         <object_component_ref idref="oc-3b"/>
      </symbol>
      <symbol id="sm-1d4">
         <name>_result2</name>
         <value>0xa918</value>
         <object_component_ref idref="oc-3b"/>
      </symbol>
      <symbol id="sm-1d5">
         <name>_result3</name>
         <value>0xa91a</value>
         <object_component_ref idref="oc-3b"/>
      </symbol>
      <symbol id="sm-1d6">
         <name>_result4</name>
         <value>0xa91c</value>
         <object_component_ref idref="oc-3b"/>
      </symbol>
      <symbol id="sm-1d7">
         <name>_W_rectifier</name>
         <value>0xa908</value>
         <object_component_ref idref="oc-3b"/>
      </symbol>
      <symbol id="sm-1d8">
         <name>_k</name>
         <value>0xa903</value>
         <object_component_ref idref="oc-3b"/>
      </symbol>
      <symbol id="sm-1d9">
         <name>_i</name>
         <value>0xa901</value>
         <object_component_ref idref="oc-3b"/>
      </symbol>
      <symbol id="sm-1da">
         <name>_c</name>
         <value>0xa936</value>
         <object_component_ref idref="oc-3b"/>
      </symbol>
      <symbol id="sm-1db">
         <name>_W3_rectifier</name>
         <value>0xa90a</value>
         <object_component_ref idref="oc-3b"/>
      </symbol>
      <symbol id="sm-1dc">
         <name>_Vout</name>
         <value>0xa930</value>
         <object_component_ref idref="oc-3b"/>
      </symbol>
      <symbol id="sm-22d">
         <name>_LCD_ShowSetFloat</name>
         <value>0x8318d</value>
         <object_component_ref idref="oc-df"/>
      </symbol>
      <symbol id="sm-22f">
         <name>_pinMux_init</name>
         <value>0x82fce</value>
         <object_component_ref idref="oc-df"/>
      </symbol>
      <symbol id="sm-231">
         <name>_write_chinese</name>
         <value>0x90000</value>
         <object_component_ref idref="oc-f8"/>
      </symbol>
      <symbol id="sm-232">
         <name>_LCD_set_XY</name>
         <value>0x8309e</value>
         <object_component_ref idref="oc-df"/>
      </symbol>
      <symbol id="sm-234">
         <name>_LCD_write_char</name>
         <value>0x830b4</value>
         <object_component_ref idref="oc-df"/>
      </symbol>
      <symbol id="sm-236">
         <name>_show_warning1</name>
         <value>0x832de</value>
         <object_component_ref idref="oc-df"/>
      </symbol>
      <symbol id="sm-238">
         <name>_show_warning2</name>
         <value>0x832eb</value>
         <object_component_ref idref="oc-df"/>
      </symbol>
      <symbol id="sm-23a">
         <name>_show_warning3</name>
         <value>0x832fa</value>
         <object_component_ref idref="oc-df"/>
      </symbol>
      <symbol id="sm-23c">
         <name>_SPI_init</name>
         <value>0x83007</value>
         <object_component_ref idref="oc-df"/>
      </symbol>
      <symbol id="sm-23e">
         <name>_LCD_write_byte</name>
         <value>0x83121</value>
         <object_component_ref idref="oc-df"/>
      </symbol>
      <symbol id="sm-240">
         <name>_board_init</name>
         <value>0x83042</value>
         <object_component_ref idref="oc-df"/>
      </symbol>
      <symbol id="sm-242">
         <name>_LCD_clear</name>
         <value>0x83085</value>
         <object_component_ref idref="oc-df"/>
      </symbol>
      <symbol id="sm-244">
         <name>_show_adc_result</name>
         <value>0x83269</value>
         <object_component_ref idref="oc-df"/>
      </symbol>
      <symbol id="sm-246">
         <name>_LCD_write_chinese_string</name>
         <value>0x830e0</value>
         <object_component_ref idref="oc-df"/>
      </symbol>
      <symbol id="sm-248">
         <name>_LCD_mypow</name>
         <value>0x83147</value>
         <object_component_ref idref="oc-df"/>
      </symbol>
      <symbol id="sm-24a">
         <name>_LCD_ShowString</name>
         <value>0x83257</value>
         <object_component_ref idref="oc-df"/>
      </symbol>
      <symbol id="sm-24c">
         <name>_LCD_write_english_string</name>
         <value>0x830ce</value>
         <object_component_ref idref="oc-df"/>
      </symbol>
      <symbol id="sm-24e">
         <name>_font6x8</name>
         <value>0x902d0</value>
         <object_component_ref idref="oc-f7"/>
      </symbol>
      <symbol id="sm-24f">
         <name>_LCD_ShowFloat</name>
         <value>0x83214</value>
         <object_component_ref idref="oc-df"/>
      </symbol>
      <symbol id="sm-251">
         <name>_LCD_init</name>
         <value>0x83049</value>
         <object_component_ref idref="oc-df"/>
      </symbol>
      <symbol id="sm-253">
         <name>_LCD_GPIO_Init</name>
         <value>0x82f86</value>
         <object_component_ref idref="oc-df"/>
      </symbol>
      <symbol id="sm-255">
         <name>_show_statusofLoad</name>
         <value>0x83293</value>
         <object_component_ref idref="oc-df"/>
      </symbol>
      <symbol id="sm-257">
         <name>_LCD_ShowChar</name>
         <value>0x8313c</value>
         <object_component_ref idref="oc-df"/>
      </symbol>
      <symbol id="sm-259">
         <name>_LCD_ShowNum</name>
         <value>0x83157</value>
         <object_component_ref idref="oc-df"/>
      </symbol>
      <symbol id="sm-268">
         <name>_PIDCalc</name>
         <value>0x84068</value>
         <object_component_ref idref="oc-d6"/>
      </symbol>
      <symbol id="sm-278">
         <name>_PRCalc</name>
         <value>0x83c23</value>
         <object_component_ref idref="oc-d1"/>
      </symbol>
      <symbol id="sm-28a">
         <name>_linePhaseTransformation</name>
         <value>0x83acd</value>
         <object_component_ref idref="oc-e6"/>
      </symbol>
      <symbol id="sm-28c">
         <name>_invParkTransformation</name>
         <value>0x83bd9</value>
         <object_component_ref idref="oc-e6"/>
      </symbol>
      <symbol id="sm-28e">
         <name>_clarkTransformation</name>
         <value>0x83b13</value>
         <object_component_ref idref="oc-e6"/>
      </symbol>
      <symbol id="sm-290">
         <name>_parkTransformation</name>
         <value>0x83b8e</value>
         <object_component_ref idref="oc-e6"/>
      </symbol>
      <symbol id="sm-292">
         <name>_invClarkTransformation</name>
         <value>0x83b50</value>
         <object_component_ref idref="oc-e6"/>
      </symbol>
      <symbol id="sm-2a3">
         <name>code_start</name>
         <value>0x80000</value>
         <object_component_ref idref="oc-22"/>
      </symbol>
      <symbol id="sm-2d3">
         <name>_Example_done</name>
         <value>0x8370b</value>
         <object_component_ref idref="oc-dc"/>
      </symbol>
      <symbol id="sm-2d5">
         <name>_Example_Fail</name>
         <value>0xa9f4</value>
         <object_component_ref idref="oc-5e"/>
      </symbol>
      <symbol id="sm-2d6">
         <name>_Device_bootCPU2</name>
         <value>0x83580</value>
         <object_component_ref idref="oc-dc"/>
      </symbol>
      <symbol id="sm-2d8">
         <name>_Device_initGPIO</name>
         <value>0x834de</value>
         <object_component_ref idref="oc-dc"/>
      </symbol>
      <symbol id="sm-2da">
         <name>_Example_setResultPass</name>
         <value>0x83701</value>
         <object_component_ref idref="oc-dc"/>
      </symbol>
      <symbol id="sm-2dc">
         <name>___error__</name>
         <value>0x836fa</value>
         <object_component_ref idref="oc-dc"/>
      </symbol>
      <symbol id="sm-2de">
         <name>_Example_Result</name>
         <value>0xa9f0</value>
         <object_component_ref idref="oc-5e"/>
      </symbol>
      <symbol id="sm-2df">
         <name>_Example_setResultFail</name>
         <value>0x83706</value>
         <object_component_ref idref="oc-dc"/>
      </symbol>
      <symbol id="sm-2e1">
         <name>_Device_enableUnbondedGPIOPullupsFor176Pin</name>
         <value>0x834ff</value>
         <object_component_ref idref="oc-dc"/>
      </symbol>
      <symbol id="sm-2e3">
         <name>_Device_enableUnbondedGPIOPullups</name>
         <value>0x83539</value>
         <object_component_ref idref="oc-dc"/>
      </symbol>
      <symbol id="sm-2e5">
         <name>_Device_init</name>
         <value>0x833a0</value>
         <object_component_ref idref="oc-dc"/>
      </symbol>
      <symbol id="sm-2e7">
         <name>_Example_PassCount</name>
         <value>0xa9f2</value>
         <object_component_ref idref="oc-5e"/>
      </symbol>
      <symbol id="sm-2e8">
         <name>_Device_enableUnbondedGPIOPullupsFor100Pin</name>
         <value>0x83516</value>
         <object_component_ref idref="oc-dc"/>
      </symbol>
      <symbol id="sm-2ea">
         <name>_Device_enableAllPeripherals</name>
         <value>0x833f3</value>
         <object_component_ref idref="oc-dc"/>
      </symbol>
      <symbol id="sm-2ec">
         <name>_Device_configureTMXAnalogTrim</name>
         <value>0x8354f</value>
         <object_component_ref idref="oc-dc"/>
      </symbol>
      <symbol id="sm-313">
         <name>_ADC_setMode</name>
         <value>0x83d06</value>
         <object_component_ref idref="oc-e4"/>
      </symbol>
      <symbol id="sm-356">
         <name>_Flash_initModule</name>
         <value>0x8000</value>
         <object_component_ref idref="oc-ea"/>
      </symbol>
      <symbol id="sm-37f">
         <name>_GPIO_setMasterCore</name>
         <value>0x842b3</value>
         <object_component_ref idref="oc-f0"/>
      </symbol>
      <symbol id="sm-380">
         <name>_GPIO_setPinConfig</name>
         <value>0x84323</value>
         <object_component_ref idref="oc-e1"/>
      </symbol>
      <symbol id="sm-381">
         <name>_GPIO_setDirectionMode</name>
         <value>0x843c1</value>
         <object_component_ref idref="oc-e3"/>
      </symbol>
      <symbol id="sm-382">
         <name>_GPIO_setQualificationMode</name>
         <value>0x842eb</value>
         <object_component_ref idref="oc-ef"/>
      </symbol>
      <symbol id="sm-383">
         <name>_GPIO_setPadConfig</name>
         <value>0x841d3</value>
         <object_component_ref idref="oc-e2"/>
      </symbol>
      <symbol id="sm-3b4">
         <name>_Interrupt_enable</name>
         <value>0x8435a</value>
         <object_component_ref idref="oc-e0"/>
      </symbol>
      <symbol id="sm-3b5">
         <name>_Interrupt_initVectorTable</name>
         <value>0x844ab</value>
         <object_component_ref idref="oc-de"/>
      </symbol>
      <symbol id="sm-3b6">
         <name>_Interrupt_initModule</name>
         <value>0x84276</value>
         <object_component_ref idref="oc-dd"/>
      </symbol>
      <symbol id="sm-3d5">
         <name>_SPI_setConfig</name>
         <value>0x840cd</value>
         <object_component_ref idref="oc-f5"/>
      </symbol>
      <symbol id="sm-3d6">
         <name>_SPI_setBaudRate</name>
         <value>0x8438e</value>
         <object_component_ref idref="oc-f6"/>
      </symbol>
      <symbol id="sm-45e">
         <name>_SysCtl_selectXTAL</name>
         <value>0x83f6e</value>
         <object_component_ref idref="oc-10e"/>
      </symbol>
      <symbol id="sm-45f">
         <name>_SysCtl_delay</name>
         <value>0x8131</value>
         <object_component_ref idref="oc-83"/>
      </symbol>
      <symbol id="sm-460">
         <name>_SysCtl_selectOscSource</name>
         <value>0x8417f</value>
         <object_component_ref idref="oc-10a"/>
      </symbol>
      <symbol id="sm-461">
         <name>_SysCtl_setClock</name>
         <value>0x8370c</value>
         <object_component_ref idref="oc-ec"/>
      </symbol>
      <symbol id="sm-462">
         <name>_SysCtl_getLowSpeedClock</name>
         <value>0x8453b</value>
         <object_component_ref idref="oc-ee"/>
      </symbol>
      <symbol id="sm-463">
         <name>_SysCtl_getClock</name>
         <value>0x84225</value>
         <object_component_ref idref="oc-ed"/>
      </symbol>
      <symbol id="sm-464">
         <name>_SysCtl_getDeviceParametric</name>
         <value>0x84000</value>
         <object_component_ref idref="oc-eb"/>
      </symbol>
      <symbol id="sm-47f">
         <name>_c_int00</name>
         <value>0x84129</value>
         <object_component_ref idref="oc-89"/>
      </symbol>
      <symbol id="sm-480">
         <name>__stack</name>
         <value>0x400</value>
         <object_component_ref idref="oc-8a"/>
      </symbol>
      <symbol id="sm-491">
         <name>FS$$DIV</name>
         <value>0x83ee6</value>
         <object_component_ref idref="oc-90"/>
      </symbol>
      <symbol id="sm-49f">
         <name>I$$MOD</name>
         <value>0x83fee</value>
         <object_component_ref idref="oc-95"/>
      </symbol>
      <symbol id="sm-4a0">
         <name>I$$DIV</name>
         <value>0x83fdd</value>
         <object_component_ref idref="oc-95"/>
      </symbol>
      <symbol id="sm-4ac">
         <name>U$$MOD</name>
         <value>0x84647</value>
         <object_component_ref idref="oc-9a"/>
      </symbol>
      <symbol id="sm-4ad">
         <name>U$$DIV</name>
         <value>0x84642</value>
         <object_component_ref idref="oc-9a"/>
      </symbol>
      <symbol id="sm-4bc">
         <name>_copy_in</name>
         <value>0x84467</value>
         <object_component_ref idref="oc-d8"/>
      </symbol>
      <symbol id="sm-4ce">
         <name>_memcpy</name>
         <value>0x844ea</value>
         <object_component_ref idref="oc-e7"/>
      </symbol>
      <symbol id="sm-4db">
         <name>__system_pre_init</name>
         <value>0x84672</value>
         <object_component_ref idref="oc-d7"/>
      </symbol>
      <symbol id="sm-4e9">
         <name>__system_post_cinit</name>
         <value>0x83fff</value>
         <object_component_ref idref="oc-d9"/>
      </symbol>
      <symbol id="sm-4fe">
         <name>C$$EXIT</name>
         <value>0x843f2</value>
         <object_component_ref idref="oc-db"/>
      </symbol>
      <symbol id="sm-4ff">
         <name>_exit</name>
         <value>0x843f4</value>
         <object_component_ref idref="oc-db"/>
      </symbol>
      <symbol id="sm-501">
         <name>___TI_cleanup_ptr</name>
         <value>0xa9f8</value>
         <object_component_ref idref="oc-b5"/>
      </symbol>
      <symbol id="sm-502">
         <name>___TI_enable_exit_profile_output</name>
         <value>0xa9f6</value>
         <object_component_ref idref="oc-b5"/>
      </symbol>
      <symbol id="sm-503">
         <name>_abort</name>
         <value>0x843f2</value>
         <object_component_ref idref="oc-db"/>
      </symbol>
      <symbol id="sm-505">
         <name>___TI_dtors_ptr</name>
         <value>0xa9fa</value>
         <object_component_ref idref="oc-b5"/>
      </symbol>
      <symbol id="sm-519">
         <name>__unlock</name>
         <value>0xaa00</value>
         <object_component_ref idref="oc-10d"/>
      </symbol>
      <symbol id="sm-51a">
         <name>__lock</name>
         <value>0xa8fe</value>
         <object_component_ref idref="oc-e8"/>
      </symbol>
      <symbol id="sm-51b">
         <name>__register_lock</name>
         <value>0x8465a</value>
         <object_component_ref idref="oc-fc"/>
      </symbol>
      <symbol id="sm-51d">
         <name>__nop</name>
         <value>0x8465e</value>
         <object_component_ref idref="oc-fc"/>
      </symbol>
      <symbol id="sm-51f">
         <name>__register_unlock</name>
         <value>0x84656</value>
         <object_component_ref idref="oc-fc"/>
      </symbol>
      <symbol id="sm-52f">
         <name>__args_main</name>
         <value>0x845cf</value>
         <object_component_ref idref="oc-da"/>
      </symbol>
   </symbol_table>
   <title>Link successful</title>
</link_info>
