******************************************************************************
             TMS320C2000 Linker PC v20.2.5                     
******************************************************************************
>> Linked Sat Oct 30 23:16:23 2021

OUTPUT FILE NAME:   <empty_sysconfig_337zwt.out>
ENTRY POINT SYMBOL: "code_start"  address: 00000000


MEMORY CONFIGURATION

         name            origin    length      used     unused   attr    fill
----------------------  --------  ---------  --------  --------  ----  --------
PAGE 0:
  BEGIN                 00000000   00000002  00000002  00000000  RWIX
  RAMM0                 00000123   000002dd  0000026d  00000070  RWIX
  RAMLS0                00008000   00000800  00000800  00000000  RWIX
  RAMLS1                00008800   00000800  000007fb  00000005  RWIX
  RAMLS2                00009000   00000800  00000251  000005af  RWIX
  RAMLS3                00009800   00000800  00000000  00000800  RWIX
  RAMLS4                0000a000   00000800  00000000  00000800  RWIX
  RAMD0                 0000b000   00000800  00000800  00000000  RWIX
  RAMGS9                00015000   00001000  00000000  00001000  RWIX
  RAMGS10               00016000   00001000  000008ee  00000712  RWIX
  RAMGS14               0001a000   00001000  00000000  00001000  RWIX
  RESET                 003fffc0   00000002  00000000  00000002  RWIX

PAGE 1:
  BOOT_RSVD             00000002   00000121  00000000  00000121  RWIX
  RAMM1                 00000400   000003f8  000003f8  00000000  RWIX
  RAMLS5                0000a800   00000800  000001b2  0000064e  RWIX
  RAMD1                 0000b800   00000800  00000000  00000800  RWIX
  RAMGS0                0000c000   00001000  00000000  00001000  RWIX
  RAMGS1                0000d000   00001000  00000000  00001000  RWIX
  RAMGS2                0000e000   00001000  00000000  00001000  RWIX
  RAMGS3                0000f000   00001000  00000000  00001000  RWIX
  RAMGS4                00010000   00001000  00000000  00001000  RWIX
  RAMGS5                00011000   00001000  00000000  00001000  RWIX
  RAMGS6                00012000   00001000  00000000  00001000  RWIX
  RAMGS7                00013000   00001000  00000000  00001000  RWIX
  RAMGS8                00014000   00001000  00000000  00001000  RWIX
  RAMGS11               00017000   00001000  00000000  00001000  RWIX
  RAMGS12               00018000   00001000  00000000  00001000  RWIX
  RAMGS13               00019000   00001000  00000000  00001000  RWIX
  RAMGS15               0001b000   00000ff8  00000979  0000067f  RWIX
  CPU2TOCPU1RAM         0003f800   00000400  00000000  00000400  RWIX
  CPU1TOCPU2RAM         0003fc00   00000400  00000000  00000400  RWIX
  CANA_MSG_RAM          00049000   00000800  00000000  00000800  RWIX
  CANB_MSG_RAM          0004b000   00000800  00000000  00000800  RWIX


SECTION ALLOCATION MAP

 output                                  attributes/
section   page    origin      length       input sections
--------  ----  ----------  ----------   ----------------
codestart 
*          0    00000000    00000002     
                  00000000    00000002     F2837xD_CodeStartBranch.obj (codestart)

.cinit     0    00000127    00000269     
                  00000127    000000aa     pid.obj (.cinit)
                  000001d1    000000a4     transform.obj (.cinit)
                  00000275    00000086     main.obj (.cinit)
                  000002fb    00000046     queque.obj (.cinit)
                  00000341    0000000f     queque.obj (.cinit:_SOS)
                  00000350    0000000f     queque.obj (.cinit:_SOS_lowPass)
                  0000035f    0000000f     device.obj (.cinit)
                  0000036e    0000000e     rts2800_fpu32.lib : exit.c.obj (.cinit)
                  0000037c    00000008     protect.obj (.cinit)
                  00000384    00000005     rts2800_fpu32.lib : _lock.c.obj (.cinit:__lock)
                  00000389    00000005                       : _lock.c.obj (.cinit:__unlock)
                  0000038e    00000002     --HOLE-- [fill = 0]

.reset     0    003fffc0    00000002     DSECT
                  003fffc0    00000002     rts2800_fpu32.lib : boot28.asm.obj (.reset)

.stack     1    00000400    000003f8     UNINITIALIZED
                  00000400    000003f8     --HOLE--

.pinit     0    00000123    00000000     UNINITIALIZED

.ebss      1    0000a800    000001b2     UNINITIALIZED
                  0000a800    0000009c     pid.obj (.ebss)
                  0000a89c    0000000c     queque.obj (.ebss:_SOS)
                  0000a8a8    0000000c     queque.obj (.ebss:_SOS_lowPass)
                  0000a8b4    00000006     device.obj (.ebss)
                  0000a8ba    00000006     rts2800_fpu32.lib : exit.c.obj (.ebss)
                  0000a8c0    00000064     transform.obj (.ebss)
                  0000a924    00000002     rts2800_fpu32.lib : _lock.c.obj (.ebss:__lock)
                  0000a926    00000002                       : _lock.c.obj (.ebss:__unlock)
                  0000a928    00000002     protect.obj (.ebss)
                  0000a92a    00000016     --HOLE--
                  0000a940    00000034     queque.obj (.ebss)
                  0000a974    0000000c     --HOLE--
                  0000a980    00000032     main.obj (.ebss)

.econst    1    0001b000    00000979     
                  0001b000    00000240     nokia_5110.obj (.econst:_write_chinese)
                  0001b240    00000228     nokia_5110.obj (.econst:_font6x8)
                  0001b468    00000120     main.obj (.econst:.string)
                  0001b588    000000f5     driverlib_coff.lib : sysctl.obj (.econst:.string)
                  0001b67d    00000001     --HOLE-- [fill = 0]
                  0001b67e    000000ef                        : gpio.obj (.econst:.string)
                  0001b76d    00000001     --HOLE-- [fill = 0]
                  0001b76e    0000008f     nokia_5110.obj (.econst:.string)
                  0001b7fd    00000001     --HOLE-- [fill = 0]
                  0001b7fe    0000007c     driverlib_coff.lib : interrupt.obj (.econst:.string)
                  0001b87a    00000076                        : adc.obj (.econst:.string)
                  0001b8f0    00000076                        : spi.obj (.econst:.string)
                  0001b966    00000013     device.obj (.econst:.string)

.TI.ramfunc 
*          0    00000123    00000004     
                  00000123    00000004     driverlib_coff.lib : sysctl.obj (.TI.ramfunc)

GETBUFFER 
*          0    0003f800    00000000     DSECT

GETWRITEIDX 
*          0    0003f800    00000000     DSECT

PUTREADIDX 
*          0    0003f800    00000000     DSECT

.text.1    0    00008000    00000800     
                  00008000    0000040a     nokia_5110.obj (.text)
                  0000840a    000001c0     queque.obj (.text)
                  000085ca    00000110     transform.obj (.text)
                  000086da    000000b1     pid.obj (.text)
                  0000878b    0000006f     driverlib_coff.lib : sysctl.obj (.text:_SysCtl_selectXTAL)
                  000087fa    00000002                        : interrupt.obj (.text:_Interrupt_illegalOperationHandler)
                  000087fc    00000002                        : interrupt.obj (.text:_Interrupt_nmiHandler)
                  000087fe    00000002     rts2800_fpu32.lib : pre_init.c.obj (.text)

.text.2    0    00008800    000007fb     
                  00008800    00000404     device.obj (.text)
                  00008c04    00000088     rts2800_fpu32.lib : fs_div28.asm.obj (.text)
                  00008c8c    00000068     driverlib_coff.lib : sysctl.obj (.text:_SysCtl_getDeviceParametric)
                  00008cf4    0000005c                        : spi.obj (.text:_SPI_setConfig)
                  00008d50    00000056     rts2800_fpu32.lib : boot28.asm.obj (.text)
                  00008da6    00000054     driverlib_coff.lib : sysctl.obj (.text:_SysCtl_selectOscSource)
                  00008dfa    00000052                        : gpio.obj (.text:_GPIO_setPadConfig)
                  00008e4c    00000051                        : sysctl.obj (.text:_SysCtl_getClock)
                  00008e9d    0000003d                        : interrupt.obj (.text:_Interrupt_initModule)
                  00008eda    00000038                        : gpio.obj (.text:_GPIO_setMasterCore)
                  00008f12    00000038                        : gpio.obj (.text:_GPIO_setQualificationMode)
                  00008f4a    00000037                        : gpio.obj (.text:_GPIO_setPinConfig)
                  00008f81    00000034                        : interrupt.obj (.text:_Interrupt_enable)
                  00008fb5    00000033                        : spi.obj (.text:_SPI_setBaudRate)
                  00008fe8    00000012                        : sysctl.obj (.text:_CPUTimer_clearOverflowFlag)
                  00008ffa    00000001     rts2800_fpu32.lib : startup.c.obj (.text)

.text.3    0    00009000    00000251     
                  00009000    00000031     driverlib_coff.lib : gpio.obj (.text:_GPIO_setDirectionMode)
                  00009031    00000029     rts2800_fpu32.lib : exit.c.obj (.text)
                  0000905a    00000024                       : cpy_tbl.c.obj (.text)
                  0000907e    00000022                       : i_div28.asm.obj (.text)
                  000090a0    00000020     driverlib_coff.lib : sysctl.obj (.text:_CPUTimer_getTimerOverflowStatus)
                  000090c0    00000020                        : interrupt.obj (.text:_Interrupt_initVectorTable)
                  000090e0    0000001f                        : adc.obj (.text:_ADC_isBaseValid)
                  000090ff    0000001d     rts2800_fpu32.lib : memcpy.c.obj (.text)
                  0000911c    0000001a     driverlib_coff.lib : sysctl.obj (.text:_CPUTimer_isBaseValid)
                  00009136    0000001a                        : spi.obj (.text:_SPI_isBaseValid)
                  00009150    0000001a                        : sysctl.obj (.text:_SysCtl_getLowSpeedClock)
                  0000916a    00000019                        : sysctl.obj (.text:_CPUTimer_startTimer)
                  00009183    00000019                        : sysctl.obj (.text:_SysCtl_pollCpuTimer)
                  0000919c    00000012                        : sysctl.obj (.text:_CPUTimer_disableInterrupt)
                  000091ae    00000012                        : sysctl.obj (.text:_CPUTimer_setPeriod)
                  000091c0    00000012                        : sysctl.obj (.text:_CPUTimer_stopTimer)
                  000091d2    00000012     rts2800_fpu32.lib : args_main.c.obj (.text)
                  000091e4    0000000e     driverlib_coff.lib : gpio.obj (.text:_GPIO_isPinValid)
                  000091f2    0000000e                        : interrupt.obj (.text:_Interrupt_defaultHandler)
                  00009200    0000000d                        : interrupt.obj (.text:_Interrupt_disableMaster)
                  0000920d    0000000d                        : interrupt.obj (.text:_Interrupt_enableMaster)
                  0000921a    0000000b                        : sysctl.obj (.text:_SysCtl_isMCDClockFailureDetected)
                  00009225    0000000b     rts2800_fpu32.lib : u_div28.asm.obj (.text)
                  00009230    00000009     driverlib_coff.lib : sysctl.obj (.text:_SysCtl_serviceWatchdog)
                  00009239    00000009     rts2800_fpu32.lib : _lock.c.obj (.text)
                  00009242    00000008     F2837xD_CodeStartBranch.obj (.text)
                  0000924a    00000007     driverlib_coff.lib : sysctl.obj (.text:_SysCtl_resetMCD)

.text.4    0    0000b000    00000800     
                  0000b000    0000050a     main.obj (.text:retain)
                  0000b50a    00000215     driverlib_coff.lib : sysctl.obj (.text:_SysCtl_setClock)
                  0000b71f    000000bd                        : adc.obj (.text:_ADC_setMode)
                  0000b7dc    00000024                        : sysctl.obj (.text:_CPUTimer_selectClockSource)

.text.5    0    00016000    000008ee     
                  00016000    000008ee     main.obj (.text)

MODULE SUMMARY

       Module                        code   initialized data   uninitialized data
       ------                        ----   ----------------   ------------------
    .\
       main.obj                      3576   422                50                
       nokia_5110.obj                1034   1271               0                 
       queque.obj                    448    100                76                
       transform.obj                 272    164                100               
       pid.obj                       177    170                156               
       protect.obj                   0      8                  2                 
    +--+-----------------------------+------+------------------+--------------------+
       Total:                        5507   2135               384               
                                                                                 
    .\device\
       device.obj                    1028   34                 6                 
       F2837xD_CodeStartBranch.obj   10     0                  0                 
    +--+-----------------------------+------+------------------+--------------------+
       Total:                        1038   34                 6                 
                                                                                 
    D:\CCS\C2000Ware_3_04_00_00_Software\driverlib\f2837xd\driverlib\ccs\Debug\driverlib_coff.lib
       sysctl.obj                    1186   245                0                 
       gpio.obj                      312    239                0                 
       adc.obj                       220    118                0                 
       interrupt.obj                 189    124                0                 
       spi.obj                       169    118                0                 
    +--+-----------------------------+------+------------------+--------------------+
       Total:                        2076   844                0                 
                                                                                 
    D:\CCS\ccs\tools\compiler\ti-cgt-c2000_20.2.5.LTS\lib\rts2800_fpu32.lib
       fs_div28.asm.obj              136    0                  0                 
       boot28.asm.obj                86     0                  0                 
       exit.c.obj                    41     14                 6                 
       cpy_tbl.c.obj                 36     0                  0                 
       i_div28.asm.obj               34     0                  0                 
       memcpy.c.obj                  29     0                  0                 
       _lock.c.obj                   9      10                 4                 
       args_main.c.obj               18     0                  0                 
       u_div28.asm.obj               11     0                  0                 
       pre_init.c.obj                2      0                  0                 
       startup.c.obj                 1      0                  0                 
    +--+-----------------------------+------+------------------+--------------------+
       Total:                        403    24                 10                
                                                                                 
       Stack:                        0      0                  1016              
    +--+-----------------------------+------+------------------+--------------------+
       Grand Total:                  9024   3037               1416              


GLOBAL DATA SYMBOLS: SORTED BY DATA PAGE

address     data page           name
--------    ----------------    ----
00000400      10 (00000400)     __stack

0000a800     2a0 (0000a800)     _pidI3d
0000a80e     2a0 (0000a800)     _pidI3q
0000a81c     2a0 (0000a800)     _pidI5d
0000a82a     2a0 (0000a800)     _pidI5q

0000a840     2a1 (0000a840)     _pidVd
0000a84e     2a1 (0000a840)     _pidVq
0000a85c     2a1 (0000a840)     _pidTheta
0000a86a     2a1 (0000a840)     _pidId

0000a880     2a2 (0000a880)     _pidIq
0000a88e     2a2 (0000a880)     _pidIL
0000a89c     2a2 (0000a880)     _SOS
0000a8a8     2a2 (0000a880)     _SOS_lowPass
0000a8b4     2a2 (0000a880)     _Example_Result
0000a8b6     2a2 (0000a880)     _Example_PassCount
0000a8b8     2a2 (0000a880)     _Example_Fail
0000a8ba     2a2 (0000a880)     ___TI_enable_exit_profile_output
0000a8bc     2a2 (0000a880)     ___TI_cleanup_ptr
0000a8be     2a2 (0000a880)     ___TI_dtors_ptr

0000a8c0     2a3 (0000a8c0)     _f
0000a8c2     2a3 (0000a8c0)     _K
0000a8c4     2a3 (0000a8c0)     _I_2Phase
0000a8c8     2a3 (0000a8c0)     _p2refVolt
0000a8cc     2a3 (0000a8c0)     _p2refCurrent
0000a8d0     2a3 (0000a8c0)     _dutyRate_2Phase
0000a8d4     2a3 (0000a8c0)     _W_2Phase
0000a8d8     2a3 (0000a8c0)     _IL_2Phase
0000a8dc     2a3 (0000a8c0)     _Vs_2Phase
0000a8e0     2a3 (0000a8c0)     _Vs_dq
0000a8e4     2a3 (0000a8c0)     _IL_dq
0000a8e8     2a3 (0000a8c0)     _V_dq
0000a8ec     2a3 (0000a8c0)     _I_dq
0000a8f0     2a3 (0000a8c0)     _W_dq
0000a8f4     2a3 (0000a8c0)     _dutyRate_dq
0000a8f8     2a3 (0000a8c0)     _V_3Phase

0000a900     2a4 (0000a900)     _p3refVolt
0000a906     2a4 (0000a900)     _p3refCurrent
0000a90c     2a4 (0000a900)     _dutyRate_3Phase
0000a912     2a4 (0000a900)     _W_3Phase
0000a918     2a4 (0000a900)     _IL_3Phase
0000a91e     2a4 (0000a900)     _Vs_3Phase
0000a924     2a4 (0000a900)     __lock
0000a926     2a4 (0000a900)     __unlock
0000a928     2a4 (0000a900)     _inFlag
0000a929     2a4 (0000a900)     _lastInFlag

0000a940     2a5 (0000a940)     _scale
0000a942     2a5 (0000a940)     _scale_lowPass
0000a944     2a5 (0000a940)     _qV1
0000a950     2a5 (0000a940)     _Vsa
0000a95c     2a5 (0000a940)     _Vsb
0000a968     2a5 (0000a940)     _Vsc

0000a980     2a6 (0000a980)     _state_flag
0000a981     2a6 (0000a980)     _last_flag
0000a982     2a6 (0000a980)     _state
0000a983     2a6 (0000a980)     _temp
0000a984     2a6 (0000a980)     _shutdown
0000a985     2a6 (0000a980)     _sb
0000a986     2a6 (0000a980)     _result0
0000a988     2a6 (0000a980)     _result1
0000a98a     2a6 (0000a980)     _result2
0000a98c     2a6 (0000a980)     _result3
0000a98e     2a6 (0000a980)     _result4
0000a990     2a6 (0000a980)     _result5
0000a992     2a6 (0000a980)     _result6
0000a994     2a6 (0000a980)     _V1
0000a996     2a6 (0000a980)     _V2
0000a998     2a6 (0000a980)     _V3
0000a99a     2a6 (0000a980)     _V4
0000a99c     2a6 (0000a980)     _V5
0000a99e     2a6 (0000a980)     _V6
0000a9a0     2a6 (0000a980)     _V7
0000a9a2     2a6 (0000a980)     _Vout
0000a9a4     2a6 (0000a980)     _Iref
0000a9a6     2a6 (0000a980)     _Im
0000a9a8     2a6 (0000a980)     _set_volt
0000a9aa     2a6 (0000a980)     _theta
0000a9ac     2a6 (0000a980)     _deltaw
0000a9ae     2a6 (0000a980)     _w0
0000a9b0     2a6 (0000a980)     _DAout

0001b000     6c0 (0001b000)     _write_chinese

0001b240     6c9 (0001b240)     _font6x8


GLOBAL SYMBOLS: SORTED ALPHABETICALLY BY Name 

page  address   name                                      
----  -------   ----                                      
abs   ffffffff  .text                                     
0     00009031  C$$EXIT                                   
0     00008c04  FS$$DIV                                   
0     0000907e  I$$DIV                                    
0     0000908f  I$$MOD                                    
0     00009225  U$$DIV                                    
0     0000922a  U$$MOD                                    
0     0000b71f  _ADC_setMode                              
0     00008474  _AverFilter                               
0     00008523  _ButterWorthFilter                        
1     0000a9b0  _DAout                                    
0     00008a78  _Device_bootCPU2                          
0     00008a47  _Device_configureTMXAnalogTrim            
0     000088eb  _Device_enableAllPeripherals              
0     00008a31  _Device_enableUnbondedGPIOPullups         
0     00008a0e  _Device_enableUnbondedGPIOPullupsFor100Pin
0     000089f7  _Device_enableUnbondedGPIOPullupsFor176Pin
0     000088ab  _Device_init                              
0     000089d6  _Device_initGPIO                          
1     0000a8b8  _Example_Fail                             
1     0000a8b6  _Example_PassCount                        
1     0000a8b4  _Example_Result                           
0     00008c03  _Example_done                             
0     00008bfe  _Example_setResultFail                    
0     00008bf9  _Example_setResultPass                    
0     000166db  _GPIO_init                                
0     00009000  _GPIO_setDirectionMode                    
0     00008eda  _GPIO_setMasterCore                       
0     00008dfa  _GPIO_setPadConfig                        
0     00008f4a  _GPIO_setPinConfig                        
0     00008f12  _GPIO_setQualificationMode                
1     0000a8d8  _IL_2Phase                                
1     0000a918  _IL_3Phase                                
1     0000a8e4  _IL_dq                                    
1     0000a8c4  _I_2Phase                                 
1     0000a8ec  _I_dq                                     
1     0000a9a6  _Im                                       
0     0000850e  _InButterQueue                            
0     00008437  _InQueue                                  
0     000084ec  _InitButterQueue                          
0     0000840a  _InitQueue                                
0     00008f81  _Interrupt_enable                         
0     00008e9d  _Interrupt_initModule                     
0     000090c0  _Interrupt_initVectorTable                
1     0000a9a4  _Iref                                     
1     0000a8c2  _K                                        
0     000080d0  _LCD_GPIO_Init                            
0     00008286  _LCD_ShowChar                             
0     0000835e  _LCD_ShowFloat                            
0     000082a1  _LCD_ShowNum                              
0     000082d7  _LCD_ShowSetFloat                         
0     000083a1  _LCD_ShowString                           
0     000081cf  _LCD_clear                                
0     00008193  _LCD_init                                 
0     00008291  _LCD_mypow                                
0     000081e8  _LCD_set_XY                               
0     0000826b  _LCD_write_byte                           
0     000081fe  _LCD_write_char                           
0     0000822a  _LCD_write_chinese_string                 
0     00008218  _LCD_write_english_string                 
0     00008454  _OutQueue                                 
0     000086da  _PIDCalc                                  
0     0000873f  _PIDCalcInc                               
1     0000a89c  _SOS                                      
1     0000a8a8  _SOS_lowPass                              
0     00008151  _SPI_init                                 
0     00008fb5  _SPI_setBaudRate                          
0     00008cf4  _SPI_setConfig                            
0     00000123  _SysCtl_delay                             
0     00008e4c  _SysCtl_getClock                          
0     00008c8c  _SysCtl_getDeviceParametric               
0     00009150  _SysCtl_getLowSpeedClock                  
0     00008da6  _SysCtl_selectOscSource                   
0     0000878b  _SysCtl_selectXTAL                        
0     0000b50a  _SysCtl_setClock                          
1     0000a994  _V1                                       
1     0000a996  _V2                                       
1     0000a998  _V3                                       
1     0000a99a  _V4                                       
1     0000a99c  _V5                                       
1     0000a99e  _V6                                       
1     0000a9a0  _V7                                       
1     0000a8f8  _V_3Phase                                 
1     0000a8e8  _V_dq                                     
1     0000a9a2  _Vout                                     
1     0000a8dc  _Vs_2Phase                                
1     0000a91e  _Vs_3Phase                                
1     0000a8e0  _Vs_dq                                    
1     0000a950  _Vsa                                      
1     0000a95c  _Vsb                                      
1     0000a968  _Vsc                                      
1     0000a8d4  _W_2Phase                                 
1     0000a912  _W_3Phase                                 
1     0000a8f0  _W_dq                                     
1     000007f8  __STACK_END                               
abs   000003f8  __STACK_SIZE                              
1     0000a8bc  ___TI_cleanup_ptr                         
1     0000a8be  ___TI_dtors_ptr                           
1     0000a8ba  ___TI_enable_exit_profile_output          
abs   ffffffff  ___TI_pprof_out_hndl                      
abs   ffffffff  ___TI_prof_data_size                      
abs   ffffffff  ___TI_prof_data_start                     
abs   ffffffff  ___binit__                                
abs   ffffffff  ___c_args__                               
0     00000127  ___cinit__                                
0     00008bf2  ___error__                                
abs   ffffffff  ___etext__                                
abs   ffffffff  ___pinit__                                
abs   ffffffff  ___text__                                 
0     000091d2  __args_main                               
1     0000a924  __lock                                    
0     00009241  __nop                                     
0     0000923d  __register_lock                           
0     00009239  __register_unlock                         
1     00000400  __stack                                   
0     00008ffa  __system_post_cinit                       
0     000087fe  __system_pre_init                         
1     0000a926  __unlock                                  
0     00009031  _abort                                    
0     0000b000  _adcA1ISR                                 
0     0000818c  _board_init                               
0     00008d50  _c_int00                                  
0     000085ca  _clarkTransformation                      
0     00016781  _configureADC                             
0     000166c4  _configureDAC                             
0     0001668c  _configurePhase                           
0     0000905a  _copy_in                                  
1     0000a9ac  _deltaw                                   
1     0000a8d0  _dutyRate_2Phase                          
1     0000a90c  _dutyRate_3Phase                          
1     0000a8f4  _dutyRate_dq                              
0     0000b0ce  _epwm1ISR                                 
0     00009033  _exit                                     
1     0000a8c0  _f                                        
1     0001b240  _font6x8                                  
1     0000a928  _inFlag                                   
0     00016889  _initADCSOC                               
0     00016799  _initEPWM                                 
0     00008607  _invClarkTransformation                   
0     00008690  _invParkTransformation                    
0     0001661d  _keyboard                                 
1     0000a929  _lastInFlag                               
1     0000a981  _last_flag                                
0     000165b5  _main                                     
0     000090ff  _memcpy                                   
1     0000a8cc  _p2refCurrent                             
1     0000a8c8  _p2refVolt                                
1     0000a906  _p3refCurrent                             
1     0000a900  _p3refVolt                                
0     00008645  _parkTransformation                       
1     0000a800  _pidI3d                                   
1     0000a80e  _pidI3q                                   
1     0000a81c  _pidI5d                                   
1     0000a82a  _pidI5q                                   
1     0000a88e  _pidIL                                    
1     0000a86a  _pidId                                    
1     0000a880  _pidIq                                    
1     0000a85c  _pidTheta                                 
1     0000a840  _pidVd                                    
1     0000a84e  _pidVq                                    
0     00008118  _pinMux_init                              
1     0000a944  _qV1                                      
1     0000a986  _result0                                  
1     0000a988  _result1                                  
1     0000a98a  _result2                                  
1     0000a98c  _result3                                  
1     0000a98e  _result4                                  
1     0000a990  _result5                                  
1     0000a992  _result6                                  
1     0000a985  _sb                                       
1     0000a940  _scale                                    
1     0000a942  _scale_lowPass                            
1     0000a9a8  _set_volt                                 
0     000083b3  _show_adc_result                          
0     000083dd  _show_warning1                            
0     000083ec  _show_warning2                            
0     000083fb  _show_warning3                            
1     0000a984  _shutdown                                 
1     0000a982  _state                                    
1     0000a980  _state_flag                               
1     0000a983  _temp                                     
1     0000a9aa  _theta                                    
1     0000a9ae  _w0                                       
1     0001b000  _write_chinese                            
abs   ffffffff  binit                                     
0     00000127  cinit                                     
0     00000000  code_start                                
abs   ffffffff  etext                                     
abs   ffffffff  pinit                                     


GLOBAL SYMBOLS: SORTED BY Symbol Address 

page  address   name                                      
----  -------   ----                                      
0     00000000  code_start                                
0     00000123  _SysCtl_delay                             
0     00000127  ___cinit__                                
0     00000127  cinit                                     
0     000080d0  _LCD_GPIO_Init                            
0     00008118  _pinMux_init                              
0     00008151  _SPI_init                                 
0     0000818c  _board_init                               
0     00008193  _LCD_init                                 
0     000081cf  _LCD_clear                                
0     000081e8  _LCD_set_XY                               
0     000081fe  _LCD_write_char                           
0     00008218  _LCD_write_english_string                 
0     0000822a  _LCD_write_chinese_string                 
0     0000826b  _LCD_write_byte                           
0     00008286  _LCD_ShowChar                             
0     00008291  _LCD_mypow                                
0     000082a1  _LCD_ShowNum                              
0     000082d7  _LCD_ShowSetFloat                         
0     0000835e  _LCD_ShowFloat                            
0     000083a1  _LCD_ShowString                           
0     000083b3  _show_adc_result                          
0     000083dd  _show_warning1                            
0     000083ec  _show_warning2                            
0     000083fb  _show_warning3                            
0     0000840a  _InitQueue                                
0     00008437  _InQueue                                  
0     00008454  _OutQueue                                 
0     00008474  _AverFilter                               
0     000084ec  _InitButterQueue                          
0     0000850e  _InButterQueue                            
0     00008523  _ButterWorthFilter                        
0     000085ca  _clarkTransformation                      
0     00008607  _invClarkTransformation                   
0     00008645  _parkTransformation                       
0     00008690  _invParkTransformation                    
0     000086da  _PIDCalc                                  
0     0000873f  _PIDCalcInc                               
0     0000878b  _SysCtl_selectXTAL                        
0     000087fe  __system_pre_init                         
0     000088ab  _Device_init                              
0     000088eb  _Device_enableAllPeripherals              
0     000089d6  _Device_initGPIO                          
0     000089f7  _Device_enableUnbondedGPIOPullupsFor176Pin
0     00008a0e  _Device_enableUnbondedGPIOPullupsFor100Pin
0     00008a31  _Device_enableUnbondedGPIOPullups         
0     00008a47  _Device_configureTMXAnalogTrim            
0     00008a78  _Device_bootCPU2                          
0     00008bf2  ___error__                                
0     00008bf9  _Example_setResultPass                    
0     00008bfe  _Example_setResultFail                    
0     00008c03  _Example_done                             
0     00008c04  FS$$DIV                                   
0     00008c8c  _SysCtl_getDeviceParametric               
0     00008cf4  _SPI_setConfig                            
0     00008d50  _c_int00                                  
0     00008da6  _SysCtl_selectOscSource                   
0     00008dfa  _GPIO_setPadConfig                        
0     00008e4c  _SysCtl_getClock                          
0     00008e9d  _Interrupt_initModule                     
0     00008eda  _GPIO_setMasterCore                       
0     00008f12  _GPIO_setQualificationMode                
0     00008f4a  _GPIO_setPinConfig                        
0     00008f81  _Interrupt_enable                         
0     00008fb5  _SPI_setBaudRate                          
0     00008ffa  __system_post_cinit                       
0     00009000  _GPIO_setDirectionMode                    
0     00009031  C$$EXIT                                   
0     00009031  _abort                                    
0     00009033  _exit                                     
0     0000905a  _copy_in                                  
0     0000907e  I$$DIV                                    
0     0000908f  I$$MOD                                    
0     000090c0  _Interrupt_initVectorTable                
0     000090ff  _memcpy                                   
0     00009150  _SysCtl_getLowSpeedClock                  
0     000091d2  __args_main                               
0     00009225  U$$DIV                                    
0     0000922a  U$$MOD                                    
0     00009239  __register_unlock                         
0     0000923d  __register_lock                           
0     00009241  __nop                                     
0     0000b000  _adcA1ISR                                 
0     0000b0ce  _epwm1ISR                                 
0     0000b50a  _SysCtl_setClock                          
0     0000b71f  _ADC_setMode                              
0     000165b5  _main                                     
0     0001661d  _keyboard                                 
0     0001668c  _configurePhase                           
0     000166c4  _configureDAC                             
0     000166db  _GPIO_init                                
0     00016781  _configureADC                             
0     00016799  _initEPWM                                 
0     00016889  _initADCSOC                               
1     00000400  __stack                                   
1     000007f8  __STACK_END                               
1     0000a800  _pidI3d                                   
1     0000a80e  _pidI3q                                   
1     0000a81c  _pidI5d                                   
1     0000a82a  _pidI5q                                   
1     0000a840  _pidVd                                    
1     0000a84e  _pidVq                                    
1     0000a85c  _pidTheta                                 
1     0000a86a  _pidId                                    
1     0000a880  _pidIq                                    
1     0000a88e  _pidIL                                    
1     0000a89c  _SOS                                      
1     0000a8a8  _SOS_lowPass                              
1     0000a8b4  _Example_Result                           
1     0000a8b6  _Example_PassCount                        
1     0000a8b8  _Example_Fail                             
1     0000a8ba  ___TI_enable_exit_profile_output          
1     0000a8bc  ___TI_cleanup_ptr                         
1     0000a8be  ___TI_dtors_ptr                           
1     0000a8c0  _f                                        
1     0000a8c2  _K                                        
1     0000a8c4  _I_2Phase                                 
1     0000a8c8  _p2refVolt                                
1     0000a8cc  _p2refCurrent                             
1     0000a8d0  _dutyRate_2Phase                          
1     0000a8d4  _W_2Phase                                 
1     0000a8d8  _IL_2Phase                                
1     0000a8dc  _Vs_2Phase                                
1     0000a8e0  _Vs_dq                                    
1     0000a8e4  _IL_dq                                    
1     0000a8e8  _V_dq                                     
1     0000a8ec  _I_dq                                     
1     0000a8f0  _W_dq                                     
1     0000a8f4  _dutyRate_dq                              
1     0000a8f8  _V_3Phase                                 
1     0000a900  _p3refVolt                                
1     0000a906  _p3refCurrent                             
1     0000a90c  _dutyRate_3Phase                          
1     0000a912  _W_3Phase                                 
1     0000a918  _IL_3Phase                                
1     0000a91e  _Vs_3Phase                                
1     0000a924  __lock                                    
1     0000a926  __unlock                                  
1     0000a928  _inFlag                                   
1     0000a929  _lastInFlag                               
1     0000a940  _scale                                    
1     0000a942  _scale_lowPass                            
1     0000a944  _qV1                                      
1     0000a950  _Vsa                                      
1     0000a95c  _Vsb                                      
1     0000a968  _Vsc                                      
1     0000a980  _state_flag                               
1     0000a981  _last_flag                                
1     0000a982  _state                                    
1     0000a983  _temp                                     
1     0000a984  _shutdown                                 
1     0000a985  _sb                                       
1     0000a986  _result0                                  
1     0000a988  _result1                                  
1     0000a98a  _result2                                  
1     0000a98c  _result3                                  
1     0000a98e  _result4                                  
1     0000a990  _result5                                  
1     0000a992  _result6                                  
1     0000a994  _V1                                       
1     0000a996  _V2                                       
1     0000a998  _V3                                       
1     0000a99a  _V4                                       
1     0000a99c  _V5                                       
1     0000a99e  _V6                                       
1     0000a9a0  _V7                                       
1     0000a9a2  _Vout                                     
1     0000a9a4  _Iref                                     
1     0000a9a6  _Im                                       
1     0000a9a8  _set_volt                                 
1     0000a9aa  _theta                                    
1     0000a9ac  _deltaw                                   
1     0000a9ae  _w0                                       
1     0000a9b0  _DAout                                    
1     0001b000  _write_chinese                            
1     0001b240  _font6x8                                  
abs   000003f8  __STACK_SIZE                              
abs   ffffffff  .text                                     
abs   ffffffff  ___TI_pprof_out_hndl                      
abs   ffffffff  ___TI_prof_data_size                      
abs   ffffffff  ___TI_prof_data_start                     
abs   ffffffff  ___binit__                                
abs   ffffffff  ___c_args__                               
abs   ffffffff  ___etext__                                
abs   ffffffff  ___pinit__                                
abs   ffffffff  ___text__                                 
abs   ffffffff  binit                                     
abs   ffffffff  etext                                     
abs   ffffffff  pinit                                     

[189 symbols]
