******************************************************************************
                  MSP430 Linker PC v20.2.5                     
******************************************************************************
>> Linked Sat Jul 16 21:41:17 2022

OUTPUT FILE NAME:   <BUCK_PID_TEST.out>
ENTRY POINT SYMBOL: "_c_int00_noargs"  address: 00005d94


MEMORY CONFIGURATION

         name            origin    length      used     unused   attr    fill
----------------------  --------  ---------  --------  --------  ----  --------
  SFR                   00000000   00000010  00000000  00000010  RWIX
  PERIPHERALS_8BIT      00000010   000000f0  00000000  000000f0  RWIX
  PERIPHERALS_16BIT     00000100   00000100  00000000  00000100  RWIX
  INFOD                 00001800   00000080  00000000  00000080  RWIX
  INFOC                 00001880   00000080  00000000  00000080  RWIX
  INFOB                 00001900   00000080  00000000  00000080  RWIX
  INFOA                 00001980   00000080  00000000  00000080  RWIX
  RAM                   00001c00   00004000  0000015e  00003ea2  RWIX
  FLASH                 00005c00   0000a380  00000686  00009cfa  RWIX
  INT00                 0000ff80   00000002  00000000  00000002  RWIX
  INT01                 0000ff82   00000002  00000000  00000002  RWIX
  INT02                 0000ff84   00000002  00000000  00000002  RWIX
  INT03                 0000ff86   00000002  00000000  00000002  RWIX
  INT04                 0000ff88   00000002  00000000  00000002  RWIX
  INT05                 0000ff8a   00000002  00000000  00000002  RWIX
  INT06                 0000ff8c   00000002  00000000  00000002  RWIX
  INT07                 0000ff8e   00000002  00000000  00000002  RWIX
  INT08                 0000ff90   00000002  00000000  00000002  RWIX
  INT09                 0000ff92   00000002  00000000  00000002  RWIX
  INT10                 0000ff94   00000002  00000000  00000002  RWIX
  INT11                 0000ff96   00000002  00000000  00000002  RWIX
  INT12                 0000ff98   00000002  00000000  00000002  RWIX
  INT13                 0000ff9a   00000002  00000000  00000002  RWIX
  INT14                 0000ff9c   00000002  00000000  00000002  RWIX
  INT15                 0000ff9e   00000002  00000000  00000002  RWIX
  INT16                 0000ffa0   00000002  00000000  00000002  RWIX
  INT17                 0000ffa2   00000002  00000000  00000002  RWIX
  INT18                 0000ffa4   00000002  00000000  00000002  RWIX
  INT19                 0000ffa6   00000002  00000000  00000002  RWIX
  INT20                 0000ffa8   00000002  00000000  00000002  RWIX
  INT21                 0000ffaa   00000002  00000000  00000002  RWIX
  INT22                 0000ffac   00000002  00000000  00000002  RWIX
  INT23                 0000ffae   00000002  00000000  00000002  RWIX
  INT24                 0000ffb0   00000002  00000000  00000002  RWIX
  INT25                 0000ffb2   00000002  00000000  00000002  RWIX
  INT26                 0000ffb4   00000002  00000000  00000002  RWIX
  INT27                 0000ffb6   00000002  00000000  00000002  RWIX
  INT28                 0000ffb8   00000002  00000000  00000002  RWIX
  INT29                 0000ffba   00000002  00000000  00000002  RWIX
  INT30                 0000ffbc   00000002  00000000  00000002  RWIX
  INT31                 0000ffbe   00000002  00000000  00000002  RWIX
  INT32                 0000ffc0   00000002  00000000  00000002  RWIX
  INT33                 0000ffc2   00000002  00000000  00000002  RWIX
  INT34                 0000ffc4   00000002  00000000  00000002  RWIX
  INT35                 0000ffc6   00000002  00000000  00000002  RWIX
  INT36                 0000ffc8   00000002  00000000  00000002  RWIX
  INT37                 0000ffca   00000002  00000000  00000002  RWIX
  INT38                 0000ffcc   00000002  00000000  00000002  RWIX
  INT39                 0000ffce   00000002  00000000  00000002  RWIX
  INT40                 0000ffd0   00000002  00000000  00000002  RWIX
  INT41                 0000ffd2   00000002  00000002  00000000  RWIX
  INT42                 0000ffd4   00000002  00000002  00000000  RWIX
  INT43                 0000ffd6   00000002  00000002  00000000  RWIX
  INT44                 0000ffd8   00000002  00000002  00000000  RWIX
  INT45                 0000ffda   00000002  00000002  00000000  RWIX
  INT46                 0000ffdc   00000002  00000002  00000000  RWIX
  INT47                 0000ffde   00000002  00000002  00000000  RWIX
  INT48                 0000ffe0   00000002  00000002  00000000  RWIX
  INT49                 0000ffe2   00000002  00000002  00000000  RWIX
  INT50                 0000ffe4   00000002  00000002  00000000  RWIX
  INT51                 0000ffe6   00000002  00000002  00000000  RWIX
  INT52                 0000ffe8   00000002  00000002  00000000  RWIX
  INT53                 0000ffea   00000002  00000002  00000000  RWIX
  INT54                 0000ffec   00000002  00000002  00000000  RWIX
  INT55                 0000ffee   00000002  00000002  00000000  RWIX
  INT56                 0000fff0   00000002  00000002  00000000  RWIX
  INT57                 0000fff2   00000002  00000002  00000000  RWIX
  INT58                 0000fff4   00000002  00000002  00000000  RWIX
  INT59                 0000fff6   00000002  00000002  00000000  RWIX
  INT60                 0000fff8   00000002  00000002  00000000  RWIX
  INT61                 0000fffa   00000002  00000002  00000000  RWIX
  INT62                 0000fffc   00000002  00000002  00000000  RWIX
  RESET                 0000fffe   00000002  00000002  00000000  RWIX
  FLASH2                00010000   00035bf8  0000260e  000335ea  RWIX


SECTION ALLOCATION MAP

 output                                  attributes/
section   page    origin      length       input sections
--------  ----  ----------  ----------   ----------------
.data      0    00001c00    000000be     UNINITIALIZED
                  00001c00    0000005c     main.obj (.data)
                  00001c5c    00000030     main.obj (.data:SOS_Vout)
                  00001c8c    0000001c     main.obj (.data:pid_Vout)
                  00001ca8    00000016     main.obj (.data:qVout)

.stack     0    00005b60    000000a0     UNINITIALIZED
                  00005b60    00000004     rts430x_lc_rd_eabi.lib : boot.c.obj (.stack)
                  00005b64    0000009c     --HOLE--

.text:_isr 
*          0    00005c00    000001be     
                  00005c00    00000134     main.obj (.text:_isr:Port_2)
                  00005d34    00000060     main.obj (.text:_isr:ADC12_ISR)
                  00005d94    0000001c     rts430x_lc_rd_eabi.lib : boot.c.obj (.text:_isr:_c_int00_noargs)
                  00005db0    00000008                            : isr_trap.asm.obj (.text:_isr:__TI_ISR_TRAP)
                  00005db8    00000006     main.obj (.text:_isr:Calculate)

.cinit     0    0000622a    0000005c     
                  0000622a    0000004c     (.cinit..data.load) [load image, compression = lzss]
                  00006276    00000008     (__TI_handler_table)
                  0000627e    00000008     (__TI_cinit_table)

.binit     0    00005c00    00000000     

.init_array 
*          0    00005c00    00000000     UNINITIALIZED

.const     0    00005dbe    0000046c     
                  00005dbe    00000240     nokia_5110.obj (.const:write_chinese)
                  00005ffe    00000228     nokia_5110.obj (.const:font6x8)
                  00006226    00000004     main.obj (.const:.string)

RTC        0    0000ffd2    00000002     
                  0000ffd2    00000002     rts430x_lc_rd_eabi.lib : int41.asm.obj (.int41)

PORT2      0    0000ffd4    00000002     
                  0000ffd4    00000002     main.obj (.int42)

USCI_B3    0    0000ffd6    00000002     
                  0000ffd6    00000002     rts430x_lc_rd_eabi.lib : int43.asm.obj (.int43)

USCI_A3    0    0000ffd8    00000002     
                  0000ffd8    00000002     rts430x_lc_rd_eabi.lib : int44.asm.obj (.int44)

USCI_B1    0    0000ffda    00000002     
                  0000ffda    00000002     rts430x_lc_rd_eabi.lib : int45.asm.obj (.int45)

USCI_A1    0    0000ffdc    00000002     
                  0000ffdc    00000002     rts430x_lc_rd_eabi.lib : int46.asm.obj (.int46)

PORT1      0    0000ffde    00000002     
                  0000ffde    00000002     rts430x_lc_rd_eabi.lib : int47.asm.obj (.int47)

TIMER1_A1 
*          0    0000ffe0    00000002     
                  0000ffe0    00000002     rts430x_lc_rd_eabi.lib : int48.asm.obj (.int48)

TIMER1_A0 
*          0    0000ffe2    00000002     
                  0000ffe2    00000002     rts430x_lc_rd_eabi.lib : int49.asm.obj (.int49)

DMA        0    0000ffe4    00000002     
                  0000ffe4    00000002     rts430x_lc_rd_eabi.lib : int50.asm.obj (.int50)

USCI_B2    0    0000ffe6    00000002     
                  0000ffe6    00000002     rts430x_lc_rd_eabi.lib : int51.asm.obj (.int51)

USCI_A2    0    0000ffe8    00000002     
                  0000ffe8    00000002     rts430x_lc_rd_eabi.lib : int52.asm.obj (.int52)

TIMER0_A1 
*          0    0000ffea    00000002     
                  0000ffea    00000002     rts430x_lc_rd_eabi.lib : int53.asm.obj (.int53)

TIMER0_A0 
*          0    0000ffec    00000002     
                  0000ffec    00000002     main.obj (.int54)

ADC12      0    0000ffee    00000002     
                  0000ffee    00000002     main.obj (.int55)

USCI_B0    0    0000fff0    00000002     
                  0000fff0    00000002     rts430x_lc_rd_eabi.lib : int56.asm.obj (.int56)

USCI_A0    0    0000fff2    00000002     
                  0000fff2    00000002     rts430x_lc_rd_eabi.lib : int57.asm.obj (.int57)

WDT        0    0000fff4    00000002     
                  0000fff4    00000002     rts430x_lc_rd_eabi.lib : int58.asm.obj (.int58)

TIMER0_B1 
*          0    0000fff6    00000002     
                  0000fff6    00000002     rts430x_lc_rd_eabi.lib : int59.asm.obj (.int59)

TIMER0_B0 
*          0    0000fff8    00000002     
                  0000fff8    00000002     rts430x_lc_rd_eabi.lib : int60.asm.obj (.int60)

UNMI       0    0000fffa    00000002     
                  0000fffa    00000002     rts430x_lc_rd_eabi.lib : int61.asm.obj (.int61)

SYSNMI     0    0000fffc    00000002     
                  0000fffc    00000002     rts430x_lc_rd_eabi.lib : int62.asm.obj (.int62)

.reset     0    0000fffe    00000002     
                  0000fffe    00000002     rts430x_lc_rd_eabi.lib : boot.c.obj (.reset)

.text      0    00010000    0000260e     
                  00010000    0000072a     rts430x_lc_rd_eabi.lib : addd.c.obj (.text:__mspabi_addd)
                  0001072a    00000466                            : frcdivd.c.obj (.text:__TI_frcdivd)
                  00010b90    000002d8     main.obj (.text:main)
                  00010e68    00000298     rts430x_lc_rd_eabi.lib : mpyd.c.obj (.text:__mspabi_mpyd)
                  00011100    00000222                            : divd.c.obj (.text:__mspabi_divd)
                  00011322    0000021e     filter.obj (.text:ButterWorthFilter)
                  00011540    00000164     rts430x_lc_rd_eabi.lib : frcmpyd.c.obj (.text:__TI_frcmpyd)
                  000116a4    00000132                            : fs_add.asm.obj (.text)
                  000117d6    000000e2     pid.obj (.text:PIDCalc)
                  000118b8    000000d8     rts430x_lc_rd_eabi.lib : cmpd.c.obj (.text:__mspabi_cmpd)
                  00011990    000000b8                            : fs_mpy.asm.obj (.text)
                  00011a48    000000b2                            : cvtdf.c.obj (.text:__mspabi_cvtdf)
                  00011afa    0000009e     nokia_5110.obj (.text:LCD_write_chinese_string)
                  00011b98    00000098     nokia_5110.obj (.text:LCD_ShowFloat)
                  00011c30    00000080     rts430x_lc_rd_eabi.lib : fltuld.c.obj (.text:__mspabi_fltuld)
                  00011cb0    0000007e     nokia_5110.obj (.text:LCD_ShowNum)
                  00011d2e    0000007a     nokia_5110.obj (.text:LCD_init)
                  00011da8    00000076     rts430x_lc_rd_eabi.lib : copy_decompress_lzss.c.obj (.text:decompress:lzss:__TI_decompress_lzss)
                  00011e1e    00000074     clk.obj (.text:clk_Init)
                  00011e92    0000006e     nokia_5110.obj (.text:show_adc_result)
                  00011f00    00000068     key.obj (.text:key_Init)
                  00011f68    00000068     rts430x_lc_rd_eabi.lib : fs_toi.asm.obj (.text)
                  00011fd0    00000064                            : cvtfd.c.obj (.text:__mspabi_cvtfd)
                  00012034    0000005c                            : mult64_f5hw.asm.obj (.text:__mpyll)
                  00012090    00000054                            : autoinit.c.obj (.text:__TI_auto_init_nobinit_nopinit_hold_wdt:__TI_auto_init_nobinit_nopinit_hold_wdt)
                  000120e4    0000004e     clk.obj (.text:SetVcoreUp)
                  00012132    0000004a     rts430x_lc_rd_eabi.lib : fs_cmp.asm.obj (.text)
                  0001217c    00000046     nokia_5110.obj (.text:LCD_write_byte)
                  000121c2    00000040     rts430x_lc_rd_eabi.lib : asr64.c.obj (.text:__mspabi_srall)
                  00012202    0000003e                            : asr32.asm.obj (.text:l_asr_const)
                  00012240    0000003e                            : lsl32.asm.obj (.text:l_lsl_const)
                  0001227e    0000003e                            : lsr32.asm.obj (.text:l_lsr_const)
                  000122bc    0000003a     nokia_5110.obj (.text:LCD_write_char)
                  000122f6    0000003a     rts430x_lc_rd_eabi.lib : lsl64.c.obj (.text:__mspabi_sllll)
                  00012330    0000003a                            : lsr64.c.obj (.text:__mspabi_srlll)
                  0001236a    00000038     adc.obj (.text:adc_Init)
                  000123a2    00000036     rts430x_lc_rd_eabi.lib : fs_itof.asm.obj (.text)
                  000123d8    00000034     pwm.obj (.text:TIMER0_A0_Init)
                  0001240c    00000032     filter.obj (.text:InButterQueue)
                  0001243e    00000032     rts430x_lc_rd_eabi.lib : subd.c.obj (.text:__mspabi_subd)
                  00012470    00000032     pwm.obj (.text:pwm_out)
                  000124a2    0000002c     nokia_5110.obj (.text:LCD_clear)
                  000124ce    0000002c     rts430x_lc_rd_eabi.lib : mult3264_f5hw.asm.obj (.text:__mpyull)
                  000124fa    0000002c                            : div16s.asm.obj (.text)
                  00012526    00000024                            : mult32_f5hw.asm.obj (.text)
                  0001254a    0000001e     nokia_5110.obj (.text:LCD_write_english_string)
                  00012568    0000001a     nokia_5110.obj (.text:LCD_set_XY)
                  00012582    00000018     nokia_5110.obj (.text:LCD_mypow)
                  0001259a    00000018     rts430x_lc_rd_eabi.lib : mult16_f5hw.asm.obj (.text)
                  000125b2    00000016                            : div16u.asm.obj (.text)
                  000125c8    00000014                            : memcpy.c.obj (.text:memcpy)
                  000125dc    00000012                            : copy_decompress_none.c.obj (.text:decompress:none:__TI_decompress_none)
                  000125ee    0000000e     nokia_5110.obj (.text:LCD_ShowChar)
                  000125fc    00000006     rts430x_lc_rd_eabi.lib : fltud.c.obj (.text:__mspabi_fltud)
                  00012602    00000006                            : exit.c.obj (.text:abort)
                  00012608    00000004                            : pre_init.c.obj (.text:_system_pre_init)
                  0001260c    00000002                            : startup.c.obj (.text:_system_post_cinit)

MODULE SUMMARY

       Module                       code    ro data   rw data
       ------                       ----    -------   -------
    .\
       nokia_5110.obj               934     1128      0      
       main.obj                     1138    10        190    
       filter.obj                   592     0         0      
       pid.obj                      226     0         0      
       clk.obj                      194     0         0      
       key.obj                      104     0         0      
       pwm.obj                      102     0         0      
       adc.obj                      56      0         0      
    +--+----------------------------+-------+---------+---------+
       Total:                       3346    1138      190    
                                                             
    D:\CCS\ccs\tools\compiler\ti-cgt-msp430_20.2.5.LTS\lib\rts430x_lc_rd_eabi.lib
       addd.c.obj                   1834    0         0      
       frcdivd.c.obj                1126    0         0      
       mpyd.c.obj                   664     0         0      
       divd.c.obj                   546     0         0      
       frcmpyd.c.obj                356     0         0      
       fs_add.asm.obj               306     0         0      
       cmpd.c.obj                   216     0         0      
       fs_mpy.asm.obj               184     0         0      
       cvtdf.c.obj                  178     0         0      
       fltuld.c.obj                 128     0         0      
       copy_decompress_lzss.c.obj   118     0         0      
       fs_toi.asm.obj               104     0         0      
       cvtfd.c.obj                  100     0         0      
       mult64_f5hw.asm.obj          92      0         0      
       autoinit.c.obj               84      0         0      
       fs_cmp.asm.obj               74      0         0      
       asr64.c.obj                  64      0         0      
       asr32.asm.obj                62      0         0      
       lsl32.asm.obj                62      0         0      
       lsr32.asm.obj                62      0         0      
       lsl64.c.obj                  58      0         0      
       lsr64.c.obj                  58      0         0      
       fs_itof.asm.obj              54      0         0      
       subd.c.obj                   50      0         0      
       div16s.asm.obj               44      0         0      
       mult3264_f5hw.asm.obj        44      0         0      
       mult32_f5hw.asm.obj          36      0         0      
       boot.c.obj                   28      2         0      
       mult16_f5hw.asm.obj          24      0         0      
       div16u.asm.obj               22      0         0      
       memcpy.c.obj                 20      0         0      
       copy_decompress_none.c.obj   18      0         0      
       isr_trap.asm.obj             8       0         0      
       exit.c.obj                   6       0         0      
       fltud.c.obj                  6       0         0      
       pre_init.c.obj               4       0         0      
       int41.asm.obj                0       2         0      
       int43.asm.obj                0       2         0      
       int44.asm.obj                0       2         0      
       int45.asm.obj                0       2         0      
       int46.asm.obj                0       2         0      
       int47.asm.obj                0       2         0      
       int48.asm.obj                0       2         0      
       int49.asm.obj                0       2         0      
       int50.asm.obj                0       2         0      
       int51.asm.obj                0       2         0      
       int52.asm.obj                0       2         0      
       int53.asm.obj                0       2         0      
       int56.asm.obj                0       2         0      
       int57.asm.obj                0       2         0      
       int58.asm.obj                0       2         0      
       int59.asm.obj                0       2         0      
       int60.asm.obj                0       2         0      
       int61.asm.obj                0       2         0      
       int62.asm.obj                0       2         0      
       startup.c.obj                2       0         0      
    +--+----------------------------+-------+---------+---------+
       Total:                       6842    40        0      
                                                             
       Stack:                       0       0         160    
       Linker Generated:            0       92        0      
    +--+----------------------------+-------+---------+---------+
       Grand Total:                 10188   1270      350    


LINKER GENERATED COPY TABLES

__TI_cinit_table @ 0000627e records: 1, size/record: 8, table size: 8
	.data: load addr=0000622a, load size=0000004c bytes, run addr=00001c00, run size=000000be bytes, compression=lzss


LINKER GENERATED HANDLER TABLE

__TI_handler_table @ 00006276 records: 2, size/record: 4, table size: 8
	index: 0, handler: __TI_decompress_lzss
	index: 1, handler: __TI_decompress_none


GLOBAL SYMBOLS: SORTED ALPHABETICALLY BY Name 

address   name                                   
-------   ----                                   
00001c14  A0                                     
00001c1c  A1                                     
00001c24  A2                                     
00000700  ADC12CTL0                              
00000701  ADC12CTL0_H                            
00000700  ADC12CTL0_L                            
00000702  ADC12CTL1                              
00000703  ADC12CTL1_H                            
00000702  ADC12CTL1_L                            
00000704  ADC12CTL2                              
00000705  ADC12CTL2_H                            
00000704  ADC12CTL2_L                            
0000070c  ADC12IE                                
0000070d  ADC12IE_H                              
0000070c  ADC12IE_L                              
0000070a  ADC12IFG                               
0000070b  ADC12IFG_H                             
0000070a  ADC12IFG_L                             
0000070e  ADC12IV                                
0000070f  ADC12IV_H                              
0000070e  ADC12IV_L                              
00000710  ADC12MCTL0                             
00000711  ADC12MCTL1                             
0000071a  ADC12MCTL10                            
0000071b  ADC12MCTL11                            
0000071c  ADC12MCTL12                            
0000071d  ADC12MCTL13                            
0000071e  ADC12MCTL14                            
0000071f  ADC12MCTL15                            
00000712  ADC12MCTL2                             
00000713  ADC12MCTL3                             
00000714  ADC12MCTL4                             
00000715  ADC12MCTL5                             
00000716  ADC12MCTL6                             
00000717  ADC12MCTL7                             
00000718  ADC12MCTL8                             
00000719  ADC12MCTL9                             
00000720  ADC12MEM0                              
00000721  ADC12MEM0_H                            
00000720  ADC12MEM0_L                            
00000722  ADC12MEM1                              
00000734  ADC12MEM10                             
00000735  ADC12MEM10_H                           
00000734  ADC12MEM10_L                           
00000736  ADC12MEM11                             
00000737  ADC12MEM11_H                           
00000736  ADC12MEM11_L                           
00000738  ADC12MEM12                             
00000739  ADC12MEM12_H                           
00000738  ADC12MEM12_L                           
0000073a  ADC12MEM13                             
0000073b  ADC12MEM13_H                           
0000073a  ADC12MEM13_L                           
0000073c  ADC12MEM14                             
0000073d  ADC12MEM14_H                           
0000073c  ADC12MEM14_L                           
0000073e  ADC12MEM15                             
0000073f  ADC12MEM15_H                           
0000073e  ADC12MEM15_L                           
00000723  ADC12MEM1_H                            
00000722  ADC12MEM1_L                            
00000724  ADC12MEM2                              
00000725  ADC12MEM2_H                            
00000724  ADC12MEM2_L                            
00000726  ADC12MEM3                              
00000727  ADC12MEM3_H                            
00000726  ADC12MEM3_L                            
00000728  ADC12MEM4                              
00000729  ADC12MEM4_H                            
00000728  ADC12MEM4_L                            
0000072a  ADC12MEM5                              
0000072b  ADC12MEM5_H                            
0000072a  ADC12MEM5_L                            
0000072c  ADC12MEM6                              
0000072d  ADC12MEM6_H                            
0000072c  ADC12MEM6_L                            
0000072e  ADC12MEM7                              
0000072f  ADC12MEM7_H                            
0000072e  ADC12MEM7_L                            
00000730  ADC12MEM8                              
00000731  ADC12MEM8_H                            
00000730  ADC12MEM8_L                            
00000732  ADC12MEM9                              
00000733  ADC12MEM9_H                            
00000732  ADC12MEM9_L                            
00005d34  ADC12_ISR                              
00011322  ButterWorthFilter                      
00012602  C$$EXIT                                
00000150  CRCDI                                  
00000152  CRCDIRB                                
00000153  CRCDIRB_H                              
00000152  CRCDIRB_L                              
00000151  CRCDI_H                                
00000150  CRCDI_L                                
00000154  CRCINIRES                              
00000155  CRCINIRES_H                            
00000154  CRCINIRES_L                            
00000156  CRCRESR                                
00000157  CRCRESR_H                              
00000156  CRCRESR_L                              
00005db8  Calculate                              
00000510  DMA0CTL                                
00000516  DMA0DA                                 
00000518  DMA0DAH                                
00000516  DMA0DAL                                
00000512  DMA0SA                                 
00000514  DMA0SAH                                
00000512  DMA0SAL                                
0000051a  DMA0SZ                                 
00000520  DMA1CTL                                
00000526  DMA1DA                                 
00000528  DMA1DAH                                
00000526  DMA1DAL                                
00000522  DMA1SA                                 
00000524  DMA1SAH                                
00000522  DMA1SAL                                
0000052a  DMA1SZ                                 
00000530  DMA2CTL                                
00000536  DMA2DA                                 
00000538  DMA2DAH                                
00000536  DMA2DAL                                
00000532  DMA2SA                                 
00000534  DMA2SAH                                
00000532  DMA2SAL                                
0000053a  DMA2SZ                                 
00000500  DMACTL0                                
00000502  DMACTL1                                
00000504  DMACTL2                                
00000506  DMACTL3                                
00000508  DMACTL4                                
0000050e  DMAIV                                  
00000140  FCTL1                                  
00000141  FCTL1_H                                
00000140  FCTL1_L                                
00000144  FCTL3                                  
00000145  FCTL3_H                                
00000144  FCTL3_L                                
00000146  FCTL4                                  
00000147  FCTL4_H                                
00000146  FCTL4_L                                
0001240c  InButterQueue                          
00001c44  Iout                                   
00001c0c  Iref                                   
000125ee  LCD_ShowChar                           
00011b98  LCD_ShowFloat                          
00011cb0  LCD_ShowNum                            
000124a2  LCD_clear                              
00011d2e  LCD_init                               
00012582  LCD_mypow                              
00012568  LCD_set_XY                             
0001217c  LCD_write_byte                         
000122bc  LCD_write_char                         
00011afa  LCD_write_chinese_string               
0001254a  LCD_write_english_string               
000004c4  MAC                                    
000004da  MAC32H                                 
000004db  MAC32H_H                               
000004da  MAC32H_L                               
000004d8  MAC32L                                 
000004d9  MAC32L_H                               
000004d8  MAC32L_L                               
000004c6  MACS                                   
000004de  MACS32H                                
000004df  MACS32H_H                              
000004de  MACS32H_L                              
000004dc  MACS32L                                
000004dd  MACS32L_H                              
000004dc  MACS32L_L                              
000004c7  MACS_H                                 
000004c6  MACS_L                                 
000004c5  MAC_H                                  
000004c4  MAC_L                                  
000004c0  MPY                                    
000004ec  MPY32CTL0                              
000004ed  MPY32CTL0_H                            
000004ec  MPY32CTL0_L                            
000004d2  MPY32H                                 
000004d3  MPY32H_H                               
000004d2  MPY32H_L                               
000004d0  MPY32L                                 
000004d1  MPY32L_H                               
000004d0  MPY32L_L                               
000004c2  MPYS                                   
000004d6  MPYS32H                                
000004d7  MPYS32H_H                              
000004d6  MPYS32H_L                              
000004d4  MPYS32L                                
000004d5  MPYS32L_H                              
000004d4  MPYS32L_L                              
000004c3  MPYS_H                                 
000004c2  MPYS_L                                 
000004c1  MPY_H                                  
000004c0  MPY_L                                  
000004c8  OP2                                    
000004e2  OP2H                                   
000004e3  OP2H_H                                 
000004e2  OP2H_L                                 
000004e0  OP2L                                   
000004e1  OP2L_H                                 
000004e0  OP2L_L                                 
000004c9  OP2_H                                  
000004c8  OP2_L                                  
0000020e  P1IV                                   
0000021e  P2IV                                   
00000204  PADIR                                  
00000205  PADIR_H                                
00000204  PADIR_L                                
00000208  PADS                                   
00000209  PADS_H                                 
00000208  PADS_L                                 
0000021a  PAIE                                   
00000218  PAIES                                  
00000219  PAIES_H                                
00000218  PAIES_L                                
0000021b  PAIE_H                                 
0000021a  PAIE_L                                 
0000021c  PAIFG                                  
0000021d  PAIFG_H                                
0000021c  PAIFG_L                                
00000200  PAIN                                   
00000201  PAIN_H                                 
00000200  PAIN_L                                 
00000202  PAOUT                                  
00000203  PAOUT_H                                
00000202  PAOUT_L                                
00000206  PAREN                                  
00000207  PAREN_H                                
00000206  PAREN_L                                
0000020a  PASEL                                  
0000020b  PASEL_H                                
0000020a  PASEL_L                                
00000224  PBDIR                                  
00000225  PBDIR_H                                
00000224  PBDIR_L                                
00000228  PBDS                                   
00000229  PBDS_H                                 
00000228  PBDS_L                                 
00000220  PBIN                                   
00000221  PBIN_H                                 
00000220  PBIN_L                                 
00000222  PBOUT                                  
00000223  PBOUT_H                                
00000222  PBOUT_L                                
00000226  PBREN                                  
00000227  PBREN_H                                
00000226  PBREN_L                                
0000022a  PBSEL                                  
0000022b  PBSEL_H                                
0000022a  PBSEL_L                                
00000244  PCDIR                                  
00000245  PCDIR_H                                
00000244  PCDIR_L                                
00000248  PCDS                                   
00000249  PCDS_H                                 
00000248  PCDS_L                                 
00000240  PCIN                                   
00000241  PCIN_H                                 
00000240  PCIN_L                                 
00000242  PCOUT                                  
00000243  PCOUT_H                                
00000242  PCOUT_L                                
00000246  PCREN                                  
00000247  PCREN_H                                
00000246  PCREN_L                                
0000024a  PCSEL                                  
0000024b  PCSEL_H                                
0000024a  PCSEL_L                                
00000264  PDDIR                                  
00000265  PDDIR_H                                
00000264  PDDIR_L                                
00000268  PDDS                                   
00000269  PDDS_H                                 
00000268  PDDS_L                                 
00000260  PDIN                                   
00000261  PDIN_H                                 
00000260  PDIN_L                                 
00000262  PDOUT                                  
00000263  PDOUT_H                                
00000262  PDOUT_L                                
00000266  PDREN                                  
00000267  PDREN_H                                
00000266  PDREN_L                                
0000026a  PDSEL                                  
0000026b  PDSEL_H                                
0000026a  PDSEL_L                                
00000284  PEDIR                                  
00000285  PEDIR_H                                
00000284  PEDIR_L                                
00000288  PEDS                                   
00000289  PEDS_H                                 
00000288  PEDS_L                                 
00000280  PEIN                                   
00000281  PEIN_H                                 
00000280  PEIN_L                                 
00000282  PEOUT                                  
00000283  PEOUT_H                                
00000282  PEOUT_L                                
00000286  PEREN                                  
00000287  PEREN_H                                
00000286  PEREN_L                                
0000028a  PESEL                                  
0000028b  PESEL_H                                
0000028a  PESEL_L                                
000002a4  PFDIR                                  
000002a5  PFDIR_H                                
000002a4  PFDIR_L                                
000002a8  PFDS                                   
000002a9  PFDS_H                                 
000002a8  PFDS_L                                 
000002a0  PFIN                                   
000002a1  PFIN_H                                 
000002a0  PFIN_L                                 
000002a2  PFOUT                                  
000002a3  PFOUT_H                                
000002a2  PFOUT_L                                
000002a6  PFREN                                  
000002a7  PFREN_H                                
000002a6  PFREN_L                                
000002aa  PFSEL                                  
000002ab  PFSEL_H                                
000002aa  PFSEL_L                                
000117d6  PIDCalc                                
00000324  PJDIR                                  
00000325  PJDIR_H                                
00000324  PJDIR_L                                
00000328  PJDS                                   
00000329  PJDS_H                                 
00000328  PJDS_L                                 
00000320  PJIN                                   
00000321  PJIN_H                                 
00000320  PJIN_L                                 
00000322  PJOUT                                  
00000323  PJOUT_H                                
00000322  PJOUT_L                                
00000326  PJREN                                  
00000327  PJREN_H                                
00000326  PJREN_L                                
00000130  PM5CTL0                                
00000131  PM5CTL0_H                              
00000130  PM5CTL0_L                              
00000120  PMMCTL0                                
00000121  PMMCTL0_H                              
00000120  PMMCTL0_L                              
00000122  PMMCTL1                                
00000123  PMMCTL1_H                              
00000122  PMMCTL1_L                              
0000012c  PMMIFG                                 
0000012d  PMMIFG_H                               
0000012c  PMMIFG_L                               
0000012e  PMMRIE                                 
0000012f  PMMRIE_H                               
0000012e  PMMRIE_L                               
00005c00  Port_2                                 
00000158  RCCTL0                                 
00000159  RCCTL0_H                               
00000158  RCCTL0_L                               
000001b0  REFCTL0                                
000001b1  REFCTL0_H                              
000001b0  REFCTL0_L                              
000004e4  RES0                                   
000004e5  RES0_H                                 
000004e4  RES0_L                                 
000004e6  RES1                                   
000004e7  RES1_H                                 
000004e6  RES1_L                                 
000004e8  RES2                                   
000004e9  RES2_H                                 
000004e8  RES2_L                                 
000004ea  RES3                                   
000004eb  RES3_H                                 
000004ea  RES3_L                                 
000004cc  RESHI                                  
000004cd  RESHI_H                                
000004cc  RESHI_L                                
000004ca  RESLO                                  
000004cb  RESLO_H                                
000004ca  RESLO_L                                
000004ba  RTCADOWDAY                             
000004bb  RTCADOWDAY_H                           
000004ba  RTCADOWDAY_L                           
000004b8  RTCAMINHR                              
000004b9  RTCAMINHR_H                            
000004b8  RTCAMINHR_L                            
000004a0  RTCCTL01                               
000004a1  RTCCTL01_H                             
000004a0  RTCCTL01_L                             
000004a2  RTCCTL23                               
000004a3  RTCCTL23_H                             
000004a2  RTCCTL23_L                             
000004b4  RTCDATE                                
000004b5  RTCDATE_H                              
000004b4  RTCDATE_L                              
000004ae  RTCIV                                  
000004ac  RTCPS                                  
000004a8  RTCPS0CTL                              
000004a9  RTCPS0CTL_H                            
000004a8  RTCPS0CTL_L                            
000004aa  RTCPS1CTL                              
000004ab  RTCPS1CTL_H                            
000004aa  RTCPS1CTL_L                            
000004ad  RTCPS_H                                
000004ac  RTCPS_L                                
000004b0  RTCTIM0                                
000004b1  RTCTIM0_H                              
000004b0  RTCTIM0_L                              
000004b2  RTCTIM1                                
000004b3  RTCTIM1_H                              
000004b2  RTCTIM1_L                              
000004b6  RTCYEAR                                
000004b7  RTCYEAR_H                              
000004b6  RTCYEAR_L                              
00000100  SFRIE1                                 
00000101  SFRIE1_H                               
00000100  SFRIE1_L                               
00000102  SFRIFG1                                
00000103  SFRIFG1_H                              
00000102  SFRIFG1_L                              
00000104  SFRRPCR                                
00000105  SFRRPCR_H                              
00000104  SFRRPCR_L                              
00001c5c  SOS_Vout                               
000004ce  SUMEXT                                 
000004cf  SUMEXT_H                               
000004ce  SUMEXT_L                               
00000124  SVSMHCTL                               
00000125  SVSMHCTL_H                             
00000124  SVSMHCTL_L                             
00000128  SVSMIO                                 
00000129  SVSMIO_H                               
00000128  SVSMIO_L                               
00000126  SVSMLCTL                               
00000127  SVSMLCTL_H                             
00000126  SVSMLCTL_L                             
00000198  SYSBERRIV                              
00000199  SYSBERRIV_H                            
00000198  SYSBERRIV_L                            
00000182  SYSBSLC                                
00000183  SYSBSLC_H                              
00000182  SYSBSLC_L                              
00000180  SYSCTL                                 
00000181  SYSCTL_H                               
00000180  SYSCTL_L                               
00000186  SYSJMBC                                
00000187  SYSJMBC_H                              
00000186  SYSJMBC_L                              
00000188  SYSJMBI0                               
00000189  SYSJMBI0_H                             
00000188  SYSJMBI0_L                             
0000018a  SYSJMBI1                               
0000018b  SYSJMBI1_H                             
0000018a  SYSJMBI1_L                             
0000018c  SYSJMBO0                               
0000018d  SYSJMBO0_H                             
0000018c  SYSJMBO0_L                             
0000018e  SYSJMBO1                               
0000018f  SYSJMBO1_H                             
0000018e  SYSJMBO1_L                             
0000019e  SYSRSTIV                               
0000019f  SYSRSTIV_H                             
0000019e  SYSRSTIV_L                             
0000019c  SYSSNIV                                
0000019d  SYSSNIV_H                              
0000019c  SYSSNIV_L                              
0000019a  SYSUNIV                                
0000019b  SYSUNIV_H                              
0000019a  SYSUNIV_L                              
000120e4  SetVcoreUp                             
00000352  TA0CCR0                                
00000354  TA0CCR1                                
00000356  TA0CCR2                                
00000358  TA0CCR3                                
0000035a  TA0CCR4                                
00000342  TA0CCTL0                               
00000344  TA0CCTL1                               
00000346  TA0CCTL2                               
00000348  TA0CCTL3                               
0000034a  TA0CCTL4                               
00000340  TA0CTL                                 
00000360  TA0EX0                                 
0000036e  TA0IV                                  
00000350  TA0R                                   
00000392  TA1CCR0                                
00000394  TA1CCR1                                
00000396  TA1CCR2                                
00000382  TA1CCTL0                               
00000384  TA1CCTL1                               
00000386  TA1CCTL2                               
00000380  TA1CTL                                 
000003a0  TA1EX0                                 
000003ae  TA1IV                                  
00000390  TA1R                                   
000003d2  TB0CCR0                                
000003d4  TB0CCR1                                
000003d6  TB0CCR2                                
000003d8  TB0CCR3                                
000003da  TB0CCR4                                
000003dc  TB0CCR5                                
000003de  TB0CCR6                                
000003c2  TB0CCTL0                               
000003c4  TB0CCTL1                               
000003c6  TB0CCTL2                               
000003c8  TB0CCTL3                               
000003ca  TB0CCTL4                               
000003cc  TB0CCTL5                               
000003ce  TB0CCTL6                               
000003c0  TB0CTL                                 
000003e0  TB0EX0                                 
000003ee  TB0IV                                  
000003d0  TB0R                                   
000123d8  TIMER0_A0_Init                         
000005d0  UCA0ABCTL                              
000005c6  UCA0BRW                                
000005c7  UCA0BRW_H                              
000005c6  UCA0BRW_L                              
000005c0  UCA0CTLW0                              
000005c1  UCA0CTLW0_H                            
000005c0  UCA0CTLW0_L                            
000005dc  UCA0ICTL                               
000005dd  UCA0ICTL_H                             
000005dc  UCA0ICTL_L                             
000005d2  UCA0IRCTL                              
000005d3  UCA0IRCTL_H                            
000005d2  UCA0IRCTL_L                            
000005de  UCA0IV                                 
000005c8  UCA0MCTL                               
000005cc  UCA0RXBUF                              
000005ca  UCA0STAT                               
000005ce  UCA0TXBUF                              
00000610  UCA1ABCTL                              
00000606  UCA1BRW                                
00000607  UCA1BRW_H                              
00000606  UCA1BRW_L                              
00000600  UCA1CTLW0                              
00000601  UCA1CTLW0_H                            
00000600  UCA1CTLW0_L                            
0000061c  UCA1ICTL                               
0000061d  UCA1ICTL_H                             
0000061c  UCA1ICTL_L                             
00000612  UCA1IRCTL                              
00000613  UCA1IRCTL_H                            
00000612  UCA1IRCTL_L                            
0000061e  UCA1IV                                 
00000608  UCA1MCTL                               
0000060c  UCA1RXBUF                              
0000060a  UCA1STAT                               
0000060e  UCA1TXBUF                              
00000650  UCA2ABCTL                              
00000646  UCA2BRW                                
00000647  UCA2BRW_H                              
00000646  UCA2BRW_L                              
00000640  UCA2CTLW0                              
00000641  UCA2CTLW0_H                            
00000640  UCA2CTLW0_L                            
0000065c  UCA2ICTL                               
0000065d  UCA2ICTL_H                             
0000065c  UCA2ICTL_L                             
00000652  UCA2IRCTL                              
00000653  UCA2IRCTL_H                            
00000652  UCA2IRCTL_L                            
0000065e  UCA2IV                                 
00000648  UCA2MCTL                               
0000064c  UCA2RXBUF                              
0000064a  UCA2STAT                               
0000064e  UCA2TXBUF                              
00000690  UCA3ABCTL                              
00000686  UCA3BRW                                
00000687  UCA3BRW_H                              
00000686  UCA3BRW_L                              
00000680  UCA3CTLW0                              
00000681  UCA3CTLW0_H                            
00000680  UCA3CTLW0_L                            
0000069c  UCA3ICTL                               
0000069d  UCA3ICTL_H                             
0000069c  UCA3ICTL_L                             
00000692  UCA3IRCTL                              
00000693  UCA3IRCTL_H                            
00000692  UCA3IRCTL_L                            
0000069e  UCA3IV                                 
00000688  UCA3MCTL                               
0000068c  UCA3RXBUF                              
0000068a  UCA3STAT                               
0000068e  UCA3TXBUF                              
000005e6  UCB0BRW                                
000005e7  UCB0BRW_H                              
000005e6  UCB0BRW_L                              
000005e0  UCB0CTLW0                              
000005e1  UCB0CTLW0_H                            
000005e0  UCB0CTLW0_L                            
000005f0  UCB0I2COA                              
000005f1  UCB0I2COA_H                            
000005f0  UCB0I2COA_L                            
000005f2  UCB0I2CSA                              
000005f3  UCB0I2CSA_H                            
000005f2  UCB0I2CSA_L                            
000005fc  UCB0ICTL                               
000005fd  UCB0ICTL_H                             
000005fc  UCB0ICTL_L                             
000005fe  UCB0IV                                 
000005ec  UCB0RXBUF                              
000005ea  UCB0STAT                               
000005ee  UCB0TXBUF                              
00000626  UCB1BRW                                
00000627  UCB1BRW_H                              
00000626  UCB1BRW_L                              
00000620  UCB1CTLW0                              
00000621  UCB1CTLW0_H                            
00000620  UCB1CTLW0_L                            
00000630  UCB1I2COA                              
00000631  UCB1I2COA_H                            
00000630  UCB1I2COA_L                            
00000632  UCB1I2CSA                              
00000633  UCB1I2CSA_H                            
00000632  UCB1I2CSA_L                            
0000063c  UCB1ICTL                               
0000063d  UCB1ICTL_H                             
0000063c  UCB1ICTL_L                             
0000063e  UCB1IV                                 
0000062c  UCB1RXBUF                              
0000062a  UCB1STAT                               
0000062e  UCB1TXBUF                              
00000666  UCB2BRW                                
00000667  UCB2BRW_H                              
00000666  UCB2BRW_L                              
00000660  UCB2CTLW0                              
00000661  UCB2CTLW0_H                            
00000660  UCB2CTLW0_L                            
00000670  UCB2I2COA                              
00000671  UCB2I2COA_H                            
00000670  UCB2I2COA_L                            
00000672  UCB2I2CSA                              
00000673  UCB2I2CSA_H                            
00000672  UCB2I2CSA_L                            
0000067c  UCB2ICTL                               
0000067d  UCB2ICTL_H                             
0000067c  UCB2ICTL_L                             
0000067e  UCB2IV                                 
0000066c  UCB2RXBUF                              
0000066a  UCB2STAT                               
0000066e  UCB2TXBUF                              
000006a6  UCB3BRW                                
000006a7  UCB3BRW_H                              
000006a6  UCB3BRW_L                              
000006a0  UCB3CTLW0                              
000006a1  UCB3CTLW0_H                            
000006a0  UCB3CTLW0_L                            
000006b0  UCB3I2COA                              
000006b1  UCB3I2COA_H                            
000006b0  UCB3I2COA_L                            
000006b2  UCB3I2CSA                              
000006b3  UCB3I2CSA_H                            
000006b2  UCB3I2CSA_L                            
000006bc  UCB3ICTL                               
000006bd  UCB3ICTL_H                             
000006bc  UCB3ICTL_L                             
000006be  UCB3IV                                 
000006ac  UCB3RXBUF                              
000006aa  UCB3STAT                               
000006ae  UCB3TXBUF                              
00000160  UCSCTL0                                
00000161  UCSCTL0_H                              
00000160  UCSCTL0_L                              
00000162  UCSCTL1                                
00000163  UCSCTL1_H                              
00000162  UCSCTL1_L                              
00000164  UCSCTL2                                
00000165  UCSCTL2_H                              
00000164  UCSCTL2_L                              
00000166  UCSCTL3                                
00000167  UCSCTL3_H                              
00000166  UCSCTL3_L                              
00000168  UCSCTL4                                
00000169  UCSCTL4_H                              
00000168  UCSCTL4_L                              
0000016a  UCSCTL5                                
0000016b  UCSCTL5_H                              
0000016a  UCSCTL5_L                              
0000016c  UCSCTL6                                
0000016d  UCSCTL6_H                              
0000016c  UCSCTL6_L                              
0000016e  UCSCTL7                                
0000016f  UCSCTL7_H                              
0000016e  UCSCTL7_L                              
00000170  UCSCTL8                                
00000171  UCSCTL8_H                              
00000170  UCSCTL8_L                              
00001c3c  Vhall                                  
00001c34  Vin                                    
00001c2c  Vout                                   
00001c04  Vref                                   
0000015c  WDTCTL                                 
0000015d  WDTCTL_H                               
0000015c  WDTCTL_L                               
00005c00  __STACK_END                            
000000a0  __STACK_SIZE                           
0000627e  __TI_CINIT_Base                        
00006286  __TI_CINIT_Limit                       
00006276  __TI_Handler_Table_Base                
0000627e  __TI_Handler_Table_Limit               
00005db0  __TI_ISR_TRAP                          
00012090  __TI_auto_init_nobinit_nopinit_hold_wdt
00011da8  __TI_decompress_lzss                   
000125dc  __TI_decompress_none                   
0001072a  __TI_frcdivd                           
00011540  __TI_frcmpyd                           
0000ffd2  __TI_int41                             
0000ffd4  __TI_int42                             
0000ffd6  __TI_int43                             
0000ffd8  __TI_int44                             
0000ffda  __TI_int45                             
0000ffdc  __TI_int46                             
0000ffde  __TI_int47                             
0000ffe0  __TI_int48                             
0000ffe2  __TI_int49                             
0000ffe4  __TI_int50                             
0000ffe6  __TI_int51                             
0000ffe8  __TI_int52                             
0000ffea  __TI_int53                             
0000ffec  __TI_int54                             
0000ffee  __TI_int55                             
0000fff0  __TI_int56                             
0000fff2  __TI_int57                             
0000fff4  __TI_int58                             
0000fff6  __TI_int59                             
0000fff8  __TI_int60                             
0000fffa  __TI_int61                             
0000fffc  __TI_int62                             
ffffffff  __TI_pprof_out_hndl                    
ffffffff  __TI_prof_data_size                    
ffffffff  __TI_prof_data_start                   
ffffffff  __c_args__                             
00010000  __mspabi_addd                          
000116aa  __mspabi_addf                          
000118b8  __mspabi_cmpd                          
00012132  __mspabi_cmpf                          
00011a48  __mspabi_cvtdf                         
00011fd0  __mspabi_cvtfd                         
00011100  __mspabi_divd                          
000124fa  __mspabi_divi                          
000125b2  __mspabi_divu                          
00011f68  __mspabi_fixfi                         
000123a2  __mspabi_fltif                         
000125fc  __mspabi_fltud                         
00011c30  __mspabi_fltuld                        
00010e68  __mspabi_mpyd                          
00011990  __mspabi_mpyf                          
0001259a  __mspabi_mpyi_f5hw                     
00012526  __mspabi_mpyl_f5hw                     
00012034  __mspabi_mpyll_f5hw                    
000124ce  __mspabi_mpyull_f5hw                   
000124fa  __mspabi_remi                          
000125b2  __mspabi_remu                          
00012278  __mspabi_slll_1                        
00012254  __mspabi_slll_10                       
00012250  __mspabi_slll_11                       
0001224c  __mspabi_slll_12                       
00012248  __mspabi_slll_13                       
00012244  __mspabi_slll_14                       
00012240  __mspabi_slll_15                       
00012274  __mspabi_slll_2                        
00012270  __mspabi_slll_3                        
0001226c  __mspabi_slll_4                        
00012268  __mspabi_slll_5                        
00012264  __mspabi_slll_6                        
00012260  __mspabi_slll_7                        
0001225c  __mspabi_slll_8                        
00012258  __mspabi_slll_9                        
000122f6  __mspabi_sllll                         
0001223a  __mspabi_sral_1                        
00012216  __mspabi_sral_10                       
00012212  __mspabi_sral_11                       
0001220e  __mspabi_sral_12                       
0001220a  __mspabi_sral_13                       
00012206  __mspabi_sral_14                       
00012202  __mspabi_sral_15                       
00012236  __mspabi_sral_2                        
00012232  __mspabi_sral_3                        
0001222e  __mspabi_sral_4                        
0001222a  __mspabi_sral_5                        
00012226  __mspabi_sral_6                        
00012222  __mspabi_sral_7                        
0001221e  __mspabi_sral_8                        
0001221a  __mspabi_sral_9                        
000121c2  __mspabi_srall                         
000122b6  __mspabi_srll_1                        
00012292  __mspabi_srll_10                       
0001228e  __mspabi_srll_11                       
0001228a  __mspabi_srll_12                       
00012286  __mspabi_srll_13                       
00012282  __mspabi_srll_14                       
0001227e  __mspabi_srll_15                       
000122b2  __mspabi_srll_2                        
000122ae  __mspabi_srll_3                        
000122aa  __mspabi_srll_4                        
000122a6  __mspabi_srll_5                        
000122a2  __mspabi_srll_6                        
0001229e  __mspabi_srll_7                        
0001229a  __mspabi_srll_8                        
00012296  __mspabi_srll_9                        
00012330  __mspabi_srlll                         
0001243e  __mspabi_subd                          
000116a4  __mspabi_subf                          
00005d94  _c_int00_noargs                        
0000fffe  _reset_vector                          
00005b60  _stack                                 
0001260c  _system_post_cinit                     
00012608  _system_pre_init                       
00012602  abort                                  
0001236a  adc_Init                               
00011e1e  clk_Init                               
00001c4c  errorD                                 
00001c02  flesh                                  
00005ffe  font6x8                                
00011f00  key_Init                               
00010b90  main                                   
000125c8  memcpy                                 
00001c00  onceLCD                                
00001c8c  pid_Vout                               
00012470  pwm_out                                
00001ca8  qVout                                  
00001c54  scale_Vout                             
00011e92  show_adc_result                        
00005dbe  write_chinese                          


GLOBAL SYMBOLS: SORTED BY Symbol Address 

address   name                                   
-------   ----                                   
000000a0  __STACK_SIZE                           
00000100  SFRIE1                                 
00000100  SFRIE1_L                               
00000101  SFRIE1_H                               
00000102  SFRIFG1                                
00000102  SFRIFG1_L                              
00000103  SFRIFG1_H                              
00000104  SFRRPCR                                
00000104  SFRRPCR_L                              
00000105  SFRRPCR_H                              
00000120  PMMCTL0                                
00000120  PMMCTL0_L                              
00000121  PMMCTL0_H                              
00000122  PMMCTL1                                
00000122  PMMCTL1_L                              
00000123  PMMCTL1_H                              
00000124  SVSMHCTL                               
00000124  SVSMHCTL_L                             
00000125  SVSMHCTL_H                             
00000126  SVSMLCTL                               
00000126  SVSMLCTL_L                             
00000127  SVSMLCTL_H                             
00000128  SVSMIO                                 
00000128  SVSMIO_L                               
00000129  SVSMIO_H                               
0000012c  PMMIFG                                 
0000012c  PMMIFG_L                               
0000012d  PMMIFG_H                               
0000012e  PMMRIE                                 
0000012e  PMMRIE_L                               
0000012f  PMMRIE_H                               
00000130  PM5CTL0                                
00000130  PM5CTL0_L                              
00000131  PM5CTL0_H                              
00000140  FCTL1                                  
00000140  FCTL1_L                                
00000141  FCTL1_H                                
00000144  FCTL3                                  
00000144  FCTL3_L                                
00000145  FCTL3_H                                
00000146  FCTL4                                  
00000146  FCTL4_L                                
00000147  FCTL4_H                                
00000150  CRCDI                                  
00000150  CRCDI_L                                
00000151  CRCDI_H                                
00000152  CRCDIRB                                
00000152  CRCDIRB_L                              
00000153  CRCDIRB_H                              
00000154  CRCINIRES                              
00000154  CRCINIRES_L                            
00000155  CRCINIRES_H                            
00000156  CRCRESR                                
00000156  CRCRESR_L                              
00000157  CRCRESR_H                              
00000158  RCCTL0                                 
00000158  RCCTL0_L                               
00000159  RCCTL0_H                               
0000015c  WDTCTL                                 
0000015c  WDTCTL_L                               
0000015d  WDTCTL_H                               
00000160  UCSCTL0                                
00000160  UCSCTL0_L                              
00000161  UCSCTL0_H                              
00000162  UCSCTL1                                
00000162  UCSCTL1_L                              
00000163  UCSCTL1_H                              
00000164  UCSCTL2                                
00000164  UCSCTL2_L                              
00000165  UCSCTL2_H                              
00000166  UCSCTL3                                
00000166  UCSCTL3_L                              
00000167  UCSCTL3_H                              
00000168  UCSCTL4                                
00000168  UCSCTL4_L                              
00000169  UCSCTL4_H                              
0000016a  UCSCTL5                                
0000016a  UCSCTL5_L                              
0000016b  UCSCTL5_H                              
0000016c  UCSCTL6                                
0000016c  UCSCTL6_L                              
0000016d  UCSCTL6_H                              
0000016e  UCSCTL7                                
0000016e  UCSCTL7_L                              
0000016f  UCSCTL7_H                              
00000170  UCSCTL8                                
00000170  UCSCTL8_L                              
00000171  UCSCTL8_H                              
00000180  SYSCTL                                 
00000180  SYSCTL_L                               
00000181  SYSCTL_H                               
00000182  SYSBSLC                                
00000182  SYSBSLC_L                              
00000183  SYSBSLC_H                              
00000186  SYSJMBC                                
00000186  SYSJMBC_L                              
00000187  SYSJMBC_H                              
00000188  SYSJMBI0                               
00000188  SYSJMBI0_L                             
00000189  SYSJMBI0_H                             
0000018a  SYSJMBI1                               
0000018a  SYSJMBI1_L                             
0000018b  SYSJMBI1_H                             
0000018c  SYSJMBO0                               
0000018c  SYSJMBO0_L                             
0000018d  SYSJMBO0_H                             
0000018e  SYSJMBO1                               
0000018e  SYSJMBO1_L                             
0000018f  SYSJMBO1_H                             
00000198  SYSBERRIV                              
00000198  SYSBERRIV_L                            
00000199  SYSBERRIV_H                            
0000019a  SYSUNIV                                
0000019a  SYSUNIV_L                              
0000019b  SYSUNIV_H                              
0000019c  SYSSNIV                                
0000019c  SYSSNIV_L                              
0000019d  SYSSNIV_H                              
0000019e  SYSRSTIV                               
0000019e  SYSRSTIV_L                             
0000019f  SYSRSTIV_H                             
000001b0  REFCTL0                                
000001b0  REFCTL0_L                              
000001b1  REFCTL0_H                              
00000200  PAIN                                   
00000200  PAIN_L                                 
00000201  PAIN_H                                 
00000202  PAOUT                                  
00000202  PAOUT_L                                
00000203  PAOUT_H                                
00000204  PADIR                                  
00000204  PADIR_L                                
00000205  PADIR_H                                
00000206  PAREN                                  
00000206  PAREN_L                                
00000207  PAREN_H                                
00000208  PADS                                   
00000208  PADS_L                                 
00000209  PADS_H                                 
0000020a  PASEL                                  
0000020a  PASEL_L                                
0000020b  PASEL_H                                
0000020e  P1IV                                   
00000218  PAIES                                  
00000218  PAIES_L                                
00000219  PAIES_H                                
0000021a  PAIE                                   
0000021a  PAIE_L                                 
0000021b  PAIE_H                                 
0000021c  PAIFG                                  
0000021c  PAIFG_L                                
0000021d  PAIFG_H                                
0000021e  P2IV                                   
00000220  PBIN                                   
00000220  PBIN_L                                 
00000221  PBIN_H                                 
00000222  PBOUT                                  
00000222  PBOUT_L                                
00000223  PBOUT_H                                
00000224  PBDIR                                  
00000224  PBDIR_L                                
00000225  PBDIR_H                                
00000226  PBREN                                  
00000226  PBREN_L                                
00000227  PBREN_H                                
00000228  PBDS                                   
00000228  PBDS_L                                 
00000229  PBDS_H                                 
0000022a  PBSEL                                  
0000022a  PBSEL_L                                
0000022b  PBSEL_H                                
00000240  PCIN                                   
00000240  PCIN_L                                 
00000241  PCIN_H                                 
00000242  PCOUT                                  
00000242  PCOUT_L                                
00000243  PCOUT_H                                
00000244  PCDIR                                  
00000244  PCDIR_L                                
00000245  PCDIR_H                                
00000246  PCREN                                  
00000246  PCREN_L                                
00000247  PCREN_H                                
00000248  PCDS                                   
00000248  PCDS_L                                 
00000249  PCDS_H                                 
0000024a  PCSEL                                  
0000024a  PCSEL_L                                
0000024b  PCSEL_H                                
00000260  PDIN                                   
00000260  PDIN_L                                 
00000261  PDIN_H                                 
00000262  PDOUT                                  
00000262  PDOUT_L                                
00000263  PDOUT_H                                
00000264  PDDIR                                  
00000264  PDDIR_L                                
00000265  PDDIR_H                                
00000266  PDREN                                  
00000266  PDREN_L                                
00000267  PDREN_H                                
00000268  PDDS                                   
00000268  PDDS_L                                 
00000269  PDDS_H                                 
0000026a  PDSEL                                  
0000026a  PDSEL_L                                
0000026b  PDSEL_H                                
00000280  PEIN                                   
00000280  PEIN_L                                 
00000281  PEIN_H                                 
00000282  PEOUT                                  
00000282  PEOUT_L                                
00000283  PEOUT_H                                
00000284  PEDIR                                  
00000284  PEDIR_L                                
00000285  PEDIR_H                                
00000286  PEREN                                  
00000286  PEREN_L                                
00000287  PEREN_H                                
00000288  PEDS                                   
00000288  PEDS_L                                 
00000289  PEDS_H                                 
0000028a  PESEL                                  
0000028a  PESEL_L                                
0000028b  PESEL_H                                
000002a0  PFIN                                   
000002a0  PFIN_L                                 
000002a1  PFIN_H                                 
000002a2  PFOUT                                  
000002a2  PFOUT_L                                
000002a3  PFOUT_H                                
000002a4  PFDIR                                  
000002a4  PFDIR_L                                
000002a5  PFDIR_H                                
000002a6  PFREN                                  
000002a6  PFREN_L                                
000002a7  PFREN_H                                
000002a8  PFDS                                   
000002a8  PFDS_L                                 
000002a9  PFDS_H                                 
000002aa  PFSEL                                  
000002aa  PFSEL_L                                
000002ab  PFSEL_H                                
00000320  PJIN                                   
00000320  PJIN_L                                 
00000321  PJIN_H                                 
00000322  PJOUT                                  
00000322  PJOUT_L                                
00000323  PJOUT_H                                
00000324  PJDIR                                  
00000324  PJDIR_L                                
00000325  PJDIR_H                                
00000326  PJREN                                  
00000326  PJREN_L                                
00000327  PJREN_H                                
00000328  PJDS                                   
00000328  PJDS_L                                 
00000329  PJDS_H                                 
00000340  TA0CTL                                 
00000342  TA0CCTL0                               
00000344  TA0CCTL1                               
00000346  TA0CCTL2                               
00000348  TA0CCTL3                               
0000034a  TA0CCTL4                               
00000350  TA0R                                   
00000352  TA0CCR0                                
00000354  TA0CCR1                                
00000356  TA0CCR2                                
00000358  TA0CCR3                                
0000035a  TA0CCR4                                
00000360  TA0EX0                                 
0000036e  TA0IV                                  
00000380  TA1CTL                                 
00000382  TA1CCTL0                               
00000384  TA1CCTL1                               
00000386  TA1CCTL2                               
00000390  TA1R                                   
00000392  TA1CCR0                                
00000394  TA1CCR1                                
00000396  TA1CCR2                                
000003a0  TA1EX0                                 
000003ae  TA1IV                                  
000003c0  TB0CTL                                 
000003c2  TB0CCTL0                               
000003c4  TB0CCTL1                               
000003c6  TB0CCTL2                               
000003c8  TB0CCTL3                               
000003ca  TB0CCTL4                               
000003cc  TB0CCTL5                               
000003ce  TB0CCTL6                               
000003d0  TB0R                                   
000003d2  TB0CCR0                                
000003d4  TB0CCR1                                
000003d6  TB0CCR2                                
000003d8  TB0CCR3                                
000003da  TB0CCR4                                
000003dc  TB0CCR5                                
000003de  TB0CCR6                                
000003e0  TB0EX0                                 
000003ee  TB0IV                                  
000004a0  RTCCTL01                               
000004a0  RTCCTL01_L                             
000004a1  RTCCTL01_H                             
000004a2  RTCCTL23                               
000004a2  RTCCTL23_L                             
000004a3  RTCCTL23_H                             
000004a8  RTCPS0CTL                              
000004a8  RTCPS0CTL_L                            
000004a9  RTCPS0CTL_H                            
000004aa  RTCPS1CTL                              
000004aa  RTCPS1CTL_L                            
000004ab  RTCPS1CTL_H                            
000004ac  RTCPS                                  
000004ac  RTCPS_L                                
000004ad  RTCPS_H                                
000004ae  RTCIV                                  
000004b0  RTCTIM0                                
000004b0  RTCTIM0_L                              
000004b1  RTCTIM0_H                              
000004b2  RTCTIM1                                
000004b2  RTCTIM1_L                              
000004b3  RTCTIM1_H                              
000004b4  RTCDATE                                
000004b4  RTCDATE_L                              
000004b5  RTCDATE_H                              
000004b6  RTCYEAR                                
000004b6  RTCYEAR_L                              
000004b7  RTCYEAR_H                              
000004b8  RTCAMINHR                              
000004b8  RTCAMINHR_L                            
000004b9  RTCAMINHR_H                            
000004ba  RTCADOWDAY                             
000004ba  RTCADOWDAY_L                           
000004bb  RTCADOWDAY_H                           
000004c0  MPY                                    
000004c0  MPY_L                                  
000004c1  MPY_H                                  
000004c2  MPYS                                   
000004c2  MPYS_L                                 
000004c3  MPYS_H                                 
000004c4  MAC                                    
000004c4  MAC_L                                  
000004c5  MAC_H                                  
000004c6  MACS                                   
000004c6  MACS_L                                 
000004c7  MACS_H                                 
000004c8  OP2                                    
[...]
00000528  DMA1DAH                                
0000052a  DMA1SZ                                 
00000530  DMA2CTL                                
00000532  DMA2SA                                 
00000532  DMA2SAL                                
00000534  DMA2SAH                                
00000536  DMA2DA                                 
00000536  DMA2DAL                                
00000538  DMA2DAH                                
0000053a  DMA2SZ                                 
000005c0  UCA0CTLW0                              
000005c0  UCA0CTLW0_L                            
000005c1  UCA0CTLW0_H                            
000005c6  UCA0BRW                                
000005c6  UCA0BRW_L                              
000005c7  UCA0BRW_H                              
000005c8  UCA0MCTL                               
000005ca  UCA0STAT                               
000005cc  UCA0RXBUF                              
000005ce  UCA0TXBUF                              
000005d0  UCA0ABCTL                              
000005d2  UCA0IRCTL                              
000005d2  UCA0IRCTL_L                            
000005d3  UCA0IRCTL_H                            
000005dc  UCA0ICTL                               
000005dc  UCA0ICTL_L                             
000005dd  UCA0ICTL_H                             
000005de  UCA0IV                                 
000005e0  UCB0CTLW0                              
000005e0  UCB0CTLW0_L                            
000005e1  UCB0CTLW0_H                            
000005e6  UCB0BRW                                
000005e6  UCB0BRW_L                              
000005e7  UCB0BRW_H                              
000005ea  UCB0STAT                               
000005ec  UCB0RXBUF                              
000005ee  UCB0TXBUF                              
000005f0  UCB0I2COA                              
000005f0  UCB0I2COA_L                            
000005f1  UCB0I2COA_H                            
000005f2  UCB0I2CSA                              
000005f2  UCB0I2CSA_L                            
000005f3  UCB0I2CSA_H                            
000005fc  UCB0ICTL                               
000005fc  UCB0ICTL_L                             
000005fd  UCB0ICTL_H                             
000005fe  UCB0IV                                 
00000600  UCA1CTLW0                              
00000600  UCA1CTLW0_L                            
00000601  UCA1CTLW0_H                            
00000606  UCA1BRW                                
00000606  UCA1BRW_L                              
00000607  UCA1BRW_H                              
00000608  UCA1MCTL                               
0000060a  UCA1STAT                               
0000060c  UCA1RXBUF                              
0000060e  UCA1TXBUF                              
00000610  UCA1ABCTL                              
00000612  UCA1IRCTL                              
00000612  UCA1IRCTL_L                            
00000613  UCA1IRCTL_H                            
0000061c  UCA1ICTL                               
0000061c  UCA1ICTL_L                             
0000061d  UCA1ICTL_H                             
0000061e  UCA1IV                                 
00000620  UCB1CTLW0                              
00000620  UCB1CTLW0_L                            
00000621  UCB1CTLW0_H                            
00000626  UCB1BRW                                
00000626  UCB1BRW_L                              
00000627  UCB1BRW_H                              
0000062a  UCB1STAT                               
0000062c  UCB1RXBUF                              
0000062e  UCB1TXBUF                              
00000630  UCB1I2COA                              
00000630  UCB1I2COA_L                            
00000631  UCB1I2COA_H                            
00000632  UCB1I2CSA                              
00000632  UCB1I2CSA_L                            
00000633  UCB1I2CSA_H                            
0000063c  UCB1ICTL                               
0000063c  UCB1ICTL_L                             
0000063d  UCB1ICTL_H                             
0000063e  UCB1IV                                 
00000640  UCA2CTLW0                              
00000640  UCA2CTLW0_L                            
00000641  UCA2CTLW0_H                            
00000646  UCA2BRW                                
00000646  UCA2BRW_L                              
00000647  UCA2BRW_H                              
00000648  UCA2MCTL                               
0000064a  UCA2STAT                               
0000064c  UCA2RXBUF                              
0000064e  UCA2TXBUF                              
00000650  UCA2ABCTL                              
00000652  UCA2IRCTL                              
00000652  UCA2IRCTL_L                            
00000653  UCA2IRCTL_H                            
0000065c  UCA2ICTL                               
0000065c  UCA2ICTL_L                             
0000065d  UCA2ICTL_H                             
0000065e  UCA2IV                                 
00000660  UCB2CTLW0                              
00000660  UCB2CTLW0_L                            
00000661  UCB2CTLW0_H                            
00000666  UCB2BRW                                
00000666  UCB2BRW_L                              
00000667  UCB2BRW_H                              
0000066a  UCB2STAT                               
0000066c  UCB2RXBUF                              
0000066e  UCB2TXBUF                              
00000670  UCB2I2COA                              
00000670  UCB2I2COA_L                            
00000671  UCB2I2COA_H                            
00000672  UCB2I2CSA                              
00000672  UCB2I2CSA_L                            
00000673  UCB2I2CSA_H                            
0000067c  UCB2ICTL                               
0000067c  UCB2ICTL_L                             
0000067d  UCB2ICTL_H                             
0000067e  UCB2IV                                 
00000680  UCA3CTLW0                              
00000680  UCA3CTLW0_L                            
00000681  UCA3CTLW0_H                            
00000686  UCA3BRW                                
00000686  UCA3BRW_L                              
00000687  UCA3BRW_H                              
00000688  UCA3MCTL                               
0000068a  UCA3STAT                               
0000068c  UCA3RXBUF                              
0000068e  UCA3TXBUF                              
00000690  UCA3ABCTL                              
00000692  UCA3IRCTL                              
00000692  UCA3IRCTL_L                            
00000693  UCA3IRCTL_H                            
0000069c  UCA3ICTL                               
0000069c  UCA3ICTL_L                             
0000069d  UCA3ICTL_H                             
0000069e  UCA3IV                                 
000006a0  UCB3CTLW0                              
000006a0  UCB3CTLW0_L                            
000006a1  UCB3CTLW0_H                            
000006a6  UCB3BRW                                
000006a6  UCB3BRW_L                              
000006a7  UCB3BRW_H                              
000006aa  UCB3STAT                               
000006ac  UCB3RXBUF                              
000006ae  UCB3TXBUF                              
000006b0  UCB3I2COA                              
000006b0  UCB3I2COA_L                            
000006b1  UCB3I2COA_H                            
000006b2  UCB3I2CSA                              
000006b2  UCB3I2CSA_L                            
000006b3  UCB3I2CSA_H                            
000006bc  UCB3ICTL                               
000006bc  UCB3ICTL_L                             
000006bd  UCB3ICTL_H                             
000006be  UCB3IV                                 
00000700  ADC12CTL0                              
00000700  ADC12CTL0_L                            
00000701  ADC12CTL0_H                            
00000702  ADC12CTL1                              
00000702  ADC12CTL1_L                            
00000703  ADC12CTL1_H                            
00000704  ADC12CTL2                              
00000704  ADC12CTL2_L                            
00000705  ADC12CTL2_H                            
0000070a  ADC12IFG                               
0000070a  ADC12IFG_L                             
0000070b  ADC12IFG_H                             
0000070c  ADC12IE                                
0000070c  ADC12IE_L                              
0000070d  ADC12IE_H                              
0000070e  ADC12IV                                
0000070e  ADC12IV_L                              
0000070f  ADC12IV_H                              
00000710  ADC12MCTL0                             
00000711  ADC12MCTL1                             
00000712  ADC12MCTL2                             
00000713  ADC12MCTL3                             
00000714  ADC12MCTL4                             
00000715  ADC12MCTL5                             
00000716  ADC12MCTL6                             
00000717  ADC12MCTL7                             
00000718  ADC12MCTL8                             
00000719  ADC12MCTL9                             
0000071a  ADC12MCTL10                            
0000071b  ADC12MCTL11                            
0000071c  ADC12MCTL12                            
0000071d  ADC12MCTL13                            
0000071e  ADC12MCTL14                            
0000071f  ADC12MCTL15                            
00000720  ADC12MEM0                              
00000720  ADC12MEM0_L                            
00000721  ADC12MEM0_H                            
00000722  ADC12MEM1                              
00000722  ADC12MEM1_L                            
00000723  ADC12MEM1_H                            
00000724  ADC12MEM2                              
00000724  ADC12MEM2_L                            
00000725  ADC12MEM2_H                            
00000726  ADC12MEM3                              
00000726  ADC12MEM3_L                            
00000727  ADC12MEM3_H                            
00000728  ADC12MEM4                              
00000728  ADC12MEM4_L                            
00000729  ADC12MEM4_H                            
0000072a  ADC12MEM5                              
0000072a  ADC12MEM5_L                            
0000072b  ADC12MEM5_H                            
0000072c  ADC12MEM6                              
0000072c  ADC12MEM6_L                            
0000072d  ADC12MEM6_H                            
0000072e  ADC12MEM7                              
0000072e  ADC12MEM7_L                            
0000072f  ADC12MEM7_H                            
00000730  ADC12MEM8                              
00000730  ADC12MEM8_L                            
00000731  ADC12MEM8_H                            
00000732  ADC12MEM9                              
00000732  ADC12MEM9_L                            
00000733  ADC12MEM9_H                            
00000734  ADC12MEM10                             
00000734  ADC12MEM10_L                           
00000735  ADC12MEM10_H                           
00000736  ADC12MEM11                             
00000736  ADC12MEM11_L                           
00000737  ADC12MEM11_H                           
00000738  ADC12MEM12                             
00000738  ADC12MEM12_L                           
00000739  ADC12MEM12_H                           
0000073a  ADC12MEM13                             
0000073a  ADC12MEM13_L                           
0000073b  ADC12MEM13_H                           
0000073c  ADC12MEM14                             
0000073c  ADC12MEM14_L                           
0000073d  ADC12MEM14_H                           
0000073e  ADC12MEM15                             
0000073e  ADC12MEM15_L                           
0000073f  ADC12MEM15_H                           
00001c00  onceLCD                                
00001c02  flesh                                  
00001c04  Vref                                   
00001c0c  Iref                                   
00001c14  A0                                     
00001c1c  A1                                     
00001c24  A2                                     
00001c2c  Vout                                   
00001c34  Vin                                    
00001c3c  Vhall                                  
00001c44  Iout                                   
00001c4c  errorD                                 
00001c54  scale_Vout                             
00001c5c  SOS_Vout                               
00001c8c  pid_Vout                               
00001ca8  qVout                                  
00005b60  _stack                                 
00005c00  Port_2                                 
00005c00  __STACK_END                            
00005d34  ADC12_ISR                              
00005d94  _c_int00_noargs                        
00005db0  __TI_ISR_TRAP                          
00005db8  Calculate                              
00005dbe  write_chinese                          
00005ffe  font6x8                                
00006276  __TI_Handler_Table_Base                
0000627e  __TI_CINIT_Base                        
0000627e  __TI_Handler_Table_Limit               
00006286  __TI_CINIT_Limit                       
0000ffd2  __TI_int41                             
0000ffd4  __TI_int42                             
0000ffd6  __TI_int43                             
0000ffd8  __TI_int44                             
0000ffda  __TI_int45                             
0000ffdc  __TI_int46                             
0000ffde  __TI_int47                             
0000ffe0  __TI_int48                             
0000ffe2  __TI_int49                             
0000ffe4  __TI_int50                             
0000ffe6  __TI_int51                             
0000ffe8  __TI_int52                             
0000ffea  __TI_int53                             
0000ffec  __TI_int54                             
0000ffee  __TI_int55                             
0000fff0  __TI_int56                             
0000fff2  __TI_int57                             
0000fff4  __TI_int58                             
0000fff6  __TI_int59                             
0000fff8  __TI_int60                             
0000fffa  __TI_int61                             
0000fffc  __TI_int62                             
0000fffe  _reset_vector                          
00010000  __mspabi_addd                          
0001072a  __TI_frcdivd                           
00010b90  main                                   
00010e68  __mspabi_mpyd                          
00011100  __mspabi_divd                          
00011322  ButterWorthFilter                      
00011540  __TI_frcmpyd                           
000116a4  __mspabi_subf                          
000116aa  __mspabi_addf                          
000117d6  PIDCalc                                
000118b8  __mspabi_cmpd                          
00011990  __mspabi_mpyf                          
00011a48  __mspabi_cvtdf                         
00011afa  LCD_write_chinese_string               
00011b98  LCD_ShowFloat                          
00011c30  __mspabi_fltuld                        
00011cb0  LCD_ShowNum                            
00011d2e  LCD_init                               
00011da8  __TI_decompress_lzss                   
00011e1e  clk_Init                               
00011e92  show_adc_result                        
00011f00  key_Init                               
00011f68  __mspabi_fixfi                         
00011fd0  __mspabi_cvtfd                         
00012034  __mspabi_mpyll_f5hw                    
00012090  __TI_auto_init_nobinit_nopinit_hold_wdt
000120e4  SetVcoreUp                             
00012132  __mspabi_cmpf                          
0001217c  LCD_write_byte                         
000121c2  __mspabi_srall                         
00012202  __mspabi_sral_15                       
00012206  __mspabi_sral_14                       
0001220a  __mspabi_sral_13                       
0001220e  __mspabi_sral_12                       
00012212  __mspabi_sral_11                       
00012216  __mspabi_sral_10                       
0001221a  __mspabi_sral_9                        
0001221e  __mspabi_sral_8                        
00012222  __mspabi_sral_7                        
00012226  __mspabi_sral_6                        
0001222a  __mspabi_sral_5                        
0001222e  __mspabi_sral_4                        
00012232  __mspabi_sral_3                        
00012236  __mspabi_sral_2                        
0001223a  __mspabi_sral_1                        
00012240  __mspabi_slll_15                       
00012244  __mspabi_slll_14                       
00012248  __mspabi_slll_13                       
0001224c  __mspabi_slll_12                       
00012250  __mspabi_slll_11                       
00012254  __mspabi_slll_10                       
00012258  __mspabi_slll_9                        
0001225c  __mspabi_slll_8                        
00012260  __mspabi_slll_7                        
00012264  __mspabi_slll_6                        
00012268  __mspabi_slll_5                        
0001226c  __mspabi_slll_4                        
00012270  __mspabi_slll_3                        
00012274  __mspabi_slll_2                        
00012278  __mspabi_slll_1                        
0001227e  __mspabi_srll_15                       
00012282  __mspabi_srll_14                       
00012286  __mspabi_srll_13                       
0001228a  __mspabi_srll_12                       
0001228e  __mspabi_srll_11                       
00012292  __mspabi_srll_10                       
00012296  __mspabi_srll_9                        
0001229a  __mspabi_srll_8                        
0001229e  __mspabi_srll_7                        
000122a2  __mspabi_srll_6                        
000122a6  __mspabi_srll_5                        
000122aa  __mspabi_srll_4                        
000122ae  __mspabi_srll_3                        
000122b2  __mspabi_srll_2                        
000122b6  __mspabi_srll_1                        
000122bc  LCD_write_char                         
000122f6  __mspabi_sllll                         
00012330  __mspabi_srlll                         
0001236a  adc_Init                               
000123a2  __mspabi_fltif                         
000123d8  TIMER0_A0_Init                         
0001240c  InButterQueue                          
0001243e  __mspabi_subd                          
00012470  pwm_out                                
000124a2  LCD_clear                              
000124ce  __mspabi_mpyull_f5hw                   
000124fa  __mspabi_divi                          
000124fa  __mspabi_remi                          
00012526  __mspabi_mpyl_f5hw                     
0001254a  LCD_write_english_string               
00012568  LCD_set_XY                             
00012582  LCD_mypow                              
0001259a  __mspabi_mpyi_f5hw                     
000125b2  __mspabi_divu                          
000125b2  __mspabi_remu                          
000125c8  memcpy                                 
000125dc  __TI_decompress_none                   
000125ee  LCD_ShowChar                           
000125fc  __mspabi_fltud                         
00012602  C$$EXIT                                
00012602  abort                                  
00012608  _system_pre_init                       
0001260c  _system_post_cinit                     
ffffffff  __TI_pprof_out_hndl                    
ffffffff  __TI_prof_data_size                    
ffffffff  __TI_prof_data_start                   
ffffffff  __c_args__                             

[822 symbols]
