<?xml version="1.0" encoding="ISO-8859-1" ?>
<link_info>
   <banner>TMS320C2000 Linker PC v20.2.5.LTS</banner>
   <copyright>Copyright (c) 1996-2018 Texas Instruments Incorporated</copyright>
   <link_time>0x615d9db5</link_time>
   <link_errors>0x0</link_errors>
   <output_file>empty_sysconfig_337zwt.out</output_file>
   <entry_point>
      <name>code_start</name>
      <address>0x0</address>
   </entry_point>
   <input_file_list>
      <input_file id="fl-2">
         <path>.\syscfg\</path>
         <kind>object</kind>
         <file>board.obj</file>
         <name>board.obj</name>
      </input_file>
      <input_file id="fl-3">
         <path>.\</path>
         <kind>object</kind>
         <file>main.obj</file>
         <name>main.obj</name>
      </input_file>
      <input_file id="fl-4">
         <path>.\</path>
         <kind>object</kind>
         <file>nokia_5110.obj</file>
         <name>nokia_5110.obj</name>
      </input_file>
      <input_file id="fl-5">
         <path>.\</path>
         <kind>object</kind>
         <file>pid.obj</file>
         <name>pid.obj</name>
      </input_file>
      <input_file id="fl-6">
         <path>.\</path>
         <kind>object</kind>
         <file>pll.obj</file>
         <name>pll.obj</name>
      </input_file>
      <input_file id="fl-7">
         <path>.\</path>
         <kind>object</kind>
         <file>protect.obj</file>
         <name>protect.obj</name>
      </input_file>
      <input_file id="fl-8">
         <path>.\</path>
         <kind>object</kind>
         <file>transform.obj</file>
         <name>transform.obj</name>
      </input_file>
      <input_file id="fl-9">
         <path>.\device\</path>
         <kind>object</kind>
         <file>F2837xD_CodeStartBranch.obj</file>
         <name>F2837xD_CodeStartBranch.obj</name>
      </input_file>
      <input_file id="fl-a">
         <path>.\device\</path>
         <kind>object</kind>
         <file>device.obj</file>
         <name>device.obj</name>
      </input_file>
      <input_file id="fl-f">
         <kind>object</kind>
         <file>&lt;internal&gt;</file>
         <name>&lt;internal&gt;</name>
      </input_file>
      <input_file id="fl-13">
         <path>D:\CCS\ccs\tools\compiler\C2000Ware_3_04_00_00_Software\driverlib\f2837xd\driverlib\ccs\Debug\</path>
         <kind>archive</kind>
         <file>driverlib_eabi.lib</file>
         <name>adc.obj</name>
      </input_file>
      <input_file id="fl-14">
         <path>D:\CCS\ccs\tools\compiler\C2000Ware_3_04_00_00_Software\driverlib\f2837xd\driverlib\ccs\Debug\</path>
         <kind>archive</kind>
         <file>driverlib_eabi.lib</file>
         <name>gpio.obj</name>
      </input_file>
      <input_file id="fl-15">
         <path>D:\CCS\ccs\tools\compiler\C2000Ware_3_04_00_00_Software\driverlib\f2837xd\driverlib\ccs\Debug\</path>
         <kind>archive</kind>
         <file>driverlib_eabi.lib</file>
         <name>interrupt.obj</name>
      </input_file>
      <input_file id="fl-16">
         <path>D:\CCS\ccs\tools\compiler\C2000Ware_3_04_00_00_Software\driverlib\f2837xd\driverlib\ccs\Debug\</path>
         <kind>archive</kind>
         <file>driverlib_eabi.lib</file>
         <name>spi.obj</name>
      </input_file>
      <input_file id="fl-17">
         <path>D:\CCS\ccs\tools\compiler\C2000Ware_3_04_00_00_Software\driverlib\f2837xd\driverlib\ccs\Debug\</path>
         <kind>archive</kind>
         <file>driverlib_eabi.lib</file>
         <name>sysctl.obj</name>
      </input_file>
      <input_file id="fl-23">
         <path>D:\CCS\ccs\tools\compiler\ti-cgt-c2000_20.2.5.LTS\lib\</path>
         <kind>archive</kind>
         <file>rts2800_fpu32_eabi.lib</file>
         <name>s_cosf.c.obj</name>
      </input_file>
      <input_file id="fl-24">
         <path>D:\CCS\ccs\tools\compiler\ti-cgt-c2000_20.2.5.LTS\lib\</path>
         <kind>archive</kind>
         <file>rts2800_fpu32_eabi.lib</file>
         <name>s_sinf.c.obj</name>
      </input_file>
      <input_file id="fl-25">
         <path>D:\CCS\ccs\tools\compiler\ti-cgt-c2000_20.2.5.LTS\lib\</path>
         <kind>archive</kind>
         <file>rts2800_fpu32_eabi.lib</file>
         <name>boot28.asm.obj</name>
      </input_file>
      <input_file id="fl-26">
         <path>D:\CCS\ccs\tools\compiler\ti-cgt-c2000_20.2.5.LTS\lib\</path>
         <kind>archive</kind>
         <file>rts2800_fpu32_eabi.lib</file>
         <name>fd_add28.asm.obj</name>
      </input_file>
      <input_file id="fl-27">
         <path>D:\CCS\ccs\tools\compiler\ti-cgt-c2000_20.2.5.LTS\lib\</path>
         <kind>archive</kind>
         <file>rts2800_fpu32_eabi.lib</file>
         <name>fd_cmp28.asm.obj</name>
      </input_file>
      <input_file id="fl-28">
         <path>D:\CCS\ccs\tools\compiler\ti-cgt-c2000_20.2.5.LTS\lib\</path>
         <kind>archive</kind>
         <file>rts2800_fpu32_eabi.lib</file>
         <name>fd_mpy28.asm.obj</name>
      </input_file>
      <input_file id="fl-29">
         <path>D:\CCS\ccs\tools\compiler\ti-cgt-c2000_20.2.5.LTS\lib\</path>
         <kind>archive</kind>
         <file>rts2800_fpu32_eabi.lib</file>
         <name>fd_sub28.asm.obj</name>
      </input_file>
      <input_file id="fl-2a">
         <path>D:\CCS\ccs\tools\compiler\ti-cgt-c2000_20.2.5.LTS\lib\</path>
         <kind>archive</kind>
         <file>rts2800_fpu32_eabi.lib</file>
         <name>fd_tou28.asm.obj</name>
      </input_file>
      <input_file id="fl-2b">
         <path>D:\CCS\ccs\tools\compiler\ti-cgt-c2000_20.2.5.LTS\lib\</path>
         <kind>archive</kind>
         <file>rts2800_fpu32_eabi.lib</file>
         <name>fs_div28.asm.obj</name>
      </input_file>
      <input_file id="fl-2c">
         <path>D:\CCS\ccs\tools\compiler\ti-cgt-c2000_20.2.5.LTS\lib\</path>
         <kind>archive</kind>
         <file>rts2800_fpu32_eabi.lib</file>
         <name>ll_cmp28.asm.obj</name>
      </input_file>
      <input_file id="fl-2d">
         <path>D:\CCS\ccs\tools\compiler\ti-cgt-c2000_20.2.5.LTS\lib\</path>
         <kind>archive</kind>
         <file>rts2800_fpu32_eabi.lib</file>
         <name>i_tofd28.asm.obj</name>
      </input_file>
      <input_file id="fl-2e">
         <path>D:\CCS\ccs\tools\compiler\ti-cgt-c2000_20.2.5.LTS\lib\</path>
         <kind>archive</kind>
         <file>rts2800_fpu32_eabi.lib</file>
         <name>i_div28.asm.obj</name>
      </input_file>
      <input_file id="fl-2f">
         <path>D:\CCS\ccs\tools\compiler\ti-cgt-c2000_20.2.5.LTS\lib\</path>
         <kind>archive</kind>
         <file>rts2800_fpu32_eabi.lib</file>
         <name>u_div28.asm.obj</name>
      </input_file>
      <input_file id="fl-30">
         <path>D:\CCS\ccs\tools\compiler\ti-cgt-c2000_20.2.5.LTS\lib\</path>
         <kind>archive</kind>
         <file>rts2800_fpu32_eabi.lib</file>
         <name>fs_tofdfpu32.asm.obj</name>
      </input_file>
      <input_file id="fl-31">
         <path>D:\CCS\ccs\tools\compiler\ti-cgt-c2000_20.2.5.LTS\lib\</path>
         <kind>archive</kind>
         <file>rts2800_fpu32_eabi.lib</file>
         <name>fd_tofsfpu32.asm.obj</name>
      </input_file>
      <input_file id="fl-32">
         <path>D:\CCS\ccs\tools\compiler\ti-cgt-c2000_20.2.5.LTS\lib\</path>
         <kind>archive</kind>
         <file>rts2800_fpu32_eabi.lib</file>
         <name>pre_init.c.obj</name>
      </input_file>
      <input_file id="fl-33">
         <path>D:\CCS\ccs\tools\compiler\ti-cgt-c2000_20.2.5.LTS\lib\</path>
         <kind>archive</kind>
         <file>rts2800_fpu32_eabi.lib</file>
         <name>autoinit.c.obj</name>
      </input_file>
      <input_file id="fl-34">
         <path>D:\CCS\ccs\tools\compiler\ti-cgt-c2000_20.2.5.LTS\lib\</path>
         <kind>archive</kind>
         <file>rts2800_fpu32_eabi.lib</file>
         <name>copy_zero_init.c.obj</name>
      </input_file>
      <input_file id="fl-35">
         <path>D:\CCS\ccs\tools\compiler\ti-cgt-c2000_20.2.5.LTS\lib\</path>
         <kind>archive</kind>
         <file>rts2800_fpu32_eabi.lib</file>
         <name>copy_decompress_none.c.obj</name>
      </input_file>
      <input_file id="fl-36">
         <path>D:\CCS\ccs\tools\compiler\ti-cgt-c2000_20.2.5.LTS\lib\</path>
         <kind>archive</kind>
         <file>rts2800_fpu32_eabi.lib</file>
         <name>copy_decompress_lzss.c.obj</name>
      </input_file>
      <input_file id="fl-37">
         <path>D:\CCS\ccs\tools\compiler\ti-cgt-c2000_20.2.5.LTS\lib\</path>
         <kind>archive</kind>
         <file>rts2800_fpu32_eabi.lib</file>
         <name>exit.c.obj</name>
      </input_file>
      <input_file id="fl-38">
         <path>D:\CCS\ccs\tools\compiler\ti-cgt-c2000_20.2.5.LTS\lib\</path>
         <kind>archive</kind>
         <file>rts2800_fpu32_eabi.lib</file>
         <name>_lock.c.obj</name>
      </input_file>
      <input_file id="fl-39">
         <path>D:\CCS\ccs\tools\compiler\ti-cgt-c2000_20.2.5.LTS\lib\</path>
         <kind>archive</kind>
         <file>rts2800_fpu32_eabi.lib</file>
         <name>args_main.c.obj</name>
      </input_file>
      <input_file id="fl-3a">
         <path>D:\CCS\ccs\tools\compiler\ti-cgt-c2000_20.2.5.LTS\lib\</path>
         <kind>archive</kind>
         <file>rts2800_fpu32_eabi.lib</file>
         <name>memset.c.obj</name>
      </input_file>
      <input_file id="fl-3b">
         <path>D:\CCS\ccs\tools\compiler\ti-cgt-c2000_20.2.5.LTS\lib\</path>
         <kind>archive</kind>
         <file>rts2800_fpu32_eabi.lib</file>
         <name>cpy_tbl.c.obj</name>
      </input_file>
      <input_file id="fl-3c">
         <path>D:\CCS\ccs\tools\compiler\ti-cgt-c2000_20.2.5.LTS\lib\</path>
         <kind>archive</kind>
         <file>rts2800_fpu32_eabi.lib</file>
         <name>memcpy.c.obj</name>
      </input_file>
      <input_file id="fl-3d">
         <path>D:\CCS\ccs\tools\compiler\ti-cgt-c2000_20.2.5.LTS\lib\</path>
         <kind>archive</kind>
         <file>rts2800_fpu32_eabi.lib</file>
         <name>startup.c.obj</name>
      </input_file>
   </input_file_list>
   <object_component_list>
      <object_component id="oc-2d">
         <name>codestart</name>
         <load_address>0x0</load_address>
         <run_address>0x0</run_address>
         <size>0x2</size>
         <input_file_ref idref="fl-9"/>
      </object_component>
      <object_component id="oc-d0">
         <name>.text</name>
         <load_address>0x8000</load_address>
         <run_address>0x8000</run_address>
         <size>0x40e</size>
         <input_file_ref idref="fl-4"/>
      </object_component>
      <object_component id="oc-123">
         <name>.text:SysCtl_setClock</name>
         <load_address>0x840e</load_address>
         <run_address>0x840e</run_address>
         <size>0x215</size>
         <input_file_ref idref="fl-17"/>
      </object_component>
      <object_component id="oc-86">
         <name>.text</name>
         <load_address>0x8623</load_address>
         <run_address>0x8623</run_address>
         <size>0x103</size>
         <input_file_ref idref="fl-5"/>
      </object_component>
      <object_component id="oc-dc">
         <name>.text:ADC_setMode</name>
         <load_address>0x8726</load_address>
         <run_address>0x8726</run_address>
         <size>0xbd</size>
         <input_file_ref idref="fl-13"/>
      </object_component>
      <object_component id="oc-78">
         <name>.text</name>
         <load_address>0x87e3</load_address>
         <run_address>0x87e3</run_address>
         <size>0x1d</size>
         <input_file_ref idref="fl-2d"/>
      </object_component>
      <object_component id="oc-9f">
         <name>.text</name>
         <load_address>0x8800</load_address>
         <run_address>0x8800</run_address>
         <size>0x404</size>
         <input_file_ref idref="fl-a"/>
      </object_component>
      <object_component id="oc-66">
         <name>.text</name>
         <load_address>0x8c04</load_address>
         <run_address>0x8c04</run_address>
         <size>0x9c</size>
         <input_file_ref idref="fl-26"/>
      </object_component>
      <object_component id="oc-61">
         <name>.text</name>
         <load_address>0x8ca0</load_address>
         <run_address>0x8ca0</run_address>
         <size>0x83</size>
         <input_file_ref idref="fl-28"/>
      </object_component>
      <object_component id="oc-245">
         <name>.text:SysCtl_selectXTAL</name>
         <load_address>0x8d23</load_address>
         <run_address>0x8d23</run_address>
         <size>0x6f</size>
         <input_file_ref idref="fl-17"/>
      </object_component>
      <object_component id="oc-11d">
         <name>.text:SysCtl_getDeviceParametric</name>
         <load_address>0x8d92</load_address>
         <run_address>0x8d92</run_address>
         <size>0x68</size>
         <input_file_ref idref="fl-17"/>
      </object_component>
      <object_component id="oc-106">
         <name>.text</name>
         <load_address>0x8dfa</load_address>
         <run_address>0x8dfa</run_address>
         <size>0x63</size>
         <input_file_ref idref="fl-23"/>
      </object_component>
      <object_component id="oc-164">
         <name>.text:SPI_setConfig</name>
         <load_address>0x8e5d</load_address>
         <run_address>0x8e5d</run_address>
         <size>0x5c</size>
         <input_file_ref idref="fl-16"/>
      </object_component>
      <object_component id="oc-10c">
         <name>.text</name>
         <load_address>0x8eb9</load_address>
         <run_address>0x8eb9</run_address>
         <size>0x59</size>
         <input_file_ref idref="fl-24"/>
      </object_component>
      <object_component id="oc-1c5">
         <name>.text:SysCtl_selectOscSource</name>
         <load_address>0x8f12</load_address>
         <run_address>0x8f12</run_address>
         <size>0x54</size>
         <input_file_ref idref="fl-17"/>
      </object_component>
      <object_component id="oc-b2">
         <name>.text:GPIO_setPadConfig</name>
         <load_address>0x8f66</load_address>
         <run_address>0x8f66</run_address>
         <size>0x52</size>
         <input_file_ref idref="fl-14"/>
      </object_component>
      <object_component id="oc-c4">
         <name>.text:Interrupt_initModule</name>
         <load_address>0x8fb8</load_address>
         <run_address>0x8fb8</run_address>
         <size>0x3d</size>
         <input_file_ref idref="fl-15"/>
      </object_component>
      <object_component id="oc-1bf">
         <name>.text:SysCtl_isMCDClockFailureDetected</name>
         <load_address>0x8ff5</load_address>
         <run_address>0x8ff5</run_address>
         <size>0xb</size>
         <input_file_ref idref="fl-17"/>
      </object_component>
      <object_component id="oc-129">
         <name>.text:SysCtl_getClock</name>
         <load_address>0x9000</load_address>
         <run_address>0x9000</run_address>
         <size>0x51</size>
         <input_file_ref idref="fl-17"/>
      </object_component>
      <object_component id="oc-b8">
         <name>.text:GPIO_setMasterCore</name>
         <load_address>0x9051</load_address>
         <run_address>0x9051</run_address>
         <size>0x38</size>
         <input_file_ref idref="fl-14"/>
      </object_component>
      <object_component id="oc-be">
         <name>.text:GPIO_setQualificationMode</name>
         <load_address>0x9089</load_address>
         <run_address>0x9089</run_address>
         <size>0x38</size>
         <input_file_ref idref="fl-14"/>
      </object_component>
      <object_component id="oc-a6">
         <name>.text:GPIO_setPinConfig</name>
         <load_address>0x90c1</load_address>
         <run_address>0x90c1</run_address>
         <size>0x37</size>
         <input_file_ref idref="fl-14"/>
      </object_component>
      <object_component id="oc-d6">
         <name>.text:Interrupt_enable</name>
         <load_address>0x90f8</load_address>
         <run_address>0x90f8</run_address>
         <size>0x34</size>
         <input_file_ref idref="fl-15"/>
      </object_component>
      <object_component id="oc-16a">
         <name>.text:SPI_setBaudRate</name>
         <load_address>0x912c</load_address>
         <run_address>0x912c</run_address>
         <size>0x33</size>
         <input_file_ref idref="fl-16"/>
      </object_component>
      <object_component id="oc-ac">
         <name>.text:GPIO_setDirectionMode</name>
         <load_address>0x915f</load_address>
         <run_address>0x915f</run_address>
         <size>0x31</size>
         <input_file_ref idref="fl-14"/>
      </object_component>
      <object_component id="oc-20">
         <name>.text:decompress:lzss</name>
         <load_address>0x9190</load_address>
         <run_address>0x9190</run_address>
         <size>0x31</size>
         <input_file_ref idref="fl-36"/>
      </object_component>
      <object_component id="oc-201">
         <name>.text:__TI_auto_init_nobinit_nopinit</name>
         <load_address>0x91c1</load_address>
         <run_address>0x91c1</run_address>
         <size>0x2b</size>
         <input_file_ref idref="fl-33"/>
      </object_component>
      <object_component id="oc-8c">
         <name>.text</name>
         <load_address>0x91ec</load_address>
         <run_address>0x91ec</run_address>
         <size>0x2a</size>
         <input_file_ref idref="fl-27"/>
      </object_component>
      <object_component id="oc-1ab">
         <name>.text</name>
         <load_address>0x9216</load_address>
         <run_address>0x9216</run_address>
         <size>0x29</size>
         <input_file_ref idref="fl-37"/>
      </object_component>
      <object_component id="oc-28c">
         <name>.text:CPUTimer_selectClockSource</name>
         <load_address>0x923f</load_address>
         <run_address>0x923f</run_address>
         <size>0x24</size>
         <input_file_ref idref="fl-17"/>
      </object_component>
      <object_component id="oc-6b">
         <name>.text</name>
         <load_address>0x9263</load_address>
         <run_address>0x9263</run_address>
         <size>0x23</size>
         <input_file_ref idref="fl-31"/>
      </object_component>
      <object_component id="oc-17b">
         <name>.text</name>
         <load_address>0x9286</load_address>
         <run_address>0x9286</run_address>
         <size>0x22</size>
         <input_file_ref idref="fl-2e"/>
      </object_component>
      <object_component id="oc-2c5">
         <name>.text:CPUTimer_getTimerOverflowStatus</name>
         <load_address>0x92a8</load_address>
         <run_address>0x92a8</run_address>
         <size>0x20</size>
         <input_file_ref idref="fl-17"/>
      </object_component>
      <object_component id="oc-ca">
         <name>.text:Interrupt_initVectorTable</name>
         <load_address>0x92c8</load_address>
         <run_address>0x92c8</run_address>
         <size>0x20</size>
         <input_file_ref idref="fl-15"/>
      </object_component>
      <object_component id="oc-18a">
         <name>.text:ADC_isBaseValid</name>
         <load_address>0x92e8</load_address>
         <run_address>0x92e8</run_address>
         <size>0x1f</size>
         <input_file_ref idref="fl-13"/>
      </object_component>
      <object_component id="oc-41">
         <name>.text</name>
         <load_address>0x9307</load_address>
         <run_address>0x9307</run_address>
         <size>0x1d</size>
         <input_file_ref idref="fl-3c"/>
      </object_component>
      <object_component id="oc-5b">
         <name>.text</name>
         <load_address>0x9324</load_address>
         <run_address>0x9324</run_address>
         <size>0x1c</size>
         <input_file_ref idref="fl-30"/>
      </object_component>
      <object_component id="oc-2b9">
         <name>.text:CPUTimer_isBaseValid</name>
         <load_address>0x9340</load_address>
         <run_address>0x9340</run_address>
         <size>0x1a</size>
         <input_file_ref idref="fl-17"/>
      </object_component>
      <object_component id="oc-1e4">
         <name>.text:SPI_isBaseValid</name>
         <load_address>0x935a</load_address>
         <run_address>0x935a</run_address>
         <size>0x1a</size>
         <input_file_ref idref="fl-16"/>
      </object_component>
      <object_component id="oc-130">
         <name>.text:SysCtl_getLowSpeedClock</name>
         <load_address>0x9374</load_address>
         <run_address>0x9374</run_address>
         <size>0x1a</size>
         <input_file_ref idref="fl-17"/>
      </object_component>
      <object_component id="oc-91">
         <name>.text</name>
         <load_address>0x938e</load_address>
         <run_address>0x938e</run_address>
         <size>0x1a</size>
         <input_file_ref idref="fl-2a"/>
      </object_component>
      <object_component id="oc-298">
         <name>.text:CPUTimer_startTimer</name>
         <load_address>0x93a8</load_address>
         <run_address>0x93a8</run_address>
         <size>0x19</size>
         <input_file_ref idref="fl-17"/>
      </object_component>
      <object_component id="oc-29e">
         <name>.text:SysCtl_pollCpuTimer</name>
         <load_address>0x93c1</load_address>
         <run_address>0x93c1</run_address>
         <size>0x19</size>
         <input_file_ref idref="fl-17"/>
      </object_component>
      <object_component id="oc-f6">
         <name>.text</name>
         <load_address>0x93da</load_address>
         <run_address>0x93da</run_address>
         <size>0x17</size>
         <input_file_ref idref="fl-25"/>
      </object_component>
      <object_component id="oc-292">
         <name>.text:CPUTimer_clearOverflowFlag</name>
         <load_address>0x93f1</load_address>
         <run_address>0x93f1</run_address>
         <size>0x12</size>
         <input_file_ref idref="fl-17"/>
      </object_component>
      <object_component id="oc-27a">
         <name>.text:CPUTimer_disableInterrupt</name>
         <load_address>0x9403</load_address>
         <run_address>0x9403</run_address>
         <size>0x12</size>
         <input_file_ref idref="fl-17"/>
      </object_component>
      <object_component id="oc-286">
         <name>.text:CPUTimer_setPeriod</name>
         <load_address>0x9415</load_address>
         <run_address>0x9415</run_address>
         <size>0x12</size>
         <input_file_ref idref="fl-17"/>
      </object_component>
      <object_component id="oc-280">
         <name>.text:CPUTimer_stopTimer</name>
         <load_address>0x9427</load_address>
         <run_address>0x9427</run_address>
         <size>0x12</size>
         <input_file_ref idref="fl-17"/>
      </object_component>
      <object_component id="oc-13d">
         <name>.text:GPIO_isPinValid</name>
         <load_address>0x9439</load_address>
         <run_address>0x9439</run_address>
         <size>0xe</size>
         <input_file_ref idref="fl-14"/>
      </object_component>
      <object_component id="oc-150">
         <name>.text:Interrupt_defaultHandler</name>
         <load_address>0x9447</load_address>
         <run_address>0x9447</run_address>
         <size>0xe</size>
         <input_file_ref idref="fl-15"/>
      </object_component>
      <object_component id="oc-70">
         <name>.text</name>
         <load_address>0x9455</load_address>
         <run_address>0x9455</run_address>
         <size>0xe</size>
         <input_file_ref idref="fl-29"/>
      </object_component>
      <object_component id="oc-148">
         <name>.text:Interrupt_disableMaster</name>
         <load_address>0x9463</load_address>
         <run_address>0x9463</run_address>
         <size>0xd</size>
         <input_file_ref idref="fl-15"/>
      </object_component>
      <object_component id="oc-183">
         <name>.text:Interrupt_enableMaster</name>
         <load_address>0x9470</load_address>
         <run_address>0x9470</run_address>
         <size>0xd</size>
         <input_file_ref idref="fl-15"/>
      </object_component>
      <object_component id="oc-1a5">
         <name>.text</name>
         <load_address>0x947d</load_address>
         <run_address>0x947d</run_address>
         <size>0xc</size>
         <input_file_ref idref="fl-39"/>
      </object_component>
      <object_component id="oc-176">
         <name>.text</name>
         <load_address>0x9489</load_address>
         <run_address>0x9489</run_address>
         <size>0xb</size>
         <input_file_ref idref="fl-2f"/>
      </object_component>
      <object_component id="oc-1cb">
         <name>.text:SysCtl_serviceWatchdog</name>
         <load_address>0x9494</load_address>
         <run_address>0x9494</run_address>
         <size>0x9</size>
         <input_file_ref idref="fl-17"/>
      </object_component>
      <object_component id="oc-26e">
         <name>.text</name>
         <load_address>0x949d</load_address>
         <run_address>0x949d</run_address>
         <size>0x9</size>
         <input_file_ref idref="fl-38"/>
      </object_component>
      <object_component id="oc-26">
         <name>.text:decompress:none</name>
         <load_address>0x94a6</load_address>
         <run_address>0x94a6</run_address>
         <size>0x8</size>
         <input_file_ref idref="fl-35"/>
      </object_component>
      <object_component id="oc-2a4">
         <name>.text:SysCtl_resetMCD</name>
         <load_address>0x94ae</load_address>
         <run_address>0x94ae</run_address>
         <size>0x7</size>
         <input_file_ref idref="fl-17"/>
      </object_component>
      <object_component id="oc-15c">
         <name>.text:Interrupt_illegalOperationHandler</name>
         <load_address>0x94b5</load_address>
         <run_address>0x94b5</run_address>
         <size>0x2</size>
         <input_file_ref idref="fl-15"/>
      </object_component>
      <object_component id="oc-156">
         <name>.text:Interrupt_nmiHandler</name>
         <load_address>0x94b7</load_address>
         <run_address>0x94b7</run_address>
         <size>0x2</size>
         <input_file_ref idref="fl-15"/>
      </object_component>
      <object_component id="oc-19e">
         <name>.text</name>
         <load_address>0x94b9</load_address>
         <run_address>0x94b9</run_address>
         <size>0x2</size>
         <input_file_ref idref="fl-32"/>
      </object_component>
      <object_component id="oc-254">
         <name>.text</name>
         <load_address>0x94bb</load_address>
         <run_address>0x94bb</run_address>
         <size>0x1</size>
         <input_file_ref idref="fl-3d"/>
      </object_component>
      <object_component id="oc-32">
         <name>.text:retain</name>
         <load_address>0xb000</load_address>
         <run_address>0xb000</run_address>
         <size>0x4e6</size>
         <input_file_ref idref="fl-3"/>
      </object_component>
      <object_component id="oc-7d">
         <name>.text</name>
         <load_address>0xb4e6</load_address>
         <run_address>0xb4e6</run_address>
         <size>0x28a</size>
         <input_file_ref idref="fl-8"/>
      </object_component>
      <object_component id="oc-96">
         <name>.text</name>
         <load_address>0xb770</load_address>
         <run_address>0xb770</run_address>
         <size>0x88</size>
         <input_file_ref idref="fl-2b"/>
      </object_component>
      <object_component id="oc-55">
         <name>.text</name>
         <load_address>0xb7f8</load_address>
         <run_address>0xb7f8</run_address>
         <size>0x8</size>
         <input_file_ref idref="fl-9"/>
      </object_component>
      <object_component id="oc-33">
         <name>.text</name>
         <load_address>0x16000</load_address>
         <run_address>0x16000</run_address>
         <size>0x8d0</size>
         <input_file_ref idref="fl-3"/>
      </object_component>
      <object_component id="oc-30a">
         <name>.cinit..data.load</name>
         <load_address>0x128</load_address>
         <run_address>0x128</run_address>
         <size>0x39</size>
      </object_component>
      <object_component id="oc-308">
         <name>__TI_handler_table</name>
         <load_address>0x162</load_address>
         <run_address>0x162</run_address>
         <size>0x4</size>
      </object_component>
      <object_component id="oc-309">
         <name>__TI_cinit_table</name>
         <load_address>0x168</load_address>
         <run_address>0x168</run_address>
         <size>0x4</size>
      </object_component>
      <object_component id="oc-3e">
         <name>.stack</name>
         <uninitialized>true</uninitialized>
         <run_address>0x400</run_address>
         <size>0x0</size>
         <input_file_ref idref="fl-25"/>
      </object_component>
      <object_component id="oc-30b">
         <name>.stack</name>
         <uninitialized>true</uninitialized>
         <run_address>0x400</run_address>
         <size>0x0</size>
      </object_component>
      <object_component id="oc-173">
         <name>.const:write_chinese</name>
         <load_address>0x13000</load_address>
         <run_address>0x13000</run_address>
         <size>0x240</size>
         <input_file_ref idref="fl-4"/>
      </object_component>
      <object_component id="oc-170">
         <name>.const:font6x8</name>
         <load_address>0x13240</load_address>
         <run_address>0x13240</run_address>
         <size>0x228</size>
         <input_file_ref idref="fl-4"/>
      </object_component>
      <object_component id="oc-9e">
         <name>.const:.string</name>
         <load_address>0x13468</load_address>
         <run_address>0x13468</run_address>
         <size>0x111</size>
         <input_file_ref idref="fl-3"/>
      </object_component>
      <object_component id="oc-1be">
         <name>.const:.string</name>
         <load_address>0x1357a</load_address>
         <run_address>0x1357a</run_address>
         <size>0xf5</size>
         <input_file_ref idref="fl-17"/>
      </object_component>
      <object_component id="oc-143">
         <name>.const:.string</name>
         <load_address>0x13670</load_address>
         <run_address>0x13670</run_address>
         <size>0xef</size>
         <input_file_ref idref="fl-14"/>
      </object_component>
      <object_component id="oc-163">
         <name>.const:.string</name>
         <load_address>0x13760</load_address>
         <run_address>0x13760</run_address>
         <size>0xb6</size>
         <input_file_ref idref="fl-4"/>
      </object_component>
      <object_component id="oc-190">
         <name>.const:.string</name>
         <load_address>0x13816</load_address>
         <run_address>0x13816</run_address>
         <size>0x76</size>
         <input_file_ref idref="fl-13"/>
      </object_component>
      <object_component id="oc-1ea">
         <name>.const:.string</name>
         <load_address>0x1388c</load_address>
         <run_address>0x1388c</run_address>
         <size>0x76</size>
         <input_file_ref idref="fl-16"/>
      </object_component>
      <object_component id="oc-60">
         <name>.const</name>
         <load_address>0x13902</load_address>
         <run_address>0x13902</run_address>
         <size>0x40</size>
         <input_file_ref idref="fl-3"/>
      </object_component>
      <object_component id="oc-105">
         <name>.const</name>
         <load_address>0x13942</load_address>
         <run_address>0x13942</run_address>
         <size>0x14</size>
         <input_file_ref idref="fl-8"/>
      </object_component>
      <object_component id="oc-12f">
         <name>.const:.string</name>
         <load_address>0x13956</load_address>
         <run_address>0x13956</run_address>
         <size>0x13</size>
         <input_file_ref idref="fl-a"/>
      </object_component>
      <object_component id="oc-180">
         <name>.const</name>
         <load_address>0x1396a</load_address>
         <run_address>0x1396a</run_address>
         <size>0x4</size>
         <input_file_ref idref="fl-4"/>
      </object_component>
      <object_component id="oc-116">
         <name>.const</name>
         <load_address>0x1396e</load_address>
         <run_address>0x1396e</run_address>
         <size>0x4</size>
         <input_file_ref idref="fl-5"/>
      </object_component>
      <object_component id="oc-9b">
         <name>.data</name>
         <load_address>0xa9cc</load_address>
         <run_address>0xa9cc</run_address>
         <size>0x2e</size>
         <input_file_ref idref="fl-3"/>
      </object_component>
      <object_component id="oc-83">
         <name>.data</name>
         <load_address>0xa800</load_address>
         <run_address>0xa800</run_address>
         <size>0x128</size>
         <input_file_ref idref="fl-5"/>
      </object_component>
      <object_component id="oc-75">
         <name>.data</name>
         <load_address>0xa940</load_address>
         <run_address>0xa940</run_address>
         <size>0x8c</size>
         <input_file_ref idref="fl-8"/>
      </object_component>
      <object_component id="oc-136">
         <name>.data</name>
         <load_address>0xa928</load_address>
         <run_address>0xa928</run_address>
         <size>0x6</size>
         <input_file_ref idref="fl-a"/>
      </object_component>
      <object_component id="oc-233">
         <name>.data</name>
         <load_address>0xa92e</load_address>
         <run_address>0xa92e</run_address>
         <size>0x6</size>
         <input_file_ref idref="fl-37"/>
      </object_component>
      <object_component id="oc-236">
         <name>.data:_lock</name>
         <load_address>0xa934</load_address>
         <run_address>0xa934</run_address>
         <size>0x2</size>
         <input_file_ref idref="fl-38"/>
      </object_component>
      <object_component id="oc-2b2">
         <name>.data:_unlock</name>
         <load_address>0xa936</load_address>
         <run_address>0xa936</run_address>
         <size>0x2</size>
         <input_file_ref idref="fl-38"/>
      </object_component>
      <object_component id="oc-a5">
         <name>.TI.ramfunc</name>
         <load_address>0x123</load_address>
         <run_address>0x123</run_address>
         <size>0x4</size>
         <input_file_ref idref="fl-17"/>
      </object_component>
      <object_component id="oc-e3">
         <name>.debug_types</name>
         <load_address>0x0</load_address>
         <run_address>0x0</run_address>
         <size>0x2ce1</size>
         <input_file_ref idref="fl-3"/>
      </object_component>
      <object_component id="oc-182">
         <name>.debug_types</name>
         <load_address>0x2ce1</load_address>
         <run_address>0x2ce1</run_address>
         <size>0x347</size>
         <input_file_ref idref="fl-4"/>
      </object_component>
      <object_component id="oc-115">
         <name>.debug_types</name>
         <load_address>0x0</load_address>
         <run_address>0x0</run_address>
         <size>0x0</size>
         <input_file_ref idref="fl-5"/>
      </object_component>
      <object_component id="oc-103">
         <name>.debug_types</name>
         <load_address>0x3028</load_address>
         <run_address>0x3028</run_address>
         <size>0x81</size>
         <input_file_ref idref="fl-8"/>
      </object_component>
      <object_component id="oc-13a">
         <name>.debug_types</name>
         <load_address>0x30a9</load_address>
         <run_address>0x30a9</run_address>
         <size>0x5c2</size>
         <input_file_ref idref="fl-a"/>
      </object_component>
      <object_component id="oc-192">
         <name>.debug_types</name>
         <load_address>0x366b</load_address>
         <run_address>0x366b</run_address>
         <size>0x12c</size>
         <input_file_ref idref="fl-13"/>
      </object_component>
      <object_component id="oc-13c">
         <name>.debug_types</name>
         <load_address>0x3797</load_address>
         <run_address>0x3797</run_address>
         <size>0x334</size>
         <input_file_ref idref="fl-14"/>
      </object_component>
      <object_component id="oc-14f">
         <name>.debug_types</name>
         <load_address>0x0</load_address>
         <run_address>0x0</run_address>
         <size>0x0</size>
         <input_file_ref idref="fl-15"/>
      </object_component>
      <object_component id="oc-1ec">
         <name>.debug_types</name>
         <load_address>0x0</load_address>
         <run_address>0x0</run_address>
         <size>0x0</size>
         <input_file_ref idref="fl-16"/>
      </object_component>
      <object_component id="oc-1bd">
         <name>.debug_types</name>
         <load_address>0x3acb</load_address>
         <run_address>0x3acb</run_address>
         <size>0x254</size>
         <input_file_ref idref="fl-17"/>
      </object_component>
      <object_component id="oc-1b6">
         <name>.debug_types</name>
         <load_address>0x3d1f</load_address>
         <run_address>0x3d1f</run_address>
         <size>0x8d</size>
         <input_file_ref idref="fl-23"/>
      </object_component>
      <object_component id="oc-1b8">
         <name>.debug_types</name>
         <load_address>0x0</load_address>
         <run_address>0x0</run_address>
         <size>0x0</size>
         <input_file_ref idref="fl-24"/>
      </object_component>
      <object_component id="oc-200">
         <name>.debug_types</name>
         <load_address>0x0</load_address>
         <run_address>0x0</run_address>
         <size>0x0</size>
         <input_file_ref idref="fl-32"/>
      </object_component>
      <object_component id="oc-25b">
         <name>.debug_types</name>
         <load_address>0x3dac</load_address>
         <run_address>0x3dac</run_address>
         <size>0x49b</size>
         <input_file_ref idref="fl-33"/>
      </object_component>
      <object_component id="oc-48">
         <name>.debug_types</name>
         <load_address>0x4247</load_address>
         <run_address>0x4247</run_address>
         <size>0x199</size>
         <input_file_ref idref="fl-35"/>
      </object_component>
      <object_component id="oc-40">
         <name>.debug_types</name>
         <load_address>0x43e0</load_address>
         <run_address>0x43e0</run_address>
         <size>0x191</size>
         <input_file_ref idref="fl-36"/>
      </object_component>
      <object_component id="oc-23a">
         <name>.debug_types</name>
         <load_address>0x4571</load_address>
         <run_address>0x4571</run_address>
         <size>0xbf</size>
         <input_file_ref idref="fl-37"/>
      </object_component>
      <object_component id="oc-276">
         <name>.debug_types</name>
         <load_address>0x4630</load_address>
         <run_address>0x4630</run_address>
         <size>0x2f</size>
         <input_file_ref idref="fl-38"/>
      </object_component>
      <object_component id="oc-232">
         <name>.debug_types</name>
         <load_address>0x465f</load_address>
         <run_address>0x465f</run_address>
         <size>0xe1</size>
         <input_file_ref idref="fl-39"/>
      </object_component>
      <object_component id="oc-e9">
         <name>.debug_types</name>
         <load_address>0x4740</load_address>
         <run_address>0x4740</run_address>
         <size>0xe3</size>
         <input_file_ref idref="fl-3c"/>
      </object_component>
      <object_component id="oc-2ac">
         <name>.debug_types</name>
         <load_address>0x0</load_address>
         <run_address>0x0</run_address>
         <size>0x0</size>
         <input_file_ref idref="fl-3d"/>
      </object_component>
      <object_component id="oc-9c">
         <name>.debug_info</name>
         <load_address>0x0</load_address>
         <run_address>0x0</run_address>
         <size>0x3f0</size>
         <input_file_ref idref="fl-3"/>
      </object_component>
      <object_component id="oc-35">
         <name>.debug_info</name>
         <load_address>0x3f0</load_address>
         <run_address>0x3f0</run_address>
         <size>0x3b4b</size>
         <input_file_ref idref="fl-3"/>
      </object_component>
      <object_component id="oc-39">
         <name>.debug_info</name>
         <load_address>0x3f3b</load_address>
         <run_address>0x3f3b</run_address>
         <size>0xadd</size>
         <input_file_ref idref="fl-3"/>
      </object_component>
      <object_component id="oc-171">
         <name>.debug_info</name>
         <load_address>0x4a18</load_address>
         <run_address>0x4a18</run_address>
         <size>0xe4</size>
         <input_file_ref idref="fl-4"/>
      </object_component>
      <object_component id="oc-174">
         <name>.debug_info</name>
         <load_address>0x4afc</load_address>
         <run_address>0x4afc</run_address>
         <size>0xf0</size>
         <input_file_ref idref="fl-4"/>
      </object_component>
      <object_component id="oc-d3">
         <name>.debug_info</name>
         <load_address>0x4bec</load_address>
         <run_address>0x4bec</run_address>
         <size>0x1c4f</size>
         <input_file_ref idref="fl-4"/>
      </object_component>
      <object_component id="oc-84">
         <name>.debug_info</name>
         <load_address>0x683b</load_address>
         <run_address>0x683b</run_address>
         <size>0x157</size>
         <input_file_ref idref="fl-5"/>
      </object_component>
      <object_component id="oc-88">
         <name>.debug_info</name>
         <load_address>0x6992</load_address>
         <run_address>0x6992</run_address>
         <size>0x38d</size>
         <input_file_ref idref="fl-5"/>
      </object_component>
      <object_component id="oc-76">
         <name>.debug_info</name>
         <load_address>0x6d1f</load_address>
         <run_address>0x6d1f</run_address>
         <size>0x2ff</size>
         <input_file_ref idref="fl-8"/>
      </object_component>
      <object_component id="oc-7f">
         <name>.debug_info</name>
         <load_address>0x701e</load_address>
         <run_address>0x701e</run_address>
         <size>0x85d</size>
         <input_file_ref idref="fl-8"/>
      </object_component>
      <object_component id="oc-30">
         <name>.debug_info</name>
         <load_address>0x787b</load_address>
         <run_address>0x787b</run_address>
         <size>0x10c</size>
         <input_file_ref idref="fl-9"/>
      </object_component>
      <object_component id="oc-58">
         <name>.debug_info</name>
         <load_address>0x7987</load_address>
         <run_address>0x7987</run_address>
         <size>0x10d</size>
         <input_file_ref idref="fl-9"/>
      </object_component>
      <object_component id="oc-137">
         <name>.debug_info</name>
         <load_address>0x7a94</load_address>
         <run_address>0x7a94</run_address>
         <size>0x157</size>
         <input_file_ref idref="fl-a"/>
      </object_component>
      <object_component id="oc-a3">
         <name>.debug_info</name>
         <load_address>0x7beb</load_address>
         <run_address>0x7beb</run_address>
         <size>0x1d61</size>
         <input_file_ref idref="fl-a"/>
      </object_component>
      <object_component id="oc-18c">
         <name>.debug_info</name>
         <load_address>0x994c</load_address>
         <run_address>0x994c</run_address>
         <size>0x252</size>
         <input_file_ref idref="fl-13"/>
      </object_component>
      <object_component id="oc-de">
         <name>.debug_info</name>
         <load_address>0x9b9e</load_address>
         <run_address>0x9b9e</run_address>
         <size>0x324</size>
         <input_file_ref idref="fl-13"/>
      </object_component>
      <object_component id="oc-141">
         <name>.debug_info</name>
         <load_address>0x9ec2</load_address>
         <run_address>0x9ec2</run_address>
         <size>0x250</size>
         <input_file_ref idref="fl-14"/>
      </object_component>
      <object_component id="oc-b0">
         <name>.debug_info</name>
         <load_address>0xa112</load_address>
         <run_address>0xa112</run_address>
         <size>0x2c8</size>
         <input_file_ref idref="fl-14"/>
      </object_component>
      <object_component id="oc-b6">
         <name>.debug_info</name>
         <load_address>0xa3da</load_address>
         <run_address>0xa3da</run_address>
         <size>0x2b1</size>
         <input_file_ref idref="fl-14"/>
      </object_component>
      <object_component id="oc-c2">
         <name>.debug_info</name>
         <load_address>0xa68b</load_address>
         <run_address>0xa68b</run_address>
         <size>0x2f9</size>
         <input_file_ref idref="fl-14"/>
      </object_component>
      <object_component id="oc-bc">
         <name>.debug_info</name>
         <load_address>0xa984</load_address>
         <run_address>0xa984</run_address>
         <size>0x2d9</size>
         <input_file_ref idref="fl-14"/>
      </object_component>
      <object_component id="oc-aa">
         <name>.debug_info</name>
         <load_address>0xac5d</load_address>
         <run_address>0xac5d</run_address>
         <size>0x29a</size>
         <input_file_ref idref="fl-14"/>
      </object_component>
      <object_component id="oc-187">
         <name>.debug_info</name>
         <load_address>0xaef7</load_address>
         <run_address>0xaef7</run_address>
         <size>0x249</size>
         <input_file_ref idref="fl-15"/>
      </object_component>
      <object_component id="oc-14c">
         <name>.debug_info</name>
         <load_address>0xb140</load_address>
         <run_address>0xb140</run_address>
         <size>0x24d</size>
         <input_file_ref idref="fl-15"/>
      </object_component>
      <object_component id="oc-154">
         <name>.debug_info</name>
         <load_address>0xb38d</load_address>
         <run_address>0xb38d</run_address>
         <size>0x267</size>
         <input_file_ref idref="fl-15"/>
      </object_component>
      <object_component id="oc-15e">
         <name>.debug_info</name>
         <load_address>0xb5f4</load_address>
         <run_address>0xb5f4</run_address>
         <size>0x24d</size>
         <input_file_ref idref="fl-15"/>
      </object_component>
      <object_component id="oc-157">
         <name>.debug_info</name>
         <load_address>0xb841</load_address>
         <run_address>0xb841</run_address>
         <size>0x233</size>
         <input_file_ref idref="fl-15"/>
      </object_component>
      <object_component id="oc-c5">
         <name>.debug_info</name>
         <load_address>0xba74</load_address>
         <run_address>0xba74</run_address>
         <size>0x25a</size>
         <input_file_ref idref="fl-15"/>
      </object_component>
      <object_component id="oc-cb">
         <name>.debug_info</name>
         <load_address>0xbcce</load_address>
         <run_address>0xbcce</run_address>
         <size>0x255</size>
         <input_file_ref idref="fl-15"/>
      </object_component>
      <object_component id="oc-d7">
         <name>.debug_info</name>
         <load_address>0xbf23</load_address>
         <run_address>0xbf23</run_address>
         <size>0x2fd</size>
         <input_file_ref idref="fl-15"/>
      </object_component>
      <object_component id="oc-1e6">
         <name>.debug_info</name>
         <load_address>0xc220</load_address>
         <run_address>0xc220</run_address>
         <size>0x250</size>
         <input_file_ref idref="fl-16"/>
      </object_component>
      <object_component id="oc-165">
         <name>.debug_info</name>
         <load_address>0xc470</load_address>
         <run_address>0xc470</run_address>
         <size>0x353</size>
         <input_file_ref idref="fl-16"/>
      </object_component>
      <object_component id="oc-16d">
         <name>.debug_info</name>
         <load_address>0xc7c3</load_address>
         <run_address>0xc7c3</run_address>
         <size>0x2c4</size>
         <input_file_ref idref="fl-16"/>
      </object_component>
      <object_component id="oc-1cc">
         <name>.debug_info</name>
         <load_address>0xca87</load_address>
         <run_address>0xca87</run_address>
         <size>0x23d</size>
         <input_file_ref idref="fl-17"/>
      </object_component>
      <object_component id="oc-1c0">
         <name>.debug_info</name>
         <load_address>0xccc4</load_address>
         <run_address>0xccc4</run_address>
         <size>0x259</size>
         <input_file_ref idref="fl-17"/>
      </object_component>
      <object_component id="oc-2a5">
         <name>.debug_info</name>
         <load_address>0xcf1d</load_address>
         <run_address>0xcf1d</run_address>
         <size>0x22f</size>
         <input_file_ref idref="fl-17"/>
      </object_component>
      <object_component id="oc-2bb">
         <name>.debug_info</name>
         <load_address>0xd14c</load_address>
         <run_address>0xd14c</run_address>
         <size>0x262</size>
         <input_file_ref idref="fl-17"/>
      </object_component>
      <object_component id="oc-294">
         <name>.debug_info</name>
         <load_address>0xd3ae</load_address>
         <run_address>0xd3ae</run_address>
         <size>0x28f</size>
         <input_file_ref idref="fl-17"/>
      </object_component>
      <object_component id="oc-27c">
         <name>.debug_info</name>
         <load_address>0xd63d</load_address>
         <run_address>0xd63d</run_address>
         <size>0x28d</size>
         <input_file_ref idref="fl-17"/>
      </object_component>
      <object_component id="oc-281">
         <name>.debug_info</name>
         <load_address>0xd8ca</load_address>
         <run_address>0xd8ca</run_address>
         <size>0x27f</size>
         <input_file_ref idref="fl-17"/>
      </object_component>
      <object_component id="oc-29b">
         <name>.debug_info</name>
         <load_address>0xdb49</load_address>
         <run_address>0xdb49</run_address>
         <size>0x283</size>
         <input_file_ref idref="fl-17"/>
      </object_component>
      <object_component id="oc-289">
         <name>.debug_info</name>
         <load_address>0xddcc</load_address>
         <run_address>0xddcc</run_address>
         <size>0x299</size>
         <input_file_ref idref="fl-17"/>
      </object_component>
      <object_component id="oc-2c8">
         <name>.debug_info</name>
         <load_address>0xe065</load_address>
         <run_address>0xe065</run_address>
         <size>0x2a3</size>
         <input_file_ref idref="fl-17"/>
      </object_component>
      <object_component id="oc-28e">
         <name>.debug_info</name>
         <load_address>0xe308</load_address>
         <run_address>0xe308</run_address>
         <size>0x2c7</size>
         <input_file_ref idref="fl-17"/>
      </object_component>
      <object_component id="oc-29f">
         <name>.debug_info</name>
         <load_address>0xe5cf</load_address>
         <run_address>0xe5cf</run_address>
         <size>0x2a2</size>
         <input_file_ref idref="fl-17"/>
      </object_component>
      <object_component id="oc-12b">
         <name>.debug_info</name>
         <load_address>0xe871</load_address>
         <run_address>0xe871</run_address>
         <size>0x2c2</size>
         <input_file_ref idref="fl-17"/>
      </object_component>
      <object_component id="oc-124">
         <name>.debug_info</name>
         <load_address>0xeb33</load_address>
         <run_address>0xeb33</run_address>
         <size>0x565</size>
         <input_file_ref idref="fl-17"/>
      </object_component>
      <object_component id="oc-246">
         <name>.debug_info</name>
         <load_address>0xf098</load_address>
         <run_address>0xf098</run_address>
         <size>0x3be</size>
         <input_file_ref idref="fl-17"/>
      </object_component>
      <object_component id="oc-1c6">
         <name>.debug_info</name>
         <load_address>0xf456</load_address>
         <run_address>0xf456</run_address>
         <size>0x28e</size>
         <input_file_ref idref="fl-17"/>
      </object_component>
      <object_component id="oc-133">
         <name>.debug_info</name>
         <load_address>0xf6e4</load_address>
         <run_address>0xf6e4</run_address>
         <size>0x29c</size>
         <input_file_ref idref="fl-17"/>
      </object_component>
      <object_component id="oc-11f">
         <name>.debug_info</name>
         <load_address>0xf980</load_address>
         <run_address>0xf980</run_address>
         <size>0x28c</size>
         <input_file_ref idref="fl-17"/>
      </object_component>
      <object_component id="oc-107">
         <name>.debug_info</name>
         <load_address>0xfc0c</load_address>
         <run_address>0xfc0c</run_address>
         <size>0x16f</size>
         <input_file_ref idref="fl-23"/>
      </object_component>
      <object_component id="oc-10d">
         <name>.debug_info</name>
         <load_address>0xfd7b</load_address>
         <run_address>0xfd7b</run_address>
         <size>0x17f</size>
         <input_file_ref idref="fl-24"/>
      </object_component>
      <object_component id="oc-f8">
         <name>.debug_info</name>
         <load_address>0xfefa</load_address>
         <run_address>0xfefa</run_address>
         <size>0x158</size>
         <input_file_ref idref="fl-25"/>
      </object_component>
      <object_component id="oc-67">
         <name>.debug_info</name>
         <load_address>0x10052</load_address>
         <run_address>0x10052</run_address>
         <size>0x127</size>
         <input_file_ref idref="fl-26"/>
      </object_component>
      <object_component id="oc-8f">
         <name>.debug_info</name>
         <load_address>0x10179</load_address>
         <run_address>0x10179</run_address>
         <size>0x131</size>
         <input_file_ref idref="fl-27"/>
      </object_component>
      <object_component id="oc-63">
         <name>.debug_info</name>
         <load_address>0x102aa</load_address>
         <run_address>0x102aa</run_address>
         <size>0x127</size>
         <input_file_ref idref="fl-28"/>
      </object_component>
      <object_component id="oc-71">
         <name>.debug_info</name>
         <load_address>0x103d1</load_address>
         <run_address>0x103d1</run_address>
         <size>0x13b</size>
         <input_file_ref idref="fl-29"/>
      </object_component>
      <object_component id="oc-93">
         <name>.debug_info</name>
         <load_address>0x1050c</load_address>
         <run_address>0x1050c</run_address>
         <size>0x127</size>
         <input_file_ref idref="fl-2a"/>
      </object_component>
      <object_component id="oc-97">
         <name>.debug_info</name>
         <load_address>0x10633</load_address>
         <run_address>0x10633</run_address>
         <size>0x127</size>
         <input_file_ref idref="fl-2b"/>
      </object_component>
      <object_component id="oc-79">
         <name>.debug_info</name>
         <load_address>0x1075a</load_address>
         <run_address>0x1075a</run_address>
         <size>0x12b</size>
         <input_file_ref idref="fl-2d"/>
      </object_component>
      <object_component id="oc-17d">
         <name>.debug_info</name>
         <load_address>0x10885</load_address>
         <run_address>0x10885</run_address>
         <size>0x163</size>
         <input_file_ref idref="fl-2e"/>
      </object_component>
      <object_component id="oc-179">
         <name>.debug_info</name>
         <load_address>0x109e8</load_address>
         <run_address>0x109e8</run_address>
         <size>0x163</size>
         <input_file_ref idref="fl-2f"/>
      </object_component>
      <object_component id="oc-5d">
         <name>.debug_info</name>
         <load_address>0x10b4b</load_address>
         <run_address>0x10b4b</run_address>
         <size>0x12b</size>
         <input_file_ref idref="fl-30"/>
      </object_component>
      <object_component id="oc-6d">
         <name>.debug_info</name>
         <load_address>0x10c76</load_address>
         <run_address>0x10c76</run_address>
         <size>0x12b</size>
         <input_file_ref idref="fl-31"/>
      </object_component>
      <object_component id="oc-1a2">
         <name>.debug_info</name>
         <load_address>0x10da1</load_address>
         <run_address>0x10da1</run_address>
         <size>0x14d</size>
         <input_file_ref idref="fl-32"/>
      </object_component>
      <object_component id="oc-204">
         <name>.debug_info</name>
         <load_address>0x10eee</load_address>
         <run_address>0x10eee</run_address>
         <size>0x1bf</size>
         <input_file_ref idref="fl-33"/>
      </object_component>
      <object_component id="oc-27">
         <name>.debug_info</name>
         <load_address>0x110ad</load_address>
         <run_address>0x110ad</run_address>
         <size>0x1b7</size>
         <input_file_ref idref="fl-35"/>
      </object_component>
      <object_component id="oc-23">
         <name>.debug_info</name>
         <load_address>0x11264</load_address>
         <run_address>0x11264</run_address>
         <size>0x20c</size>
         <input_file_ref idref="fl-36"/>
      </object_component>
      <object_component id="oc-234">
         <name>.debug_info</name>
         <load_address>0x11470</load_address>
         <run_address>0x11470</run_address>
         <size>0x19e</size>
         <input_file_ref idref="fl-37"/>
      </object_component>
      <object_component id="oc-1ae">
         <name>.debug_info</name>
         <load_address>0x1160e</load_address>
         <run_address>0x1160e</run_address>
         <size>0x1a9</size>
         <input_file_ref idref="fl-37"/>
      </object_component>
      <object_component id="oc-237">
         <name>.debug_info</name>
         <load_address>0x117b7</load_address>
         <run_address>0x117b7</run_address>
         <size>0x107</size>
         <input_file_ref idref="fl-38"/>
      </object_component>
      <object_component id="oc-2b3">
         <name>.debug_info</name>
         <load_address>0x118be</load_address>
         <run_address>0x118be</run_address>
         <size>0x10b</size>
         <input_file_ref idref="fl-38"/>
      </object_component>
      <object_component id="oc-272">
         <name>.debug_info</name>
         <load_address>0x119c9</load_address>
         <run_address>0x119c9</run_address>
         <size>0x203</size>
         <input_file_ref idref="fl-38"/>
      </object_component>
      <object_component id="oc-1a9">
         <name>.debug_info</name>
         <load_address>0x11bcc</load_address>
         <run_address>0x11bcc</run_address>
         <size>0x15d</size>
         <input_file_ref idref="fl-39"/>
      </object_component>
      <object_component id="oc-43">
         <name>.debug_info</name>
         <load_address>0x11d29</load_address>
         <run_address>0x11d29</run_address>
         <size>0x19b</size>
         <input_file_ref idref="fl-3c"/>
      </object_component>
      <object_component id="oc-256">
         <name>.debug_info</name>
         <load_address>0x11ec4</load_address>
         <run_address>0x11ec4</run_address>
         <size>0x147</size>
         <input_file_ref idref="fl-3d"/>
      </object_component>
      <object_component id="oc-311">
         <name>.debug_info</name>
         <load_address>0x1200b</load_address>
         <run_address>0x1200b</run_address>
         <size>0xac</size>
      </object_component>
      <object_component id="oc-11c">
         <name>.debug_line</name>
         <load_address>0x0</load_address>
         <run_address>0x0</run_address>
         <size>0x2e</size>
         <input_file_ref idref="fl-3"/>
      </object_component>
      <object_component id="oc-34">
         <name>.debug_line</name>
         <load_address>0x2e</load_address>
         <run_address>0x2e</run_address>
         <size>0x844</size>
         <input_file_ref idref="fl-3"/>
      </object_component>
      <object_component id="oc-3d">
         <name>.debug_line</name>
         <load_address>0x872</load_address>
         <run_address>0x872</run_address>
         <size>0xe0</size>
         <input_file_ref idref="fl-3"/>
      </object_component>
      <object_component id="oc-194">
         <name>.debug_line</name>
         <load_address>0x952</load_address>
         <run_address>0x952</run_address>
         <size>0x281</size>
         <input_file_ref idref="fl-3"/>
      </object_component>
      <object_component id="oc-1ef">
         <name>.debug_line</name>
         <load_address>0xbd3</load_address>
         <run_address>0xbd3</run_address>
         <size>0x34</size>
         <input_file_ref idref="fl-4"/>
      </object_component>
      <object_component id="oc-1f1">
         <name>.debug_line</name>
         <load_address>0xc07</load_address>
         <run_address>0xc07</run_address>
         <size>0x34</size>
         <input_file_ref idref="fl-4"/>
      </object_component>
      <object_component id="oc-d1">
         <name>.debug_line</name>
         <load_address>0xc3b</load_address>
         <run_address>0xc3b</run_address>
         <size>0x542</size>
         <input_file_ref idref="fl-4"/>
      </object_component>
      <object_component id="oc-1f5">
         <name>.debug_line</name>
         <load_address>0x117d</load_address>
         <run_address>0x117d</run_address>
         <size>0xde</size>
         <input_file_ref idref="fl-4"/>
      </object_component>
      <object_component id="oc-114">
         <name>.debug_line</name>
         <load_address>0x125b</load_address>
         <run_address>0x125b</run_address>
         <size>0x2d</size>
         <input_file_ref idref="fl-5"/>
      </object_component>
      <object_component id="oc-8a">
         <name>.debug_line</name>
         <load_address>0x1288</load_address>
         <run_address>0x1288</run_address>
         <size>0x6d</size>
         <input_file_ref idref="fl-5"/>
      </object_component>
      <object_component id="oc-1ba">
         <name>.debug_line</name>
         <load_address>0x12f5</load_address>
         <run_address>0x12f5</run_address>
         <size>0x39</size>
         <input_file_ref idref="fl-5"/>
      </object_component>
      <object_component id="oc-102">
         <name>.debug_line</name>
         <load_address>0x132e</load_address>
         <run_address>0x132e</run_address>
         <size>0x33</size>
         <input_file_ref idref="fl-8"/>
      </object_component>
      <object_component id="oc-7e">
         <name>.debug_line</name>
         <load_address>0x1361</load_address>
         <run_address>0x1361</run_address>
         <size>0xa4</size>
         <input_file_ref idref="fl-8"/>
      </object_component>
      <object_component id="oc-1b3">
         <name>.debug_line</name>
         <load_address>0x1405</load_address>
         <run_address>0x1405</run_address>
         <size>0xce</size>
         <input_file_ref idref="fl-8"/>
      </object_component>
      <object_component id="oc-2f">
         <name>.debug_line</name>
         <load_address>0x14d3</load_address>
         <run_address>0x14d3</run_address>
         <size>0x55</size>
         <input_file_ref idref="fl-9"/>
      </object_component>
      <object_component id="oc-57">
         <name>.debug_line</name>
         <load_address>0x1528</load_address>
         <run_address>0x1528</run_address>
         <size>0x5d</size>
         <input_file_ref idref="fl-9"/>
      </object_component>
      <object_component id="oc-1d5">
         <name>.debug_line</name>
         <load_address>0x1585</load_address>
         <run_address>0x1585</run_address>
         <size>0x37</size>
         <input_file_ref idref="fl-a"/>
      </object_component>
      <object_component id="oc-a0">
         <name>.debug_line</name>
         <load_address>0x15bc</load_address>
         <run_address>0x15bc</run_address>
         <size>0x442</size>
         <input_file_ref idref="fl-a"/>
      </object_component>
      <object_component id="oc-1d7">
         <name>.debug_line</name>
         <load_address>0x19fe</load_address>
         <run_address>0x19fe</run_address>
         <size>0xdf</size>
         <input_file_ref idref="fl-a"/>
      </object_component>
      <object_component id="oc-18e">
         <name>.debug_line</name>
         <load_address>0x1add</load_address>
         <run_address>0x1add</run_address>
         <size>0xb0</size>
         <input_file_ref idref="fl-13"/>
      </object_component>
      <object_component id="oc-e1">
         <name>.debug_line</name>
         <load_address>0x1b8d</load_address>
         <run_address>0x1b8d</run_address>
         <size>0x127</size>
         <input_file_ref idref="fl-13"/>
      </object_component>
      <object_component id="oc-1fa">
         <name>.debug_line</name>
         <load_address>0x1cb4</load_address>
         <run_address>0x1cb4</run_address>
         <size>0x115</size>
         <input_file_ref idref="fl-13"/>
      </object_component>
      <object_component id="oc-140">
         <name>.debug_line</name>
         <load_address>0x1dc9</load_address>
         <run_address>0x1dc9</run_address>
         <size>0xb1</size>
         <input_file_ref idref="fl-14"/>
      </object_component>
      <object_component id="oc-ae">
         <name>.debug_line</name>
         <load_address>0x1e7a</load_address>
         <run_address>0x1e7a</run_address>
         <size>0xbb</size>
         <input_file_ref idref="fl-14"/>
      </object_component>
      <object_component id="oc-b5">
         <name>.debug_line</name>
         <load_address>0x1f35</load_address>
         <run_address>0x1f35</run_address>
         <size>0xca</size>
         <input_file_ref idref="fl-14"/>
      </object_component>
      <object_component id="oc-c1">
         <name>.debug_line</name>
         <load_address>0x1fff</load_address>
         <run_address>0x1fff</run_address>
         <size>0xb8</size>
         <input_file_ref idref="fl-14"/>
      </object_component>
      <object_component id="oc-ba">
         <name>.debug_line</name>
         <load_address>0x20b7</load_address>
         <run_address>0x20b7</run_address>
         <size>0xb8</size>
         <input_file_ref idref="fl-14"/>
      </object_component>
      <object_component id="oc-a9">
         <name>.debug_line</name>
         <load_address>0x216f</load_address>
         <run_address>0x216f</run_address>
         <size>0xb8</size>
         <input_file_ref idref="fl-14"/>
      </object_component>
      <object_component id="oc-1da">
         <name>.debug_line</name>
         <load_address>0x2227</load_address>
         <run_address>0x2227</run_address>
         <size>0x116</size>
         <input_file_ref idref="fl-14"/>
      </object_component>
      <object_component id="oc-186">
         <name>.debug_line</name>
         <load_address>0x233d</load_address>
         <run_address>0x233d</run_address>
         <size>0xb6</size>
         <input_file_ref idref="fl-15"/>
      </object_component>
      <object_component id="oc-14b">
         <name>.debug_line</name>
         <load_address>0x23f3</load_address>
         <run_address>0x23f3</run_address>
         <size>0xb6</size>
         <input_file_ref idref="fl-15"/>
      </object_component>
      <object_component id="oc-153">
         <name>.debug_line</name>
         <load_address>0x24a9</load_address>
         <run_address>0x24a9</run_address>
         <size>0xbc</size>
         <input_file_ref idref="fl-15"/>
      </object_component>
      <object_component id="oc-160">
         <name>.debug_line</name>
         <load_address>0x2565</load_address>
         <run_address>0x2565</run_address>
         <size>0xb4</size>
         <input_file_ref idref="fl-15"/>
      </object_component>
      <object_component id="oc-15a">
         <name>.debug_line</name>
         <load_address>0x2619</load_address>
         <run_address>0x2619</run_address>
         <size>0xb4</size>
         <input_file_ref idref="fl-15"/>
      </object_component>
      <object_component id="oc-c9">
         <name>.debug_line</name>
         <load_address>0x26cd</load_address>
         <run_address>0x26cd</run_address>
         <size>0xd1</size>
         <input_file_ref idref="fl-15"/>
      </object_component>
      <object_component id="oc-ce">
         <name>.debug_line</name>
         <load_address>0x279e</load_address>
         <run_address>0x279e</run_address>
         <size>0xca</size>
         <input_file_ref idref="fl-15"/>
      </object_component>
      <object_component id="oc-db">
         <name>.debug_line</name>
         <load_address>0x2868</load_address>
         <run_address>0x2868</run_address>
         <size>0xca</size>
         <input_file_ref idref="fl-15"/>
      </object_component>
      <object_component id="oc-1df">
         <name>.debug_line</name>
         <load_address>0x2932</load_address>
         <run_address>0x2932</run_address>
         <size>0x21</size>
         <input_file_ref idref="fl-15"/>
      </object_component>
      <object_component id="oc-1e9">
         <name>.debug_line</name>
         <load_address>0x2953</load_address>
         <run_address>0x2953</run_address>
         <size>0xb0</size>
         <input_file_ref idref="fl-16"/>
      </object_component>
      <object_component id="oc-169">
         <name>.debug_line</name>
         <load_address>0x2a03</load_address>
         <run_address>0x2a03</run_address>
         <size>0xb9</size>
         <input_file_ref idref="fl-16"/>
      </object_component>
      <object_component id="oc-16b">
         <name>.debug_line</name>
         <load_address>0x2abc</load_address>
         <run_address>0x2abc</run_address>
         <size>0xb4</size>
         <input_file_ref idref="fl-16"/>
      </object_component>
      <object_component id="oc-24f">
         <name>.debug_line</name>
         <load_address>0x2b70</load_address>
         <run_address>0x2b70</run_address>
         <size>0x115</size>
         <input_file_ref idref="fl-16"/>
      </object_component>
      <object_component id="oc-1cf">
         <name>.debug_line</name>
         <load_address>0x2c85</load_address>
         <run_address>0x2c85</run_address>
         <size>0xb6</size>
         <input_file_ref idref="fl-17"/>
      </object_component>
      <object_component id="oc-1c4">
         <name>.debug_line</name>
         <load_address>0x2d3b</load_address>
         <run_address>0x2d3b</run_address>
         <size>0xb3</size>
         <input_file_ref idref="fl-17"/>
      </object_component>
      <object_component id="oc-2a8">
         <name>.debug_line</name>
         <load_address>0x2dee</load_address>
         <run_address>0x2dee</run_address>
         <size>0xb5</size>
         <input_file_ref idref="fl-17"/>
      </object_component>
      <object_component id="oc-2ba">
         <name>.debug_line</name>
         <load_address>0x2ea3</load_address>
         <run_address>0x2ea3</run_address>
         <size>0xb5</size>
         <input_file_ref idref="fl-17"/>
      </object_component>
      <object_component id="oc-297">
         <name>.debug_line</name>
         <load_address>0x2f58</load_address>
         <run_address>0x2f58</run_address>
         <size>0xb6</size>
         <input_file_ref idref="fl-17"/>
      </object_component>
      <object_component id="oc-27f">
         <name>.debug_line</name>
         <load_address>0x300e</load_address>
         <run_address>0x300e</run_address>
         <size>0xb6</size>
         <input_file_ref idref="fl-17"/>
      </object_component>
      <object_component id="oc-285">
         <name>.debug_line</name>
         <load_address>0x30c4</load_address>
         <run_address>0x30c4</run_address>
         <size>0xb6</size>
         <input_file_ref idref="fl-17"/>
      </object_component>
      <object_component id="oc-299">
         <name>.debug_line</name>
         <load_address>0x317a</load_address>
         <run_address>0x317a</run_address>
         <size>0xb7</size>
         <input_file_ref idref="fl-17"/>
      </object_component>
      <object_component id="oc-287">
         <name>.debug_line</name>
         <load_address>0x3231</load_address>
         <run_address>0x3231</run_address>
         <size>0xb6</size>
         <input_file_ref idref="fl-17"/>
      </object_component>
      <object_component id="oc-2c7">
         <name>.debug_line</name>
         <load_address>0x32e7</load_address>
         <run_address>0x32e7</run_address>
         <size>0xb6</size>
         <input_file_ref idref="fl-17"/>
      </object_component>
      <object_component id="oc-28d">
         <name>.debug_line</name>
         <load_address>0x339d</load_address>
         <run_address>0x339d</run_address>
         <size>0xbe</size>
         <input_file_ref idref="fl-17"/>
      </object_component>
      <object_component id="oc-2a2">
         <name>.debug_line</name>
         <load_address>0x345b</load_address>
         <run_address>0x345b</run_address>
         <size>0xc3</size>
         <input_file_ref idref="fl-17"/>
      </object_component>
      <object_component id="oc-12e">
         <name>.debug_line</name>
         <load_address>0x351e</load_address>
         <run_address>0x351e</run_address>
         <size>0xcd</size>
         <input_file_ref idref="fl-17"/>
      </object_component>
      <object_component id="oc-128">
         <name>.debug_line</name>
         <load_address>0x35eb</load_address>
         <run_address>0x35eb</run_address>
         <size>0x1b7</size>
         <input_file_ref idref="fl-17"/>
      </object_component>
      <object_component id="oc-24a">
         <name>.debug_line</name>
         <load_address>0x37a2</load_address>
         <run_address>0x37a2</run_address>
         <size>0xe2</size>
         <input_file_ref idref="fl-17"/>
      </object_component>
      <object_component id="oc-1ca">
         <name>.debug_line</name>
         <load_address>0x3884</load_address>
         <run_address>0x3884</run_address>
         <size>0xd1</size>
         <input_file_ref idref="fl-17"/>
      </object_component>
      <object_component id="oc-132">
         <name>.debug_line</name>
         <load_address>0x3955</load_address>
         <run_address>0x3955</run_address>
         <size>0xba</size>
         <input_file_ref idref="fl-17"/>
      </object_component>
      <object_component id="oc-11e">
         <name>.debug_line</name>
         <load_address>0x3a0f</load_address>
         <run_address>0x3a0f</run_address>
         <size>0xe0</size>
         <input_file_ref idref="fl-17"/>
      </object_component>
      <object_component id="oc-242">
         <name>.debug_line</name>
         <load_address>0x3aef</load_address>
         <run_address>0x3aef</run_address>
         <size>0x196</size>
         <input_file_ref idref="fl-17"/>
      </object_component>
      <object_component id="oc-10b">
         <name>.debug_line</name>
         <load_address>0x3c85</load_address>
         <run_address>0x3c85</run_address>
         <size>0x51</size>
         <input_file_ref idref="fl-23"/>
      </object_component>
      <object_component id="oc-23c">
         <name>.debug_line</name>
         <load_address>0x3cd6</load_address>
         <run_address>0x3cd6</run_address>
         <size>0x21</size>
         <input_file_ref idref="fl-23"/>
      </object_component>
      <object_component id="oc-110">
         <name>.debug_line</name>
         <load_address>0x3cf7</load_address>
         <run_address>0x3cf7</run_address>
         <size>0x61</size>
         <input_file_ref idref="fl-24"/>
      </object_component>
      <object_component id="oc-23f">
         <name>.debug_line</name>
         <load_address>0x3d58</load_address>
         <run_address>0x3d58</run_address>
         <size>0x21</size>
         <input_file_ref idref="fl-24"/>
      </object_component>
      <object_component id="oc-f7">
         <name>.debug_line</name>
         <load_address>0x3d79</load_address>
         <run_address>0x3d79</run_address>
         <size>0x4f</size>
         <input_file_ref idref="fl-25"/>
      </object_component>
      <object_component id="oc-6a">
         <name>.debug_line</name>
         <load_address>0x3dc8</load_address>
         <run_address>0x3dc8</run_address>
         <size>0xc5</size>
         <input_file_ref idref="fl-26"/>
      </object_component>
      <object_component id="oc-8d">
         <name>.debug_line</name>
         <load_address>0x3e8d</load_address>
         <run_address>0x3e8d</run_address>
         <size>0x61</size>
         <input_file_ref idref="fl-27"/>
      </object_component>
      <object_component id="oc-62">
         <name>.debug_line</name>
         <load_address>0x3eee</load_address>
         <run_address>0x3eee</run_address>
         <size>0xa3</size>
         <input_file_ref idref="fl-28"/>
      </object_component>
      <object_component id="oc-74">
         <name>.debug_line</name>
         <load_address>0x3f91</load_address>
         <run_address>0x3f91</run_address>
         <size>0x4a</size>
         <input_file_ref idref="fl-29"/>
      </object_component>
      <object_component id="oc-92">
         <name>.debug_line</name>
         <load_address>0x3fdb</load_address>
         <run_address>0x3fdb</run_address>
         <size>0x55</size>
         <input_file_ref idref="fl-2a"/>
      </object_component>
      <object_component id="oc-9a">
         <name>.debug_line</name>
         <load_address>0x4030</load_address>
         <run_address>0x4030</run_address>
         <size>0xae</size>
         <input_file_ref idref="fl-2b"/>
      </object_component>
      <object_component id="oc-7c">
         <name>.debug_line</name>
         <load_address>0x40de</load_address>
         <run_address>0x40de</run_address>
         <size>0x58</size>
         <input_file_ref idref="fl-2d"/>
      </object_component>
      <object_component id="oc-17f">
         <name>.debug_line</name>
         <load_address>0x4136</load_address>
         <run_address>0x4136</run_address>
         <size>0x6a</size>
         <input_file_ref idref="fl-2e"/>
      </object_component>
      <object_component id="oc-178">
         <name>.debug_line</name>
         <load_address>0x41a0</load_address>
         <run_address>0x41a0</run_address>
         <size>0x53</size>
         <input_file_ref idref="fl-2f"/>
      </object_component>
      <object_component id="oc-5f">
         <name>.debug_line</name>
         <load_address>0x41f3</load_address>
         <run_address>0x41f3</run_address>
         <size>0x59</size>
         <input_file_ref idref="fl-30"/>
      </object_component>
      <object_component id="oc-6c">
         <name>.debug_line</name>
         <load_address>0x424c</load_address>
         <run_address>0x424c</run_address>
         <size>0x5f</size>
         <input_file_ref idref="fl-31"/>
      </object_component>
      <object_component id="oc-1a1">
         <name>.debug_line</name>
         <load_address>0x42ab</load_address>
         <run_address>0x42ab</run_address>
         <size>0x3f</size>
         <input_file_ref idref="fl-32"/>
      </object_component>
      <object_component id="oc-252">
         <name>.debug_line</name>
         <load_address>0x42ea</load_address>
         <run_address>0x42ea</run_address>
         <size>0x21</size>
         <input_file_ref idref="fl-32"/>
      </object_component>
      <object_component id="oc-203">
         <name>.debug_line</name>
         <load_address>0x430b</load_address>
         <run_address>0x430b</run_address>
         <size>0x71</size>
         <input_file_ref idref="fl-33"/>
      </object_component>
      <object_component id="oc-2ae">
         <name>.debug_line</name>
         <load_address>0x437c</load_address>
         <run_address>0x437c</run_address>
         <size>0x21</size>
         <input_file_ref idref="fl-33"/>
      </object_component>
      <object_component id="oc-2a">
         <name>.debug_line</name>
         <load_address>0x439d</load_address>
         <run_address>0x439d</run_address>
         <size>0x57</size>
         <input_file_ref idref="fl-35"/>
      </object_component>
      <object_component id="oc-eb">
         <name>.debug_line</name>
         <load_address>0x43f4</load_address>
         <run_address>0x43f4</run_address>
         <size>0x21</size>
[...]
         <value>0xa9de</value>
         <object_component_ref idref="oc-9b"/>
      </symbol>
      <symbol id="sm-10b">
         <name>result6</name>
         <value>0xa9e0</value>
         <object_component_ref idref="oc-9b"/>
      </symbol>
      <symbol id="sm-10c">
         <name>set_volt</name>
         <value>0xa9f4</value>
         <object_component_ref idref="oc-9b"/>
      </symbol>
      <symbol id="sm-10d">
         <name>flag</name>
         <value>0xa9d1</value>
         <object_component_ref idref="oc-9b"/>
      </symbol>
      <symbol id="sm-10e">
         <name>bVhall</name>
         <value>0xa9e6</value>
         <object_component_ref idref="oc-9b"/>
      </symbol>
      <symbol id="sm-10f">
         <name>cVhall</name>
         <value>0xa9e8</value>
         <object_component_ref idref="oc-9b"/>
      </symbol>
      <symbol id="sm-110">
         <name>aVhall</name>
         <value>0xa9e4</value>
         <object_component_ref idref="oc-9b"/>
      </symbol>
      <symbol id="sm-161">
         <name>LCD_ShowNum</name>
         <value>0x82a1</value>
         <object_component_ref idref="oc-d0"/>
      </symbol>
      <symbol id="sm-162">
         <name>LCD_ShowFloat</name>
         <value>0x8362</value>
         <object_component_ref idref="oc-d0"/>
      </symbol>
      <symbol id="sm-163">
         <name>SPI_init</name>
         <value>0x8151</value>
         <object_component_ref idref="oc-d0"/>
      </symbol>
      <symbol id="sm-164">
         <name>write_chinese</name>
         <value>0x13000</value>
         <object_component_ref idref="oc-173"/>
      </symbol>
      <symbol id="sm-165">
         <name>board_init</name>
         <value>0x818c</value>
         <object_component_ref idref="oc-d0"/>
      </symbol>
      <symbol id="sm-166">
         <name>LCD_ShowChar</name>
         <value>0x8286</value>
         <object_component_ref idref="oc-d0"/>
      </symbol>
      <symbol id="sm-167">
         <name>LCD_set_XY</name>
         <value>0x81e8</value>
         <object_component_ref idref="oc-d0"/>
      </symbol>
      <symbol id="sm-168">
         <name>LCD_write_char</name>
         <value>0x81fe</value>
         <object_component_ref idref="oc-d0"/>
      </symbol>
      <symbol id="sm-169">
         <name>LCD_write_english_string</name>
         <value>0x8218</value>
         <object_component_ref idref="oc-d0"/>
      </symbol>
      <symbol id="sm-16a">
         <name>LCD_write_byte</name>
         <value>0x826b</value>
         <object_component_ref idref="oc-d0"/>
      </symbol>
      <symbol id="sm-16b">
         <name>LCD_mypow</name>
         <value>0x8291</value>
         <object_component_ref idref="oc-d0"/>
      </symbol>
      <symbol id="sm-16c">
         <name>LCD_GPIO_Init</name>
         <value>0x80d0</value>
         <object_component_ref idref="oc-d0"/>
      </symbol>
      <symbol id="sm-16d">
         <name>LCD_ShowSetFloat</name>
         <value>0x82d7</value>
         <object_component_ref idref="oc-d0"/>
      </symbol>
      <symbol id="sm-16e">
         <name>LCD_init</name>
         <value>0x8193</value>
         <object_component_ref idref="oc-d0"/>
      </symbol>
      <symbol id="sm-16f">
         <name>LCD_clear</name>
         <value>0x81cf</value>
         <object_component_ref idref="oc-d0"/>
      </symbol>
      <symbol id="sm-170">
         <name>LCD_ShowString</name>
         <value>0x83a5</value>
         <object_component_ref idref="oc-d0"/>
      </symbol>
      <symbol id="sm-171">
         <name>pinMux_init</name>
         <value>0x8118</value>
         <object_component_ref idref="oc-d0"/>
      </symbol>
      <symbol id="sm-172">
         <name>font6x8</name>
         <value>0x13240</value>
         <object_component_ref idref="oc-170"/>
      </symbol>
      <symbol id="sm-173">
         <name>show_adc_result</name>
         <value>0x83b7</value>
         <object_component_ref idref="oc-d0"/>
      </symbol>
      <symbol id="sm-174">
         <name>LCD_write_chinese_string</name>
         <value>0x822a</value>
         <object_component_ref idref="oc-d0"/>
      </symbol>
      <symbol id="sm-175">
         <name>show_warning2</name>
         <value>0x83f0</value>
         <object_component_ref idref="oc-d0"/>
      </symbol>
      <symbol id="sm-176">
         <name>show_warning3</name>
         <value>0x83ff</value>
         <object_component_ref idref="oc-d0"/>
      </symbol>
      <symbol id="sm-177">
         <name>show_warning1</name>
         <value>0x83e1</value>
         <object_component_ref idref="oc-d0"/>
      </symbol>
      <symbol id="sm-18d">
         <name>pidIq</name>
         <value>0xa840</value>
         <object_component_ref idref="oc-83"/>
      </symbol>
      <symbol id="sm-18e">
         <name>pidTheta</name>
         <value>0xa900</value>
         <object_component_ref idref="oc-83"/>
      </symbol>
      <symbol id="sm-18f">
         <name>pidId</name>
         <value>0xa800</value>
         <object_component_ref idref="oc-83"/>
      </symbol>
      <symbol id="sm-190">
         <name>pid_Init</name>
         <value>0x8623</value>
         <object_component_ref idref="oc-86"/>
      </symbol>
      <symbol id="sm-191">
         <name>PIDCalc</name>
         <value>0x869b</value>
         <object_component_ref idref="oc-86"/>
      </symbol>
      <symbol id="sm-192">
         <name>pidVq</name>
         <value>0xa8c0</value>
         <object_component_ref idref="oc-83"/>
      </symbol>
      <symbol id="sm-193">
         <name>pidVd</name>
         <value>0xa880</value>
         <object_component_ref idref="oc-83"/>
      </symbol>
      <symbol id="sm-1b1">
         <name>dutyRate_dq</name>
         <value>0xa980</value>
         <object_component_ref idref="oc-75"/>
      </symbol>
      <symbol id="sm-1b2">
         <name>parkTransformation</name>
         <value>0xb5e4</value>
         <object_component_ref idref="oc-7d"/>
      </symbol>
      <symbol id="sm-1b3">
         <name>p2refVolt</name>
         <value>0xa956</value>
         <object_component_ref idref="oc-75"/>
      </symbol>
      <symbol id="sm-1b4">
         <name>Ts</name>
         <value>0xa944</value>
         <object_component_ref idref="oc-75"/>
      </symbol>
      <symbol id="sm-1b5">
         <name>dutyRate_3Phase</name>
         <value>0xa9c0</value>
         <object_component_ref idref="oc-75"/>
      </symbol>
      <symbol id="sm-1b6">
         <name>dutyRate_2Phase</name>
         <value>0xa966</value>
         <object_component_ref idref="oc-75"/>
      </symbol>
      <symbol id="sm-1b7">
         <name>V_dq</name>
         <value>0xa96e</value>
         <object_component_ref idref="oc-75"/>
      </symbol>
      <symbol id="sm-1b8">
         <name>p3refVolt</name>
         <value>0xa9a0</value>
         <object_component_ref idref="oc-75"/>
      </symbol>
      <symbol id="sm-1b9">
         <name>k</name>
         <value>0xa940</value>
         <object_component_ref idref="oc-75"/>
      </symbol>
      <symbol id="sm-1ba">
         <name>f</name>
         <value>0xa942</value>
         <object_component_ref idref="oc-75"/>
      </symbol>
      <symbol id="sm-1bb">
         <name>invParkTransformation</name>
         <value>0xb6ab</value>
         <object_component_ref idref="oc-7d"/>
      </symbol>
      <symbol id="sm-1bc">
         <name>V_3Phase</name>
         <value>0xa994</value>
         <object_component_ref idref="oc-75"/>
      </symbol>
      <symbol id="sm-1bd">
         <name>V_2Phase</name>
         <value>0xa946</value>
         <object_component_ref idref="oc-75"/>
      </symbol>
      <symbol id="sm-1be">
         <name>I_dq</name>
         <value>0xa976</value>
         <object_component_ref idref="oc-75"/>
      </symbol>
      <symbol id="sm-1bf">
         <name>clarkTransformation</name>
         <value>0xb4e6</value>
         <object_component_ref idref="oc-7d"/>
      </symbol>
      <symbol id="sm-1c0">
         <name>I_3Phase</name>
         <value>0xa988</value>
         <object_component_ref idref="oc-75"/>
      </symbol>
      <symbol id="sm-1c1">
         <name>I_2Phase</name>
         <value>0xa94e</value>
         <object_component_ref idref="oc-75"/>
      </symbol>
      <symbol id="sm-1c2">
         <name>p2refCurrent</name>
         <value>0xa95e</value>
         <object_component_ref idref="oc-75"/>
      </symbol>
      <symbol id="sm-1c3">
         <name>p3refCurrent</name>
         <value>0xa9ac</value>
         <object_component_ref idref="oc-75"/>
      </symbol>
      <symbol id="sm-1c4">
         <name>invClarkTransformation</name>
         <value>0xb563</value>
         <object_component_ref idref="oc-7d"/>
      </symbol>
      <symbol id="sm-1d3">
         <name>code_start</name>
         <value>0x0</value>
         <object_component_ref idref="oc-2d"/>
      </symbol>
      <symbol id="sm-205">
         <name>Device_enableAllPeripherals</name>
         <value>0x88eb</value>
         <object_component_ref idref="oc-9f"/>
      </symbol>
      <symbol id="sm-206">
         <name>Device_initGPIO</name>
         <value>0x89d6</value>
         <object_component_ref idref="oc-9f"/>
      </symbol>
      <symbol id="sm-207">
         <name>Example_Fail</name>
         <value>0xa92c</value>
         <object_component_ref idref="oc-136"/>
      </symbol>
      <symbol id="sm-208">
         <name>Example_setResultFail</name>
         <value>0x8bfe</value>
         <object_component_ref idref="oc-9f"/>
      </symbol>
      <symbol id="sm-209">
         <name>Device_bootCPU2</name>
         <value>0x8a78</value>
         <object_component_ref idref="oc-9f"/>
      </symbol>
      <symbol id="sm-20a">
         <name>Device_init</name>
         <value>0x88ab</value>
         <object_component_ref idref="oc-9f"/>
      </symbol>
      <symbol id="sm-20b">
         <name>Example_Result</name>
         <value>0xa928</value>
         <object_component_ref idref="oc-136"/>
      </symbol>
      <symbol id="sm-20c">
         <name>Device_enableUnbondedGPIOPullups</name>
         <value>0x8a31</value>
         <object_component_ref idref="oc-9f"/>
      </symbol>
      <symbol id="sm-20d">
         <name>__error__</name>
         <value>0x8bf2</value>
         <object_component_ref idref="oc-9f"/>
      </symbol>
      <symbol id="sm-20e">
         <name>Example_setResultPass</name>
         <value>0x8bf9</value>
         <object_component_ref idref="oc-9f"/>
      </symbol>
      <symbol id="sm-20f">
         <name>Device_configureTMXAnalogTrim</name>
         <value>0x8a47</value>
         <object_component_ref idref="oc-9f"/>
      </symbol>
      <symbol id="sm-210">
         <name>Device_enableUnbondedGPIOPullupsFor176Pin</name>
         <value>0x89f7</value>
         <object_component_ref idref="oc-9f"/>
      </symbol>
      <symbol id="sm-211">
         <name>Example_done</name>
         <value>0x8c03</value>
         <object_component_ref idref="oc-9f"/>
      </symbol>
      <symbol id="sm-212">
         <name>Example_PassCount</name>
         <value>0xa92a</value>
         <object_component_ref idref="oc-136"/>
      </symbol>
      <symbol id="sm-213">
         <name>Device_enableUnbondedGPIOPullupsFor100Pin</name>
         <value>0x8a0e</value>
         <object_component_ref idref="oc-9f"/>
      </symbol>
      <symbol id="sm-23e">
         <name>ADC_setMode</name>
         <value>0x8726</value>
         <object_component_ref idref="oc-dc"/>
      </symbol>
      <symbol id="sm-280">
         <name>GPIO_setQualificationMode</name>
         <value>0x9089</value>
         <object_component_ref idref="oc-be"/>
      </symbol>
      <symbol id="sm-281">
         <name>GPIO_setPadConfig</name>
         <value>0x8f66</value>
         <object_component_ref idref="oc-b2"/>
      </symbol>
      <symbol id="sm-282">
         <name>GPIO_setDirectionMode</name>
         <value>0x915f</value>
         <object_component_ref idref="oc-ac"/>
      </symbol>
      <symbol id="sm-283">
         <name>GPIO_setPinConfig</name>
         <value>0x90c1</value>
         <object_component_ref idref="oc-a6"/>
      </symbol>
      <symbol id="sm-284">
         <name>GPIO_setMasterCore</name>
         <value>0x9051</value>
         <object_component_ref idref="oc-b8"/>
      </symbol>
      <symbol id="sm-2d6">
         <name>Interrupt_initModule</name>
         <value>0x8fb8</value>
         <object_component_ref idref="oc-c4"/>
      </symbol>
      <symbol id="sm-2d7">
         <name>Interrupt_enable</name>
         <value>0x90f8</value>
         <object_component_ref idref="oc-d6"/>
      </symbol>
      <symbol id="sm-2d8">
         <name>Interrupt_initVectorTable</name>
         <value>0x92c8</value>
         <object_component_ref idref="oc-ca"/>
      </symbol>
      <symbol id="sm-301">
         <name>SPI_setBaudRate</name>
         <value>0x912c</value>
         <object_component_ref idref="oc-16a"/>
      </symbol>
      <symbol id="sm-302">
         <name>SPI_setConfig</name>
         <value>0x8e5d</value>
         <object_component_ref idref="oc-164"/>
      </symbol>
      <symbol id="sm-3de">
         <name>SysCtl_delay</name>
         <value>0x123</value>
         <object_component_ref idref="oc-a5"/>
      </symbol>
      <symbol id="sm-3df">
         <name>SysCtl_getDeviceParametric</name>
         <value>0x8d92</value>
         <object_component_ref idref="oc-11d"/>
      </symbol>
      <symbol id="sm-3e0">
         <name>SysCtl_selectXTAL</name>
         <value>0x8d23</value>
         <object_component_ref idref="oc-245"/>
      </symbol>
      <symbol id="sm-3e1">
         <name>SysCtl_selectOscSource</name>
         <value>0x8f12</value>
         <object_component_ref idref="oc-1c5"/>
      </symbol>
      <symbol id="sm-3e2">
         <name>SysCtl_getLowSpeedClock</name>
         <value>0x9374</value>
         <object_component_ref idref="oc-130"/>
      </symbol>
      <symbol id="sm-3e3">
         <name>SysCtl_setClock</name>
         <value>0x840e</value>
         <object_component_ref idref="oc-123"/>
      </symbol>
      <symbol id="sm-3e4">
         <name>SysCtl_getClock</name>
         <value>0x9000</value>
         <object_component_ref idref="oc-129"/>
      </symbol>
      <symbol id="sm-3f3">
         <name>cosf</name>
         <value>0x8dfa</value>
         <object_component_ref idref="oc-106"/>
      </symbol>
      <symbol id="sm-401">
         <name>sinf</name>
         <value>0x8eb9</value>
         <object_component_ref idref="oc-10c"/>
      </symbol>
      <symbol id="sm-40b">
         <name>_c_int00</name>
         <value>0x93da</value>
         <object_component_ref idref="oc-f6"/>
      </symbol>
      <symbol id="sm-40c">
         <name>__stack</name>
         <value>0x400</value>
         <object_component_ref idref="oc-3e"/>
      </symbol>
      <symbol id="sm-423">
         <name>__c28xabi_addd</name>
         <value>0x8c04</value>
         <object_component_ref idref="oc-66"/>
      </symbol>
      <symbol id="sm-42f">
         <name>__c28xabi_cmpd</name>
         <value>0x91ec</value>
         <object_component_ref idref="oc-8c"/>
      </symbol>
      <symbol id="sm-43d">
         <name>__c28xabi_mpyd</name>
         <value>0x8ca0</value>
         <object_component_ref idref="oc-61"/>
      </symbol>
      <symbol id="sm-445">
         <name>__c28xabi_subd</name>
         <value>0x9455</value>
         <object_component_ref idref="oc-70"/>
      </symbol>
      <symbol id="sm-450">
         <name>__c28xabi_dtou</name>
         <value>0x938e</value>
         <object_component_ref idref="oc-91"/>
      </symbol>
      <symbol id="sm-45d">
         <name>__c28xabi_divf</name>
         <value>0xb770</value>
         <object_component_ref idref="oc-96"/>
      </symbol>
      <symbol id="sm-46a">
         <name>__c28xabi_itod</name>
         <value>0x87e3</value>
         <object_component_ref idref="oc-78"/>
      </symbol>
      <symbol id="sm-474">
         <name>__c28xabi_modi</name>
         <value>0x9297</value>
         <object_component_ref idref="oc-17b"/>
      </symbol>
      <symbol id="sm-475">
         <name>__c28xabi_divi</name>
         <value>0x9286</value>
         <object_component_ref idref="oc-17b"/>
      </symbol>
      <symbol id="sm-47d">
         <name>__c28xabi_modu</name>
         <value>0x948e</value>
         <object_component_ref idref="oc-176"/>
      </symbol>
      <symbol id="sm-47e">
         <name>__c28xabi_divu</name>
         <value>0x9489</value>
         <object_component_ref idref="oc-176"/>
      </symbol>
      <symbol id="sm-48a">
         <name>__c28xabi_ftod</name>
         <value>0x9324</value>
         <object_component_ref idref="oc-5b"/>
      </symbol>
      <symbol id="sm-496">
         <name>__c28xabi_dtof</name>
         <value>0x9263</value>
         <object_component_ref idref="oc-6b"/>
      </symbol>
      <symbol id="sm-4a3">
         <name>_system_pre_init</name>
         <value>0x94b9</value>
         <object_component_ref idref="oc-19e"/>
      </symbol>
      <symbol id="sm-4b2">
         <name>__TI_auto_init_nobinit_nopinit</name>
         <value>0x91c1</value>
         <object_component_ref idref="oc-201"/>
      </symbol>
      <symbol id="sm-4c0">
         <name>__TI_decompress_none</name>
         <value>0x94a6</value>
         <object_component_ref idref="oc-26"/>
      </symbol>
      <symbol id="sm-4d4">
         <name>__TI_decompress_lzss</name>
         <value>0x9190</value>
         <object_component_ref idref="oc-20"/>
      </symbol>
      <symbol id="sm-4ea">
         <name>C$$EXIT</name>
         <value>0x9216</value>
         <object_component_ref idref="oc-1ab"/>
      </symbol>
      <symbol id="sm-4eb">
         <name>abort</name>
         <value>0x9216</value>
         <object_component_ref idref="oc-1ab"/>
      </symbol>
      <symbol id="sm-4ec">
         <name>exit</name>
         <value>0x9218</value>
         <object_component_ref idref="oc-1ab"/>
      </symbol>
      <symbol id="sm-4ed">
         <name>__TI_dtors_ptr</name>
         <value>0xa932</value>
         <object_component_ref idref="oc-233"/>
      </symbol>
      <symbol id="sm-4ee">
         <name>__TI_cleanup_ptr</name>
         <value>0xa930</value>
         <object_component_ref idref="oc-233"/>
      </symbol>
      <symbol id="sm-4ef">
         <name>__TI_enable_exit_profile_output</name>
         <value>0xa92e</value>
         <object_component_ref idref="oc-233"/>
      </symbol>
      <symbol id="sm-506">
         <name>_nop</name>
         <value>0x94a5</value>
         <object_component_ref idref="oc-26e"/>
      </symbol>
      <symbol id="sm-507">
         <name>_lock</name>
         <value>0xa934</value>
         <object_component_ref idref="oc-236"/>
      </symbol>
      <symbol id="sm-508">
         <name>_unlock</name>
         <value>0xa936</value>
         <object_component_ref idref="oc-2b2"/>
      </symbol>
      <symbol id="sm-509">
         <name>_register_lock</name>
         <value>0x94a1</value>
         <object_component_ref idref="oc-26e"/>
      </symbol>
      <symbol id="sm-50a">
         <name>_register_unlock</name>
         <value>0x949d</value>
         <object_component_ref idref="oc-26e"/>
      </symbol>
      <symbol id="sm-519">
         <name>_args_main</name>
         <value>0x947d</value>
         <object_component_ref idref="oc-1a5"/>
      </symbol>
      <symbol id="sm-52d">
         <name>memcpy</name>
         <value>0x9307</value>
         <object_component_ref idref="oc-41"/>
      </symbol>
      <symbol id="sm-53a">
         <name>_system_post_cinit</name>
         <value>0x94bb</value>
         <object_component_ref idref="oc-254"/>
      </symbol>
      <symbol id="sm-53c">
         <name>__c_args__</name>
         <value>0x0</value>
      </symbol>
   </symbol_table>
   <title>Link successful</title>
</link_info>
